 podbot_mm

 Timestamp is 5b38c84f (Sun Jul  1 13:25:51 2018)

 Preferred load address is 10000000

 Start         Length     Name                   Class
 0001:00000000 00000850H .text$di                CODE
 0001:00000850 0006b4c0H .text$mn                CODE
 0001:0006bd10 000000d4H .text$x                 CODE
 0002:00000000 00000128H .idata$5                DATA
 0002:00000128 00000004H .00cfg                  DATA
 0002:0000012c 00000004H .CRT$XCA                DATA
 0002:00000130 00000024H .CRT$XCU                DATA
 0002:00000154 00000004H .CRT$XCZ                DATA
 0002:00000158 00000004H .CRT$XIA                DATA
 0002:0000015c 00000010H .CRT$XIC                DATA
 0002:0000016c 00000004H .CRT$XIZ                DATA
 0002:00000170 00000004H .CRT$XLA                DATA
 0002:00000174 00000004H .CRT$XLZ                DATA
 0002:00000178 00000004H .CRT$XPA                DATA
 0002:0000017c 00000008H .CRT$XPX                DATA
 0002:00000184 00000004H .CRT$XPXA               DATA
 0002:00000188 00000004H .CRT$XPZ                DATA
 0002:0000018c 00000004H .CRT$XTA                DATA
 0002:00000190 00000010H .CRT$XTZ                DATA
 0002:00000194 00000000H .gfids$y                DATA
 0002:000001a0 00014c80H .rdata                  DATA
 0002:00014e20 00000018H .rdata$T                DATA
 0002:00014e38 00000218H .rdata$r                DATA
 0002:00015050 00000028H .rdata$sxdata           DATA
 0002:00015078 00000330H .rdata$zzzdbg           DATA
 0002:000153a8 00000004H .rtc$IAA                DATA
 0002:000153ac 00000004H .rtc$IZZ                DATA
 0002:000153b0 00000004H .rtc$TAA                DATA
 0002:000153b4 00000004H .rtc$TZZ                DATA
 0002:000153b8 00000004H .tls                    DATA
 0002:000153bc 00000004H .tls$                   DATA
 0002:000153c0 00000008H .tls$ZZZ                DATA
 0002:000153c8 00000878H .xdata$x                DATA
 0002:00015c40 00000124H .edata                  DATA
 0002:00015d64 00000014H .idata$2                DATA
 0002:00015d78 00000014H .idata$3                DATA
 0002:00015d8c 00000128H .idata$4                DATA
 0002:00015eb4 00000540H .idata$6                DATA
 0003:00000000 000054d0H .data                   DATA
 0003:000054d0 000000d8H .data$r                 DATA
 0003:000055a8 00089cf8H .bss                    DATA
 0004:00000000 00000060H .rsrc$01                DATA
 0004:00000060 00000338H .rsrc$02                DATA

  Address         Publics by Value              Rva+Base       Lib:Object

 0000:00000000       ___enclave_config          00000000     <absolute>
 0000:00000000       __except_list              00000000     <absolute>
 0000:00000000       ___guard_fids_count        00000000     <absolute>
 0000:00000000       ___guard_longjmp_count     00000000     <absolute>
 0000:00000000       ___hybrid_code_map         00000000     <absolute>
 0000:00000000       ___guard_longjmp_table     00000000     <absolute>
 0000:00000000       ___guard_iat_table         00000000     <absolute>
 0000:00000000       ___guard_iat_count         00000000     <absolute>
 0000:00000000       ___hybrid_auxiliary_iat    00000000     <absolute>
 0000:00000000       ___dynamic_value_reloc_table 00000000     <absolute>
 0000:00000000       ___guard_fids_table        00000000     <absolute>
 0000:00000000       ___hybrid_code_map_count   00000000     <absolute>
 0000:0000000a       ___safe_se_handler_count   0000000a     <absolute>
 0000:0000002c       __tls_array                0000002c     <absolute>
 0000:00000100       ___guard_flags             00000100     <absolute>
 0000:00000000       ___ImageBase               10000000     <linker-defined>
 0001:00000850       ??$RecursiveLightPoint@UGL_mnode_t@@UGL_msurface_t@@@Light@@YA?B_NQBUGL_mnode_t@@ABVVector@@1@Z 10001850 f i bot.obj
 0001:00000b50       ??$RecursiveLightPoint@Umnode_s@@Umsurface_s@@@Light@@YA?B_NQBUmnode_s@@ABVVector@@1@Z 10001b50 f i bot.obj
 0001:00000e60       ??0Vector@@QAE@ABV0@@Z     10001e60 f i bot.obj
 0001:00000e90       ??8Vector@@QBEHABV0@@Z     10001e90 f i bot.obj
 0001:00000ed0       ?BotBuyStuff@@YAXPAUbot_t@@@Z 10001ed0 f   bot.obj
 0001:00001990       ?BotChangePitch@@YAXPAUbot_t@@M@Z 10002990 f   bot.obj
 0001:00001ae0       ?BotChangeYaw@@YAXPAUbot_t@@M@Z 10002ae0 f   bot.obj
 0001:00001c30       ?BotCheckAvoidGrenades@@YAXPAUbot_t@@@Z 10002c30 f   bot.obj
 0001:00001fa0       ?BotCheckDarkness@@YAXPAUbot_t@@@Z 10002fa0 f   bot.obj
 0001:00002310       ?BotCheckGrenadeThrow@@YAXPAUbot_t@@@Z 10003310 f   bot.obj
 0001:00002fe0       ?BotCheckMessageQueue@@YAXPAUbot_t@@@Z 10003fe0 f   bot.obj
 0001:000034c0       ?BotCheckRadioCommands@@YAXPAUbot_t@@@Z 100044c0 f   bot.obj
 0001:00004720       ?BotCheckReload@@YAXPAUbot_t@@@Z 10005720 f   bot.obj
 0001:00004b20       ?BotCheckShield@@YAXPAUbot_t@@@Z 10005b20 f   bot.obj
 0001:00004d20       ?BotCheckTaskPriorities@@YAXPAUbot_t@@@Z 10005d20 f   bot.obj
 0001:00004ec0       ?BotChooseAimDirection@@YAXPAUbot_t@@@Z 10005ec0 f   bot.obj
 0001:000067f0       ?BotCreate@@YAXHHHHPBD@Z   100077f0 f   bot.obj
 0001:000071f0       ?BotEnemyIsThreat@@YA_NPAUbot_t@@@Z 100081f0 f   bot.obj
 0001:00007370       ?BotEntityIsVisible@@YA_NPAUbot_t@@VVector@@@Z 10008370 f   bot.obj
 0001:000073f0       ?BotExecuteTask@@YAXPAUbot_t@@@Z 100083f0 f   bot.obj
 0001:0000eb90       ?BotFacePosition@@YAXPAUbot_t@@VVector@@@Z 1000fb90 f i bot.obj
 0001:00010070       ?BotFindBreakable@@YA_NPAUbot_t@@@Z 10011070 f   bot.obj
 0001:000105f0       ?BotFindItem@@YAXPAUbot_t@@@Z 100115f0 f   bot.obj
 0001:00012080       ?BotFollowUser@@YA_NPAUbot_t@@@Z 10013080 f   bot.obj
 0001:00012120       ?BotFreeAllMemory@@YAXXZ   10013120 f   bot.obj
 0001:00012300       ?BotGetMessageQueue@@YAHPAUbot_t@@@Z 10013300 f   bot.obj
 0001:00012320       ?BotGetSafeTask@@YAPAUbottask_s@@PAUbot_t@@@Z 10013320 f   bot.obj
 0001:00012410       ?BotGoalIsValid@@YA_NPAUbot_t@@@Z 10013410 f i bot.obj
 0001:00012490       ?BotHasHostage@@YA_NPAUbot_t@@@Z 10013490 f   bot.obj
 0001:00012580       ?BotInFieldOfView@@YAHPAUbot_t@@VVector@@@Z 10013580 f   bot.obj
 0001:000125f0       ?BotItemIsVisible@@YA_NPAUbot_t@@VVector@@PAD_N@Z 100135f0 f   bot.obj
 0001:00012720       ?BotLastEnemyShootable@@YA_NPAUbot_t@@@Z 10013720 f   bot.obj
 0001:000127c0       ?BotPlayRadioMessage@@YAXPAUbot_t@@H@Z 100137c0 f   bot.obj
 0001:000127e0       ?BotPrepareTask@@YAXPAUbot_t@@@Z 100137e0 f   bot.obj
 0001:00013ee0       ?BotPushMessageQueue@@YAXPAUbot_t@@H@Z 10014ee0 f   bot.obj
 0001:00013f10       ?BotPushTask@@YAXPAUbot_t@@PAUbottask_s@@@Z 10014f10 f   bot.obj
 0001:000143a0       ?BotRateGroundWeapon@@YAHPAUbot_t@@PAUedict_s@@@Z 100153a0 f   bot.obj
 0001:000144c0       ?BotReactOnEnemy@@YA_NPAUbot_t@@@Z 100154c0 f   bot.obj
 0001:00014710       ?BotRemoveCertainTask@@YAXPAUbot_t@@H@Z 10015710 f   bot.obj
 0001:00014860       ?BotResetTasks@@YAXPAUbot_t@@@Z 10015860 f   bot.obj
 0001:00014920       ?BotSetConditions@@YAXPAUbot_t@@@Z 10015920 f   bot.obj
 0001:00016390       ?BotSpawnInit@@YAXPAUbot_t@@@Z 10017390 f   bot.obj
 0001:00016e10       ?BotStartGame@@YAXPAUbot_t@@@Z 10017e10 f   bot.obj
 0001:00016ec0       ?BotTaskComplete@@YAXPAUbot_t@@@Z 10017ec0 f   bot.obj
 0001:000170d0       ?BotThink@@YAXPAUbot_t@@@Z 100180d0 f   bot.obj
 0001:000194c0       ?GetBestSecondaryWeaponCarried@@YAHPAUbot_t@@@Z 1001a4c0 f   bot.obj
 0001:00019580       ?GetBestWeaponCarried@@YAHPAUbot_t@@@Z 1001a580 f   bot.obj
 0001:00019640       ?GetHighestFragsBot@@YAHH@Z 1001a640 f   bot.obj
 0001:000196d0       ?GetValidWaypoint@@YAXPAUbot_t@@@Z 1001a6d0 f i bot.obj
 0001:00019c20       ?IsConnectedWithWaypoint@@YA_NHH@Z 1001ac20 f i bot.obj
 0001:00019c70       ?IsDeadlyDrop@@YA_NPAUbot_t@@VVector@@@Z 1001ac70 f   bot.obj
 0001:0001a080       ?IsDeadlyDropAtPos@@YA_NPAUbot_t@@VVector@@@Z 1001b080 f   bot.obj
 0001:0001a140       ?Normalize@Vector2D@@QBE?AV1@XZ 1001b140 f i bot.obj
 0001:0001a1d0       ?Normalize@Vector@@QBE?AV1@XZ 1001b1d0 f i bot.obj
 0001:0001a290       ?SelectLeaderEachTeam@@YAXPAUbot_t@@@Z 1001b290 f   bot.obj
 0001:0001a510       ?UTIL_ClampVector@@YAXPAVVector@@@Z 1001b510 f i bot.obj
 0001:0001a640       ___local_stdio_printf_options 1001b640 f i bot.obj
 0001:0001a650       __snprintf                 1001b650 f i bot.obj
 0001:0001a690       ?BotCheckKeywords@@YA_NPAUbot_t@@PAD1@Z 1001b690 f   bot_chat.obj
 0001:0001a9a0       ?BotParseChat@@YA_NPAUbot_t@@PAD@Z 1001b9a0 f   bot_chat.obj
 0001:0001aab0       ?BotPrepareChatMessage@@YAXPAUbot_t@@PAD@Z 1001bab0 f   bot_chat.obj
 0001:0001b000       ?BotRepliesToPlayer@@YA_NPAUbot_t@@@Z 1001c000 f   bot_chat.obj
 0001:0001b170       ?ConvertNameToHuman@@YAXPAD0@Z 1001c170 f   bot_chat.obj
 0001:0001b2c0       ?StripClanTags@@YAXPAD000@Z 1001c2c0 f i bot_chat.obj
 0001:0001b390       _sprintf                   1001c390 f i bot_chat.obj
 0001:0001b3d0       ?BotClient_CS_AmmoPickup@@YAXPAXH@Z 1001c3d0 f   bot_client.obj
 0001:0001b550       ?BotClient_CS_AmmoX@@YAXPAXH@Z 1001c550 f   bot_client.obj
 0001:0001b6c0       ?BotClient_CS_BarTime@@YAXPAXH@Z 1001c6c0 f   bot_client.obj
 0001:0001b700       ?BotClient_CS_BombDrop@@YAXPAXH@Z 1001c700 f   bot_client.obj
 0001:0001b890       ?BotClient_CS_BombPickup@@YAXPAXH@Z 1001c890 f   bot_client.obj
 0001:0001b8f0       ?BotClient_CS_CurrentWeapon@@YAXPAXH@Z 1001c8f0 f   bot_client.obj
 0001:0001bc30       ?BotClient_CS_Damage@@YAXPAXH@Z 1001cc30 f   bot_client.obj
 0001:0001c0f0       ?BotClient_CS_DeathMsg@@YAXPAXH@Z 1001d0f0 f   bot_client.obj
 0001:0001c560       ?BotClient_CS_FlashBat@@YAXPAXH@Z 1001d560 f   bot_client.obj
 0001:0001c5b0       ?BotClient_CS_HLTV@@YAXPAXH@Z 1001d5b0 f   bot_client.obj
 0001:0001c5f0       ?BotClient_CS_Money@@YAXPAXH@Z 1001d5f0 f   bot_client.obj
 0001:0001c610       ?BotClient_CS_NVGToggle@@YAXPAXH@Z 1001d610 f   bot_client.obj
 0001:0001c640       ?BotClient_CS_ResetHUD@@YAXPAXH@Z 1001d640 f   bot_client.obj
 0001:0001c670       ?BotClient_CS_RoundTime@@YAXPAXH@Z 1001d670 f   bot_client.obj
 0001:0001c670       ?BotClient_CS_TextMsg1@@YAXPAXH@Z 1001d670 f   bot_client.obj
 0001:0001c670       ?Client_CS_ScoreAttrib@@YAXPAXH@Z 1001d670 f   bot_client.obj
 0001:0001c670       ?Client_CS_ScoreInfo@@YAXPAXH@Z 1001d670 f   bot_client.obj
 0001:0001c670       @_guard_check_icall_nop@4  1001d670 f   LIBCMT:guard_support.obj
 0001:0001c680       ?BotClient_CS_SayText@@YAXPAXH@Z 1001d680 f   bot_client.obj
 0001:0001c730       ?BotClient_CS_ScreenFade@@YAXPAXH@Z 1001d730 f   bot_client.obj
 0001:0001c9f0       ?BotClient_CS_ShowMenu@@YAXPAXH@Z 1001d9f0 f   bot_client.obj
 0001:0001cac0       ?BotClient_CS_StatusIcon@@YAXPAXH@Z 1001dac0 f   bot_client.obj
 0001:0001cbd0       ?BotClient_CS_TeamScore@@YAXPAXH@Z 1001dbd0 f   bot_client.obj
 0001:0001cc20       ?BotClient_CS_TextMsgAll@@YAXPAXH@Z 1001dc20 f   bot_client.obj
 0001:0001cd50       ?BotClient_CS_VGUI@@YAXPAXH@Z 1001dd50 f   bot_client.obj
 0001:0001cdb0       ?BotClient_CS_WeaponList@@YAXPAXH@Z 1001ddb0 f   bot_client.obj
 0001:0001ceb0       ?Client_CS_TeamInfo@@YAXPAXH@Z 1001deb0 f   bot_client.obj
 0001:0001d0a0       ?BotBodyTarget@@YA?AVVector@@PAUedict_s@@PAUbot_t@@@Z 1001e0a0 f   bot_combat.obj
 0001:0001def0       ?BotCheckCorridor@@YA_NPAUbot_t@@@Z 1001eef0 f   bot_combat.obj
 0001:0001e5b0       ?BotCheckGrenades@@YAHPAUbot_t@@@Z 1001f5b0 f   bot_combat.obj
 0001:0001e5f0       ?BotCheckZoom@@YA_NPAUbot_t@@@Z 1001f5f0 f   bot_combat.obj
 0001:0001e8e0       ?BotCommandTeam@@YAXPAUbot_t@@@Z 1001f8e0 f   bot_combat.obj
 0001:0001ea90       ?BotDoAttackMovement@@YAXPAUbot_t@@@Z 1001fa90 f   bot_combat.obj
 0001:0001f970       ?BotDoFirePause@@YA_NPAUbot_t@@MPAUbot_fire_delay_t@@@Z 10020970 f   bot_combat.obj
 0001:0001fc20       ?BotEnemyIsVisible@@YA_NPAUbot_t@@PAUedict_s@@@Z 10020c20 f   bot_combat.obj
 0001:00020050       ?BotFindEnemy@@YA_NPAUbot_t@@@Z 10021050 f   bot_combat.obj
 0001:00021330       ?BotFireWeapon@@YA_NVVector@@PAUbot_t@@@Z 10022330 f   bot_combat.obj
 0001:00022120       ?BotFocusEnemy@@YAXPAUbot_t@@@Z 10023120 f   bot_combat.obj
 0001:00022620       ?BotHasCampWeapon@@YA_NPAUbot_t@@@Z 10023620 f   bot_combat.obj
 0001:00022660       ?BotHasPrimaryWeapon@@YA_NPAUbot_t@@@Z 10023660 f   bot_combat.obj
 0001:000226b0       ?BotHasRifleWeapon@@YA_NPAUbot_t@@@Z 100236b0 f   bot_combat.obj
 0001:000226d0       ?BotHasSecondaryWeapon@@YA_NPAUbot_t@@@Z 100236d0 f   bot_combat.obj
 0001:00022720       ?BotHasShield@@YA_NPAUbot_t@@@Z 10023720 f   bot_combat.obj
 0001:00022760       ?BotHasShieldDrawn@@YA_NPAUbot_t@@@Z 10023760 f   bot_combat.obj
 0001:000227e0       ?BotHasSniperWeapon@@YA_NPAUbot_t@@@Z 100237e0 f   bot_combat.obj
 0001:00022800       ?BotHasSubmachineGun@@YA_NPAUbot_t@@@Z 10023800 f   bot_combat.obj
 0001:00022820       ?BotSelectBestWeapon@@YAXPAUbot_t@@@Z 10023820 f   bot_combat.obj
 0001:00022bf0       ?BotUsesRifle@@YA_NPAUbot_t@@@Z 10023bf0 f   bot_combat.obj
 0001:00022c20       ?BotUsesSniper@@YA_NPAUbot_t@@@Z 10023c20 f   bot_combat.obj
 0001:00022c40       ?BotUsesSubmachineGun@@YA_NPAUbot_t@@@Z 10023c40 f   bot_combat.obj
 0001:00022c70       ?FireHurtsFriend@@YA_NPAUbot_t@@M@Z 10023c70 f   bot_combat.obj
 0001:00023100       ?HighestPistolOfEdict@@YAHPAUedict_s@@@Z 10024100 f   bot_combat.obj
 0001:00023160       ?HighestWeaponOfEdict@@YAHPAUedict_s@@@Z 10024160 f   bot_combat.obj
 0001:000231b0       ?IsGroupOfEnemies@@YA_NPAUbot_t@@VVector@@@Z 100241b0 f   bot_combat.obj
 0001:00023320       ?IsShootableThruObstacle@@YA_NPAUedict_s@@VVector@@@Z 10024320 f   bot_combat.obj
 0001:000235d0       ?NumEnemiesNearPos@@YAHPAUbot_t@@VVector@@H@Z 100245d0 f   bot_combat.obj
 0001:000236d0       ?NumTeammatesNearPos@@YAHPAUbot_t@@VVector@@H@Z 100246d0 f   bot_combat.obj
 0001:00023810       ?PlayerHasShieldDrawn@@YA_NPAUedict_s@@@Z 10024810 f   bot_combat.obj
 0001:000238d0       ?SelectWeaponByName@@YAXPAUbot_t@@PAD@Z 100248d0 f   bot_combat.obj
 0001:00023930       ?SelectWeaponByNumber@@YAXPAUbot_t@@H@Z 10024930 f   bot_combat.obj
 0001:00023990       ?VecCheckThrow@@YA?AVVector@@PAUbot_t@@ABV1@V1@M@Z 10024990 f   bot_combat.obj
 0001:00023d40       ?VecCheckToss@@YA?AVVector@@PAUbot_t@@ABV1@V1@@Z 10024d40 f   bot_combat.obj
 0001:000242b0       ?WeaponIsAssualtSniper@@YA_NH@Z 100252b0 f   bot_combat.obj
 0001:000242d0       ?WeaponIsNade@@YA_NH@Z     100252d0 f   bot_combat.obj
 0001:000242f0       ?WeaponIsPistol@@YA_NH@Z   100252f0 f   bot_combat.obj
 0001:00024320       ?WeaponIsPrimaryGun@@YA_NH@Z 10025320 f   bot_combat.obj
 0001:00024370       ?WeaponIsRifle@@YA_NH@Z    10025370 f   bot_combat.obj
 0001:000243a0       ?WeaponIsSniper@@YA_NH@Z   100253a0 f   bot_combat.obj
 0001:000243d0       ?WeaponIsSubmachineGun@@YA_NH@Z 100253d0 f   bot_combat.obj
 0001:00024400       ?WeaponShootsThru@@YA_NH@Z 10025400 f   bot_combat.obj
 0001:00024440       ??0bot_t@@QAE@XZ           10025440 f i bot_globals.obj
 0001:000247d0       ?AStarSearch@@YAPAUpathnode@@PAU1@P6AH0@Z11P6APAU1@0@ZP6AH00@Z@Z 100257d0 f   bot_navigate.obj
 0001:00024b60       ?BotCanDuckUnder@@YA_NPAUbot_t@@VVector@@@Z 10025b60 f   bot_navigate.obj
 0001:00024e50       ?BotCanJumpUp@@YA_NPAUbot_t@@VVector@@@Z 10025e50 f   bot_navigate.obj
 0001:000255a0       ?BotCantMoveBack@@YA_NPAUbot_t@@VVector@@@Z 100265a0 f   bot_navigate.obj
 0001:00026230       ?BotCantMoveForward@@YA_NPAUbot_t@@VVector@@@Z 10027230 f   bot_navigate.obj
 0001:00026ea0       ?BotChangeWptIndex@@YAXPAUbot_t@@H@Z 10027ea0 f   bot_navigate.obj
 0001:00026fa0       ?BotCheckCollisionWithPlayer@@YAHPAUbot_t@@PAUedict_s@@@Z 10027fa0 f   bot_navigate.obj
 0001:00027520       ?BotCheckTerrain@@YAXPAUbot_t@@@Z 10028520 f   bot_navigate.obj
 0001:0002d370       ?BotCheckWallOnLeft@@YA_NPAUbot_t@@@Z 1002e370 f   bot_navigate.obj
 0001:0002d470       ?BotCheckWallOnRight@@YA_NPAUbot_t@@@Z 1002e470 f   bot_navigate.obj
 0001:0002d570       ?BotChooseBombWaypoint@@YAHPAUbot_t@@@Z 1002e570 f   bot_navigate.obj
 0001:0002d720       ?BotCollectExperienceData@@YAXPAUedict_s@@0H@Z 1002e720 f   bot_navigate.obj
 0001:0002e150       ?BotCollectGoalExperience@@YAXPAUbot_t@@H@Z 1002f150 f   bot_navigate.obj
 0001:0002e280       ?BotDoWaypointNav@@YA_NPAUbot_t@@@Z 1002f280 f   bot_navigate.obj
 0001:00032b40       ?BotFindCoverWaypoint@@YAHPAUbot_t@@M@Z 10033b40 f   bot_navigate.obj
 0001:000337c0       ?BotFindDefendWaypoint@@YAHPAUbot_t@@VVector@@@Z 100347c0 f   bot_navigate.obj
 0001:00034150       ?BotFindGoal@@YAHPAUbot_t@@@Z 10035150 f   bot_navigate.obj
 0001:00034980       ?BotFindWaypoint@@YA_NPAUbot_t@@@Z 10035980 f   bot_navigate.obj
 0001:00034d00       ?BotGetCampDirection@@YAXPAUbot_t@@PAVVector@@@Z 10035d00 f   bot_navigate.obj
 0001:00035020       ?BotHeadTowardWaypoint@@YA_NPAUbot_t@@@Z 10036020 f   bot_navigate.obj
 0001:00035930       ?BotHearsBomb@@YA_NVVector@@@Z 10036930 f   bot_navigate.obj
 0001:00035a00       ?BotResetCollideState@@YAXPAUbot_t@@@Z 10036a00 f   bot_navigate.obj
 0001:00035ad0       ?BotSetStrafeSpeed@@YAXPAUbot_t@@M@Z 10036ad0 f   bot_navigate.obj
 0001:00035be0       ?CTBombPointClear@@YAXH@Z  10036be0 f   bot_navigate.obj
 0001:00035c20       ?DeleteSearchNodes@@YAXPAUbot_t@@@Z 10036c20 f   bot_navigate.obj
 0001:00035cb0       ?FindLeastCostPath@@YAPAUpathnode@@PAUbot_t@@HH@Z 10036cb0 f   bot_navigate.obj
 0001:00035fa0       ?FindShortestPath@@YAPAUpathnode@@HHPA_N@Z 10036fa0 f   bot_navigate.obj
 0001:00036080       ?GetBestNextWaypoint@@YA_NPAUbot_t@@@Z 10037080 f   bot_navigate.obj
 0001:00036180       ?GetBombPosition@@YA?AVVector@@XZ 10037180 f   bot_navigate.obj
 0001:00036250       ?GetPathDistance@@YAHHH@Z  10037250 f   bot_navigate.obj
 0001:00036270       ?GetTravelTime@@YAMMVVector@@0@Z 10037270 f   bot_navigate.obj
 0001:000362c0       ?TestAPath@@YAXHHHHE@Z     100372c0 f   bot_navigate.obj
 0001:000364e0       ?UpdateGlobalExperienceData@@YAXXZ 100374e0 f   bot_navigate.obj
 0001:00036930       ?WasBombPointVisited@@YA_NH@Z 10037930 f   bot_navigate.obj
 0001:00036960       ?WaypointFindInRadius@@YAXVVector@@MPAH1@Z 10037960 f   bot_navigate.obj
 0001:00036a10       ?WaypointFindNearestToMove@@YAHPAUedict_s@@VVector@@@Z 10037a10 f   bot_navigate.obj
 0001:00036be0       ?WaypointIsVisible@@YA_NHH@Z 10037be0 f   bot_navigate.obj
 0001:00036c20       ?WaypointReachable@@YA_NPAUbot_t@@H@Z 10037c20 f   bot_navigate.obj
 0001:00036e10       ?WaypointReachableByEnt@@YA_NVVector@@0PAUedict_s@@@Z 10037e10 f   bot_navigate.obj
 0001:00036f10       ?gfunctionKillsCT@@YAHPAUpathnode@@@Z 10037f10 f   bot_navigate.obj
 0001:00036fc0       ?gfunctionKillsCTWithHostage@@YAHPAUpathnode@@@Z 10037fc0 f   bot_navigate.obj
 0001:00037080       ?gfunctionKillsDistCT@@YAHPAUpathnode@@@Z 10038080 f   bot_navigate.obj
 0001:000371b0       ?gfunctionKillsDistCTWithHostage@@YAHPAUpathnode@@@Z 100381b0 f   bot_navigate.obj
 0001:000372e0       ?gfunctionKillsDistT@@YAHPAUpathnode@@@Z 100382e0 f   bot_navigate.obj
 0001:00037410       ?gfunctionKillsT@@YAHPAUpathnode@@@Z 10038410 f   bot_navigate.obj
 0001:000374c0       ?goal@@YAHPAUpathnode@@@Z  100384c0 f   bot_navigate.obj
 0001:000374e0       ?hfunctionNone@@YAHPAUpathnode@@@Z 100384e0 f   bot_navigate.obj
 0001:000374f0       ?hfunctionSquareDist@@YAHPAUpathnode@@@Z 100384f0 f   bot_navigate.obj
 0001:00037550       ?hfunctionSquareDistWithHostage@@YAHPAUpathnode@@@Z 10038550 f   bot_navigate.obj
 0001:000375c0       ?makeChildren@@YAPAUpathnode@@PAU1@@Z 100385c0 f   bot_navigate.obj
 0001:00037650       ?nodeEqual@@YAHPAUpathnode@@0@Z 10038650 f   bot_navigate.obj
 0001:00037680       ?SoundAttachToThreat@@YAXPAUedict_s@@PBDM@Z 10038680 f   bot_sounds.obj
 0001:000379e0       ?SoundSimulateUpdate@@YAXH@Z 100389e0 f   bot_sounds.obj
 0001:00037b60       ?Decode@@YAHPADHPAEH@Z     10038b60 f   compress.obj
 0001:00037ca0       ?DeleteNode@@YAXH@Z        10038ca0 f   compress.obj
 0001:00037db0       ?Encode@@YAHPADPAEH1H@Z    10038db0 f   compress.obj
 0001:00038040       ?InitTree@@YAXXZ           10039040 f   compress.obj
 0001:00038060       ?InsertNode@@YAXH@Z        10039060 f   compress.obj
 0001:000381b0       _GetEntityAPI2             100391b0 f   dll.obj
 0001:00038250       _GetEntityAPI2_Post        10039250 f   dll.obj
 0001:00038290       ?ClientCommand@@YAXPAUedict_s@@@Z 10039290 f   dll.obj
 0001:0003b6d0       ?ClientConnect@@YAHPAUedict_s@@PBD1QAD@Z 1003c6d0 f   dll.obj
 0001:0003b730       ?ClientDisconnect@@YAXPAUedict_s@@@Z 1003c730 f   dll.obj
 0001:0003b810       ?ClientPutInServer@@YAXPAUedict_s@@@Z 1003c810 f   dll.obj
 0001:0003b8e0       ?ClientUserInfoChanged_Post@@YAXPAUedict_s@@PAD@Z 1003c8e0 f   dll.obj
 0001:0003ba40       ?FakeClientCommand@@YAXPAUedict_s@@PBDZZ 1003ca40 f   dll.obj
 0001:0003bd10       ?GameDLLInit@@YAXXZ        1003cd10 f   dll.obj
 0001:0003bda0       ?GetField@@YAPBDPBDH@Z     1003cda0 f   dll.obj
 0001:0003beb0       ?GetGameDir@@YAXXZ         1003ceb0 f   dll.obj
 0001:0003bf70       ?IsPBAdmin@@YA_NPAUedict_s@@@Z 1003cf70 f   dll.obj
 0001:0003bfc0       ?PODBot_ServerCommand@@YAXXZ 1003cfc0 f   dll.obj
 0001:0003c030       ?PbCmdParser@@YAXPAUedict_s@@PBD11111@Z 1003d030 f   dll.obj
 0001:0003ea50       ?Pfn_KeyValue@@YAXPAUedict_s@@PAUKeyValueData_s@@@Z 1003fa50 f   dll.obj
 0001:0003ebd0       ?Pfn_UpdateClientData@@YAXPBUedict_s@@HPAUclientdata_s@@@Z 1003fbd0 f   dll.obj
 0001:0003edf0       ?ServerActivate@@YAXPAUedict_s@@HH@Z 1003fdf0 f   dll.obj
 0001:000404d0       ?ServerDeactivate@@YAXXZ   100414d0 f   dll.obj
 0001:00040690       ?ShowPBKickBotMenu@@YAXPAUedict_s@@H@Z 10041690 f   dll.obj
 0001:000409b0       ?Spawn@@YAHPAUedict_s@@@Z  100419b0 f   dll.obj
 0001:00040e30       ?Spawn_Post@@YAHPAUedict_s@@@Z 10041e30 f   dll.obj
 0001:00040ff0       ?StartFrame@@YAXXZ         10041ff0 f   dll.obj
 0001:00042650       ?UserNewroundAll@@YAXXZ    10043650 f   dll.obj
 0001:000426e0       _DllMain@12                100436e0 f   dll.obj
 0001:000426f0       _GiveFnptrsToDll@8         100436f0 f   dll.obj
 0001:00042750       _Meta_Attach               10043750 f   dll.obj
 0001:00042860       _Meta_Detach               10043860 f   dll.obj
 0001:000428f0       _Meta_Query                100438f0 f   dll.obj
 0001:00042a60       ___local_stdio_scanf_options 10043a60 f i dll.obj
 0001:00042a70       _sscanf                    10043a70 f i dll.obj
 0001:00042aa0       ?C_MessageEnd_Post@@YAXXZ  10043aa0 f   engine.obj
 0001:00042d20       ?FAST_GET_USER_MSG_ID@@YAHPAUplugin_info_t@@AAHPBDPAH@Z 10043d20 f   engine.obj
 0001:00042d50       ?pfnAlertMessage_Post@@YAXW4ALERT_TYPE@@PADZZ 10043d50 f   engine.obj
 0001:00042d60       ?pfnChangeLevel@@YAXPAD0@Z 10043d60 f   engine.obj
 0001:00042de0       ?pfnClientCommand@@YAXPAUedict_s@@PADZZ 10043de0 f   engine.obj
 0001:00042e30       ?pfnClientPrintf@@YAXPAUedict_s@@W4PRINT_TYPE@@PBD@Z 10043e30 f   engine.obj
 0001:00042e60       ?pfnCmd_Argc@@YAHXZ        10043e60 f   engine.obj
 0001:00042e90       ?pfnCmd_Args@@YAPBDXZ      10043e90 f   engine.obj
 0001:00042f00       ?pfnCmd_Argv@@YAPBDH@Z     10043f00 f   engine.obj
 0001:00042f40       ?pfnEmitSound@@YAXPAUedict_s@@HPBDMMHH@Z 10043f40 f   engine.obj
 0001:00042f70       ?pfnFindEntityByString@@YAPAUedict_s@@PAU1@PBD1@Z 10043f70 f   engine.obj
 0001:00042fc0       ?pfnGetPlayerAuthId@@YAPBDPAUedict_s@@@Z 10043fc0 f   engine.obj
 0001:00043010       ?pfnGetPlayerWONId@@YAIPAUedict_s@@@Z 10044010 f   engine.obj
 0001:00043100       ?pfnMessageBegin@@YAXHHPBMPAUedict_s@@@Z 10044100 f   engine.obj
 0001:000437c0       ?pfnMessageEnd@@YAXXZ      100447c0 f   engine.obj
 0001:00043810       ?pfnSetClientMaxspeed@@YAXPBUedict_s@@M@Z 10044810 f   engine.obj
 0001:00043840       ?pfnWriteEntity@@YAXH@Z    10044840 f   engine.obj
 0001:00043840       ?pfnWriteChar@@YAXH@Z      10044840 f   engine.obj
 0001:00043840       ?pfnWriteShort@@YAXH@Z     10044840 f   engine.obj
 0001:00043840       ?pfnWriteByte@@YAXH@Z      10044840 f   engine.obj
 0001:00043840       ?pfnWriteAngle@@YAXM@Z     10044840 f   engine.obj
 0001:00043840       ?pfnWriteCoord@@YAXM@Z     10044840 f   engine.obj
 0001:00043840       ?pfnWriteLong@@YAXH@Z      10044840 f   engine.obj
 0001:00043870       ?pfnWriteString@@YAXPBD@Z  10044870 f   engine.obj
 0001:000438a0       _GetEngineFunctions        100448a0 f   engine.obj
 0001:000439a0       _GetEngineFunctions_Post   100449a0 f   engine.obj
 0001:000439f0       ?BotHasNvg@@YA_NPAUbot_t@@@Z 100449f0 f   util.obj
 0001:00043a10       ?FBoxVisible@@YA_NPAUbot_t@@PAUedict_s@@PAVVector@@PAE@Z 10044a10 f   util.obj
 0001:000442f0       ?FInViewCone@@YA_NPAVVector@@PAUedict_s@@@Z 100452f0 f   util.obj
 0001:00044400       ?FVisible@@YA_NABVVector@@PAUedict_s@@@Z 10045400 f   util.obj
 0001:000444d0       ?FixedSigned16@@YAFMM@Z    100454d0 f   util.obj
 0001:00044500       ?FixedUnsigned16@@YAGMM@Z  10045500 f   util.obj
 0001:00044530       ?GetGunPosition@@YA?AVVector@@PAUedict_s@@@Z 10045530 f   util.obj
 0001:00044580       ?GetShootingConeDeviation@@YAMPAUedict_s@@PAVVector@@@Z 10045580 f   util.obj
 0001:000446d0       ?IsAlive@@YA_NPAUedict_s@@@Z 100456d0 f   util.obj
 0001:00044710       ?IsShootableBreakable@@YA_NPAUedict_s@@@Z 10045710 f   util.obj
 0001:00044820       ?UTIL_CheckCvars@@YAXXZ    10045820 f   util.obj
 0001:00045730       ?UTIL_CheckHostages@@YAXXZ 10046730 f   util.obj
 0001:00045e00       ?UTIL_CheckSmokeGrenades@@YAXXZ 10046e00 f   util.obj
 0001:00046200       ?UTIL_DecalTrace@@YAXPAUTraceResult@@PAD@Z 10047200 f   util.obj
 0001:00046330       ?UTIL_DisplayWpMenuWelcomeMessage@@YAXXZ 10047330 f   util.obj
 0001:00046420       ?UTIL_DrawBeam@@YAXVVector@@0HHHHHHHH@Z 10047420 f   util.obj
 0001:00046530       ?UTIL_GameStarted@@YAXXZ   10047530 f   util.obj
 0001:00046560       ?UTIL_GetBotPointer@@YAPAUbot_t@@PAUedict_s@@@Z 10047560 f   util.obj
 0001:000465c0       ?UTIL_GetNearestPlayerIndex@@YAHVVector@@@Z 100475c0 f   util.obj
 0001:00046670       ?UTIL_GetTeam@@YAHPAUedict_s@@@Z 10047670 f   util.obj
 0001:00046690       ?UTIL_GetVectorsCone@@YAMVVector@@000@Z 10047690 f   util.obj
 0001:00046820       ?UTIL_HostPrint@@YAXPBDZZ  10047820 f   util.obj
 0001:00046900       ?UTIL_HudMessage@@YAXPAUedict_s@@ABUhudtextparms_s@@PAD@Z 10047900 f   util.obj
 0001:00046ad0       ?UTIL_IlluminationOf@@YAMPAUedict_s@@@Z 10047ad0 f   util.obj
 0001:00046bb0       ?UTIL_RoundEnd@@YAXXZ      10047bb0 f   util.obj
 0001:00046be0       ?UTIL_RoundStart@@YAXXZ    10047be0 f   util.obj
 0001:00046e30       ?UTIL_SaveBreakableData@@YAXXZ 10047e30 f   util.obj
 0001:00047180       ?UTIL_SaveButtonsData@@YAXXZ 10048180 f   util.obj
 0001:000473d0       ?UTIL_SaveHostagesData@@YAXXZ 100483d0 f   util.obj
 0001:00047610       ?UTIL_ServerPrint@@YAXPBDZZ 10048610 f   util.obj
 0001:00047650       ?UTIL_ShowMenu@@YAXPAUedict_s@@PAUmenutext_t@@@Z 10048650 f   util.obj
 0001:00047820       ?UTIL_TraceLine@@YAXABVVector@@0W4IGNORE_MONSTERS@@W4IGNORE_GLASS@@PAUedict_s@@PAUTraceResult@@@Z 10048820 f   util.obj
 0001:00047860       ?UTIL_VecToAngles@@YA?AVVector@@ABV1@@Z 10048860 f   util.obj
 0001:00047980       ?VecBModelOrigin@@YA?AVVector@@PAUedict_s@@@Z 10048980 f   util.obj
 0001:000479e0       ??$_Emplace_reallocate@ABH@?$vector@HV?$allocator@H@std@@@std@@QAEPAHQAHABH@Z 100489e0 f i waypoint.obj
 0001:00047b40       ??0?$vector@HV?$allocator@H@std@@@std@@QAE@XZ 10048b40 f i waypoint.obj
 0001:00047b60       ??0path@@QAE@XZ            10048b60 f i waypoint.obj
 0001:00047c40       ??1?$vector@HV?$allocator@H@std@@@std@@QAE@XZ 10048c40 f i waypoint.obj
 0001:00047ca0       ?CalculateWaypointWayzone@@YAXXZ 10048ca0 f   waypoint.obj
 0001:00048030       ?ConnectedToWaypoint@@YA_NHH@Z 10049030 f   waypoint.obj
 0001:00048060       ?InitExperienceTab@@YAXXZ  10049060 f   waypoint.obj
 0001:00048560       ?InitPathMatrix@@YAXXZ     10049560 f   waypoint.obj
 0001:00048de0       ?InitVisTab@@YAXXZ         10049de0 f   waypoint.obj
 0001:00049020       ?InitWaypointTypes@@YAXXZ  1004a020 f   waypoint.obj
 0001:00049140       ?SaveExperienceTab@@YAXXZ  1004a140 f   waypoint.obj
 0001:00049370       ?SaveVisTab@@YAXXZ         1004a370 f   waypoint.obj
 0001:000494b0       ?WaypointAdd@@YAXH@Z       1004a4b0 f   waypoint.obj
 0001:0004ac90       ?WaypointAddPath@@YAXFFM@Z 1004bc90 f   waypoint.obj
 0001:0004add0       ?WaypointCache@@YAXXZ      1004bdd0 f   waypoint.obj
 0001:0004ae10       ?WaypointCalcVisibility@@YAXXZ 1004be10 f   waypoint.obj
 0001:0004b190       ?WaypointChangeFlag@@YAXHD@Z 1004c190 f   waypoint.obj
 0001:0004b230       ?WaypointChangeRadius@@YAXM@Z 1004c230 f   waypoint.obj
 0001:0004b2a0       ?WaypointCleanUnnessPaths@@YAXH@Z 1004c2a0 f   waypoint.obj
 0001:0004ce40       ?WaypointCreatePath@@YAXD@Z 1004de40 f   waypoint.obj
 0001:0004cf90       ?WaypointDelete@@YAXXZ     1004df90 f   waypoint.obj
 0001:0004d1b0       ?WaypointDeletePath@@YAXXZ 1004e1b0 f   waypoint.obj
 0001:0004d320       ?WaypointDrawBeam@@YAXVVector@@0HHHH@Z 1004e320 f   waypoint.obj
 0001:0004d430       ?WaypointFindNearest@@YAHXZ 1004e430 f   waypoint.obj
 0001:0004d500       ?WaypointFixOldCampType@@YAXH@Z 1004e500 f   waypoint.obj
 0001:0004d6c0       ?WaypointIsConnected@@YA_NH@Z 1004e6c0 f   waypoint.obj
 0001:0004d710       ?WaypointLoad@@YA_NXZ      1004e710 f   waypoint.obj
 0001:0004e100       ?WaypointLookAt@@YAHXZ     1004f100 f   waypoint.obj
 0001:0004e480       ?WaypointMoveToPosition@@YAXXZ 1004f480 f   waypoint.obj
 0001:0004e570       ?WaypointNodeReachable@@YA_NHH@Z 1004f570 f   waypoint.obj
 0001:0004ec60       ?WaypointNodesValid@@YA_NXZ 1004fc60 f   waypoint.obj
 0001:0004f500       ?WaypointSave@@YAXXZ       10050500 f   waypoint.obj
 0001:0004f670       ?WaypointThink@@YAXXZ      10050670 f   waypoint.obj
 0001:00050b80       ?_Xlength@?$vector@HV?$allocator@H@std@@@std@@CAXXZ 10051b80 f i waypoint.obj
 0001:00050b8b       ??2@YAPAXI@Z               10051b8b f   LIBCMT:new_scalar.obj
 0001:00050bbb       ??3@YAXPAXI@Z              10051bbb f   LIBCMT:delete_scalar_size.obj
 0001:00050bc9       ??_V@YAXPAX@Z              10051bc9 f   LIBCMT:delete_array.obj
 0001:00050bf5       ??$__crt_fast_encode_pointer@P6GHPAU_RTL_CONDITION_VARIABLE@@PAU_RTL_CRITICAL_SECTION@@K@Z@@YAP6GHPAU_RTL_CONDITION_VARIABLE@@PAU_RTL_CRITICAL_SECTION@@K@ZQ6GH01K@Z@Z 10051bf5 f i LIBCMT:thread_safe_statics.obj
 0001:00050bf5       ??$__crt_fast_encode_pointer@PAX@@YAPAXQAX@Z 10051bf5 f i libvcruntime:winapi_downlevel.obj
 0001:00050bf5       ??$__crt_fast_encode_pointer@PAP6AXXZ@@YAPAP6AXXZQAP6AXXZ@Z 10051bf5 f i LIBCMT:utility.obj
 0001:00050bf5       ??$__crt_fast_encode_pointer@P6GXPAU_RTL_CONDITION_VARIABLE@@@Z@@YAP6GXPAU_RTL_CONDITION_VARIABLE@@@ZQ6GX0@Z@Z 10051bf5 f i LIBCMT:thread_safe_statics.obj
 0001:00050d1d       __Init_thread_abort        10051d1d f   LIBCMT:thread_safe_statics.obj
 0001:00050d41       __Init_thread_footer       10051d41 f   LIBCMT:thread_safe_statics.obj
 0001:00050d8b       __Init_thread_header       10051d8b f   LIBCMT:thread_safe_statics.obj
 0001:00050ddd       __Init_thread_notify       10051ddd f   LIBCMT:thread_safe_statics.obj
 0001:00050e1f       __Init_thread_wait         10051e1f f   LIBCMT:thread_safe_statics.obj
 0001:00050e7f       @__security_check_cookie@4 10051e7f f   LIBCMT:_secchk_.obj
 0001:00050e90       ___raise_securityfailure   10051e90 f   LIBCMT:gs_report.obj
 0001:00050eb8       ___report_gsfailure        10051eb8 f   LIBCMT:gs_report.obj
 0001:00050fb3       ___report_rangecheckfailure 10051fb3 f   LIBCMT:gs_report.obj
 0001:00050fbf       ___report_securityfailure  10051fbf f   LIBCMT:gs_report.obj
 0001:0005108f       ??_U@YAPAXI@Z              1005208f f   LIBCMT:new_array.obj
 0001:00051098       ??_L@YGXPAXIIP6EX0@Z1@Z    10052098 f   LIBCMT:ehvecctr.obj
 0001:00051102       ??_M@YGXPAXIIP6EX0@Z@Z     10052102 f   LIBCMT:ehvecdtr.obj
 0001:0005117d       ?__ArrayUnwind@@YGXPAXIIP6EX0@Z@Z 1005217d f   LIBCMT:ehvecdtr.obj
 0001:000511f0       __chkstk                   100521f0 f   LIBCMT:chkstk.obj
 0001:000511f0       __alloca_probe             100521f0 f   LIBCMT:chkstk.obj
 0001:00051529       __DllMainCRTStartup@12     10052529 f   LIBCMT:dll_dllmain.obj
 0001:0005154c       ??0bad_alloc@std@@QAE@ABV01@@Z 1005254c f i LIBCMT:throw_bad_alloc.obj
 0001:00051567       ??0bad_alloc@std@@QAE@XZ   10052567 f i LIBCMT:throw_bad_alloc.obj
 0001:0005157f       ??0bad_array_new_length@std@@QAE@ABV01@@Z 1005257f f i LIBCMT:throw_bad_alloc.obj
 0001:0005159a       ??0bad_array_new_length@std@@QAE@XZ 1005259a f i LIBCMT:throw_bad_alloc.obj
 0001:000515b2       ??0exception@std@@QAE@ABV01@@Z 100525b2 f i LIBCMT:throw_bad_alloc.obj
 0001:000515de       ??1bad_alloc@std@@UAE@XZ   100525de f i LIBCMT:throw_bad_alloc.obj
 0001:000515de       ??1length_error@std@@UAE@XZ 100525de f i libcpmt:xthrow.obj
 0001:000515de       ??1bad_exception@std@@UAE@XZ 100525de f i libvcruntime:frame.obj
 0001:000515de       ??1bad_array_new_length@std@@UAE@XZ 100525de f i LIBCMT:throw_bad_alloc.obj
 0001:000515ef       ??_Elogic_error@std@@UAEPAXI@Z 100525ef f i libcpmt:xthrow.obj
 0001:000515ef       ??_Eexception@std@@UAEPAXI@Z 100525ef f i LIBCMT:throw_bad_alloc.obj
 0001:000515ef       ??_Gbad_exception@std@@UAEPAXI@Z 100525ef f i libvcruntime:frame.obj
 0001:000515ef       ??_Ebad_array_new_length@std@@UAEPAXI@Z 100525ef f i LIBCMT:throw_bad_alloc.obj
 0001:000515ef       ??_Glogic_error@std@@UAEPAXI@Z 100525ef f i libcpmt:xthrow.obj
 0001:000515ef       ??_Gexception@std@@UAEPAXI@Z 100525ef f i LIBCMT:throw_bad_alloc.obj
 0001:000515ef       ??_Ebad_exception@std@@UAEPAXI@Z 100525ef f i libvcruntime:frame.obj
 0001:000515ef       ??_Elength_error@std@@UAEPAXI@Z 100525ef f i libcpmt:xthrow.obj
 0001:000515ef       ??_Glength_error@std@@UAEPAXI@Z 100525ef f i libcpmt:xthrow.obj
 0001:000515ef       ??_Gbad_array_new_length@std@@UAEPAXI@Z 100525ef f i LIBCMT:throw_bad_alloc.obj
 0001:000515ef       ??_Ebad_alloc@std@@UAEPAXI@Z 100525ef f i LIBCMT:throw_bad_alloc.obj
 0001:000515ef       ??_Gbad_alloc@std@@UAEPAXI@Z 100525ef f i LIBCMT:throw_bad_alloc.obj
 0001:0005161c       ?__scrt_throw_std_bad_alloc@@YAXXZ 1005261c f   LIBCMT:throw_bad_alloc.obj
 0001:00051639       ?__scrt_throw_std_bad_array_new_length@@YAXXZ 10052639 f   LIBCMT:throw_bad_alloc.obj
 0001:00051656       ?what@exception@std@@UBEPBDXZ 10052656 f i LIBCMT:throw_bad_alloc.obj
 0001:00051663       ??3@YAXPAX@Z               10052663 f   LIBCMT:delete_scalar.obj
 0001:000516ac       ___scrt_acquire_startup_lock 100526ac f   LIBCMT:utility.obj
 0001:000516de       ___scrt_dllmain_after_initialize_c 100526de f   LIBCMT:utility.obj
 0001:00051709       ___scrt_dllmain_before_initialize_c 10052709 f   LIBCMT:utility.obj
 0001:00051717       ___scrt_dllmain_crt_thread_attach 10052717 f   LIBCMT:utility.obj
 0001:00051736       ___scrt_dllmain_crt_thread_detach 10052736 f   LIBCMT:utility.obj
 0001:00051743       ___scrt_dllmain_exception_filter 10052743 f   LIBCMT:utility.obj
 0001:00051777       ___scrt_dllmain_uninitialize_c 10052777 f   LIBCMT:utility.obj
 0001:0005179a       ___scrt_dllmain_uninitialize_critical 1005279a f   LIBCMT:utility.obj
 0001:000517a7       ___scrt_initialize_crt     100527a7 f   LIBCMT:utility.obj
 0001:000517e0       ___scrt_initialize_onexit_tables 100527e0 f   LIBCMT:utility.obj
 0001:0005188a       ___scrt_is_nonwritable_in_current_image 1005288a f   LIBCMT:utility.obj
 0001:00051914       ___scrt_release_startup_lock 10052914 f   LIBCMT:utility.obj
 0001:00051931       ___scrt_uninitialize_crt   10052931 f   LIBCMT:utility.obj
 0001:00051959       __onexit                   10052959 f   LIBCMT:utility.obj
 0001:00051994       _atexit                    10052994 f   LIBCMT:utility.obj
 0001:000519a9       ___scrt_fastfail           100529a9 f   LIBCMT:utility_desktop.obj
 0001:00051ac5       __crt_debugger_hook        10052ac5 f   LIBCMT:utility_desktop.obj
 0001:00051ad0       __SEH_prolog4              10052ad0 f   LIBCMT:_sehprolg4_.obj
 0001:00051b16       __SEH_epilog4              10052b16 f   LIBCMT:_sehprolg4_.obj
 0001:00051b7a       ___security_init_cookie    10052b7a f   LIBCMT:gs_support.obj
 0001:00051bc5       ?__scrt_initialize_type_info@@YAXXZ 10052bc5 f   LIBCMT:tncleanup.obj
 0001:00051bd1       ?__scrt_uninitialize_type_info@@YAXXZ 10052bd1 f   LIBCMT:tncleanup.obj
 0001:00051bdd       ___scrt_initialize_default_local_stdio_options 10052bdd f   LIBCMT:default_local_stdio_options.obj
 0001:00051bfa       ___scrt_get_dyn_tls_init_callback 10052bfa f   LIBCMT:dyn_tls_init.obj
 0001:00051c00       __RTC_Initialize           10052c00 f   LIBCMT:_initsect_.obj
 0001:00051c2c       __RTC_Terminate            10052c2c f   LIBCMT:_initsect_.obj
 0001:00051c58       ??_Etype_info@@UAEPAXI@Z   10052c58 f i LIBCMT:std_type_info_static.obj
 0001:00051c58       ??_Gtype_info@@UAEPAXI@Z   10052c58 f i LIBCMT:std_type_info_static.obj
 0001:00051c7b       ___isa_available_init      10052c7b f   LIBCMT:_cpu_disp_.obj
 0001:00051e14       __get_startup_argv_mode    10052e14 f   LIBCMT:argv_mode.obj
 0001:00051e18       ___scrt_is_ucrt_dll_in_use 10052e18 f   LIBCMT:ucrt_detection.obj
 0001:00051e24       ??0exception@std@@QAE@QBD@Z 10052e24 f i libcpmt:xthrow.obj
 0001:00051e5b       ??0length_error@std@@QAE@ABV01@@Z 10052e5b f i libcpmt:xthrow.obj
 0001:00051e76       ??0length_error@std@@QAE@PBD@Z 10052e76 f i libcpmt:xthrow.obj
 0001:00051e97       ??0logic_error@std@@QAE@ABV01@@Z 10052e97 f i libcpmt:xthrow.obj
 0001:00051eb2       ?_Xlength_error@std@@YAXPBD@Z 10052eb2 f   libcpmt:xthrow.obj
 0001:00051ee0       _strstr                    10052ee0 f   libvcruntime:strstr.obj
 0001:00052150       _memset                    10053150 f   libvcruntime:memset.obj
 0001:000522b0       _strchr                    100532b0 f   libvcruntime:strchr.obj
 0001:0005231e       ___from_strstr_to_strchr   1005331e     libvcruntime:strchr.obj
 0001:000523db       ?_CallCatchBlock2@@YAPAXPAUEHRegistrationNode@@PBU_s_FuncInfo@@PAXHK@Z 100533db f   libvcruntime:trnsctrl.obj
 0001:0005243b       ?_CallSETranslator@@YAHPAUEHExceptionRecord@@PAUEHRegistrationNode@@PAX2PBU_s_FuncInfo@@H1@Z 1005343b f   libvcruntime:trnsctrl.obj
 0001:00052518       ?_GetRangeOfTrysToCheck@@YAPBU_s_TryBlockMapEntry@@PBU_s_FuncInfo@@HHPAI1@Z 10053518 f   libvcruntime:trnsctrl.obj
 0001:00052590       ?_JumpToContinuation@@YGXPAXPAUEHRegistrationNode@@@Z 10053590 f   libvcruntime:trnsctrl.obj
 0001:000525c2       ?_UnwindNestedFrames@@YGXPAUEHRegistrationNode@@PAUEHExceptionRecord@@@Z 100535c2 f   libvcruntime:trnsctrl.obj
 0001:00052617       __CatchGuardHandler        10053617 f   libvcruntime:trnsctrl.obj
 0001:00052648       __CreateFrameInfo          10053648 f   libvcruntime:trnsctrl.obj
 0001:0005266c       __FindAndUnlinkFrame       1005366c f   libvcruntime:trnsctrl.obj
 0001:000526b1       __TranslatorGuardHandler   100536b1 f   libvcruntime:trnsctrl.obj
 0001:00052750       ___CxxFrameHandler3        10053750 f   libvcruntime:trnsctrl.obj
 0001:00052790       _memcpy                    10053790 f   libvcruntime:memcpy.obj
 0001:00052d10       _memmove                   10053d10 f   libvcruntime:memmove.obj
 0001:00053284       __CxxThrowException@8      10054284 f   libvcruntime:throw.obj
 0001:00053340       __except_handler4          10054340 f   libvcruntime:_chandler4_.obj
 0001:00053497       ___std_exception_copy      10054497 f   libvcruntime:std_exception.obj
 0001:000534fa       ___std_exception_destroy   100544fa f   libvcruntime:std_exception.obj
 0001:00053519       ___vcrt_initialize         10054519 f   libvcruntime:initialization.obj
 0001:00053542       ___vcrt_thread_attach      10054542 f   libvcruntime:initialization.obj
 0001:0005354d       ___vcrt_thread_detach      1005454d f   libvcruntime:initialization.obj
 0001:00053558       ___vcrt_uninitialize       10054558 f   libvcruntime:initialization.obj
 0001:00053577       ___vcrt_uninitialize_critical 10054577 f   libvcruntime:initialization.obj
 0001:0005357f       ___std_type_info_compare   1005457f f   libvcruntime:std_type_info.obj
 0001:000535bb       ___std_type_info_destroy_list 100545bb f   libvcruntime:std_type_info.obj
 0001:000535de       ___vcrt_freefls@4          100545de f   libvcruntime:per_thread_data.obj
 0001:000535fa       ___vcrt_freeptd            100545fa f   libvcruntime:per_thread_data.obj
 0001:0005363d       ___vcrt_getptd             1005463d f   libvcruntime:per_thread_data.obj
 0001:0005364b       ___vcrt_getptd_noexit      1005464b f   libvcruntime:per_thread_data.obj
 0001:000536dd       ___vcrt_initialize_ptd     100546dd f   libvcruntime:per_thread_data.obj
 0001:00053721       ___vcrt_uninitialize_ptd   10054721 f   libvcruntime:per_thread_data.obj
 0001:00053740       __CallSettingFrame@12      10054740 f   libvcruntime:lowhelpr.obj
 0001:00053767       __NLG_Return               10054767     libvcruntime:lowhelpr.obj
 0001:0005378c       ??0bad_exception@std@@QAE@ABV01@@Z 1005478c f i libvcruntime:frame.obj
 0001:000537a7       ??0bad_exception@std@@QAE@XZ 100547a7 f i libvcruntime:frame.obj
 0001:000537bf       ??8type_info@@QBE_NABV0@@Z 100547bf f i libvcruntime:frame.obj
 0001:00053fcf       ?_CallMemberFunction1@@YGXQAX00@Z 10054fcf f i libvcruntime:frame.obj
 0001:00053fdf       ?_CallMemberFunction2@@YGXQAX00H@Z 10054fdf f i libvcruntime:frame.obj
 0001:00053ff2       ___BuildCatchObject        10054ff2 f   libvcruntime:frame.obj
 0001:00054081       ___BuildCatchObjectHelper  10055081 f   libvcruntime:frame.obj
 0001:000541b5       ___FrameUnwindToState      100551b5 f   libvcruntime:frame.obj
 0001:00054282       ___InternalCxxFrameHandler 10055282 f   libvcruntime:frame.obj
 0001:0005437f       ___TypeMatch               1005537f f   libvcruntime:frame.obj
 0001:0005440d       ___except_validate_context_record 1005540d f   libvcruntime:jbcxrval.obj
 0001:0005443d       ___except_validate_jump_buffer 1005543d f   libvcruntime:jbcxrval.obj
 0001:00054470       __local_unwind4            10055470 f   libvcruntime:_exsup4_.obj
 0001:00054548       __seh_longjmp_unwind4@4    10055548 f   libvcruntime:_exsup4_.obj
 0001:00054570       @_EH4_CallFilterFunc@8     10055570 f   libvcruntime:_exsup4_.obj
 0001:00054588       @_EH4_TransferToHandler@8  10055588 f   libvcruntime:_exsup4_.obj
 0001:000545a4       @_EH4_GlobalUnwind2@8      100555a4 f   libvcruntime:_exsup4_.obj
 0001:000545c0       @_EH4_LocalUnwind@16       100555c0 f   libvcruntime:_exsup4_.obj
 0001:000545d7       ___vcrt_initialize_locks   100555d7 f   libvcruntime:locks.obj
 0001:00054613       ___vcrt_uninitialize_locks 10055613 f   libvcruntime:locks.obj
 0001:00054777       ___vcrt_FlsAlloc           10055777 f   libvcruntime:winapi_downlevel.obj
 0001:000547b2       ___vcrt_FlsFree            100557b2 f   libvcruntime:winapi_downlevel.obj
 0001:000547ed       ___vcrt_FlsGetValue        100557ed f   libvcruntime:winapi_downlevel.obj
 0001:00054828       ___vcrt_FlsSetValue        10055828 f   libvcruntime:winapi_downlevel.obj
 0001:00054866       ___vcrt_InitializeCriticalSectionEx 10055866 f   libvcruntime:winapi_downlevel.obj
 0001:000548ad       ___vcrt_initialize_winapi_thunks 100558ad f   libvcruntime:winapi_downlevel.obj
 0001:000548d6       ___vcrt_uninitialize_winapi_thunks 100558d6 f   libvcruntime:winapi_downlevel.obj
 0001:00054908       ___vcrt_initialize_pure_virtual_call_handler 10055908 f   libvcruntime:purevirt_data.obj
 0001:00054920       __global_unwind2           10055920 f   libvcruntime:_exsup_.obj
 0001:00054986       __local_unwind2            10055986 f   libvcruntime:_exsup_.obj
 0001:00054a0a       __abnormal_termination     10055a0a f   libvcruntime:_exsup_.obj
 0001:00054a30       __NLG_Notify1              10055a30 f   libvcruntime:_exsup_.obj
 0001:00054a3c       __NLG_Notify               10055a3c f   libvcruntime:_exsup_.obj
 0001:00054a53       __NLG_Dispatch2            10055a53     libvcruntime:_exsup_.obj
 0001:00054a53       __NLG_Dispatch             10055a53     libvcruntime:_exsup_.obj
 0001:00054a5b       __NLG_Call                 10055a5b f   libvcruntime:_exsup_.obj
 0001:00054a5d       __NLG_Return2              10055a5d     libvcruntime:_exsup_.obj
 0001:00054a5e       _unexpected                10055a5e f   libvcruntime:unexpected.obj
 0001:00054a7b       ___DestructExceptionObject 10055a7b f   libvcruntime:ehhelpers.obj
 0001:00054b11       ?_CallMemberFunction0@@YGXQAX0@Z 10055b11 f i libvcruntime:ehhelpers.obj
 0001:00054b1e       __IsExceptionObjectToBeDestroyed 10055b1e f   libvcruntime:ehhelpers.obj
 0001:00054b44       ___AdjustPointer           10055b44 f   libvcruntime:ehhelpers.obj
 0001:00054b69       ___FrameUnwindFilter       10055b69 f   libvcruntime:ehhelpers.obj
 0001:00054bb0       _strncmp                   10055bb0 f   libucrt:strncmp.obj
 0001:00054c30       _strncpy                   10055c30 f   libucrt:strncpy.obj
 0001:00054ed4       ??$count@D@formatting_buffer@__crt_stdio_output@@QBEIXZ 10055ed4 f i libucrt:output.obj
 0001:00054eec       ??$ensure_buffer_is_big_enough@D@formatting_buffer@__crt_stdio_output@@QAE_NI@Z 10055eec f i libucrt:output.obj
 0001:00054f6b       ??$is_wide_character_specifier@D@__crt_stdio_output@@YA_N_KDW4length_modifier@0@@Z 10055f6b f i libucrt:output.obj
 0001:00054f9c       ??$scratch_data@D@formatting_buffer@__crt_stdio_output@@QAEPADXZ 10055f9c f i libucrt:output.obj
 0001:00054fba       ??$type_case_integer_parse_into_buffer@I@?$output_processor@DV?$string_output_adapter@D@__crt_stdio_output@@V?$standard_base@DV?$string_output_adapter@D@__crt_stdio_output@@@2@@__crt_stdio_output@@AAEXII_N@Z 10055fba f i libucrt:output.obj
 0001:0005502d       ??$type_case_integer_parse_into_buffer@_K@?$output_processor@DV?$string_output_adapter@D@__crt_stdio_output@@V?$standard_base@DV?$string_output_adapter@D@__crt_stdio_output@@@2@@__crt_stdio_output@@AAEX_KI_N@Z 1005602d f i libucrt:output.obj
 0001:000550bc       ??$write_multiple_characters@V?$string_output_adapter@D@__crt_stdio_output@@D@__crt_stdio_output@@YAXABV?$string_output_adapter@D@0@DHQAH@Z 100560bc f i libucrt:output.obj
 0001:000550e8       ??0?$common_data@D@__crt_stdio_output@@IAE@XZ 100560e8 f i libucrt:output.obj
 0001:0005512f       ??0?$output_adapter_data@DV?$string_output_adapter@D@__crt_stdio_output@@@__crt_stdio_output@@IAE@ABV?$string_output_adapter@D@1@_KQBDQAU__crt_locale_pointers@@QAD@Z 1005612f f i libucrt:output.obj
 0001:0005516b       ??0_LocaleUpdate@@QAE@QAU__crt_locale_pointers@@@Z 1005616b f i libucrt:output.obj
 0001:000551ee       ??1_LocaleUpdate@@QAE@XZ   100561ee f i libucrt:output.obj
 0001:000551fe       ??1formatting_buffer@__crt_stdio_output@@QAE@XZ 100561fe f i libucrt:output.obj
 0001:00055218       ??4?$__crt_unique_heap_ptr@DU__crt_internal_free_policy@@@@QAEAAV0@$$QAV0@@Z 10056218 f i libucrt:output.obj
 0001:0005523c       ?crop_zeroes@__crt_stdio_output@@YAXPADQAU__crt_locale_pointers@@@Z 1005623c f i libucrt:output.obj
 0001:0005529c       ?find_next_state@?$output_processor@DV?$string_output_adapter@D@__crt_stdio_output@@V?$standard_base@DV?$string_output_adapter@D@__crt_stdio_output@@@2@@__crt_stdio_output@@ABE?AW4state@2@DW432@@Z 1005629c f i libucrt:output.obj
 0001:000552db       ?force_decimal_point@__crt_stdio_output@@YAXPADQAU__crt_locale_pointers@@@Z 100562db f i libucrt:output.obj
 0001:00055337       ?parse_int_from_format_string@?$output_processor@DV?$string_output_adapter@D@__crt_stdio_output@@V?$standard_base@DV?$string_output_adapter@D@__crt_stdio_output@@@2@@__crt_stdio_output@@AAE_NQAH@Z 10056337 f i libucrt:output.obj
 0001:000553ad       ?process@?$output_processor@DV?$string_output_adapter@D@__crt_stdio_output@@V?$standard_base@DV?$string_output_adapter@D@__crt_stdio_output@@@2@@__crt_stdio_output@@QAEHXZ 100563ad f i libucrt:output.obj
 0001:000554c9       ?state_case_flag@?$output_processor@DV?$string_output_adapter@D@__crt_stdio_output@@V?$standard_base@DV?$string_output_adapter@D@__crt_stdio_output@@@2@@__crt_stdio_output@@AAE_NXZ 100564c9 f i libucrt:output.obj
 0001:00055506       ?state_case_normal@?$output_processor@DV?$string_output_adapter@D@__crt_stdio_output@@V?$standard_base@DV?$string_output_adapter@D@__crt_stdio_output@@@2@@__crt_stdio_output@@AAE_NXZ 10056506 f i libucrt:output.obj
 0001:00055525       ?state_case_normal_common@?$output_processor@DV?$string_output_adapter@D@__crt_stdio_output@@V?$standard_base@DV?$string_output_adapter@D@__crt_stdio_output@@@2@@__crt_stdio_output@@AAE_NXZ 10056525 f i libucrt:output.obj
 0001:0005554f       ?state_case_normal_tchar@?$output_processor@DV?$string_output_adapter@D@__crt_stdio_output@@V?$standard_base@DV?$string_output_adapter@D@__crt_stdio_output@@@2@@__crt_stdio_output@@AAE_ND@Z 1005654f f i libucrt:output.obj
 0001:000555a8       ?state_case_precision@?$output_processor@DV?$string_output_adapter@D@__crt_stdio_output@@V?$standard_base@DV?$string_output_adapter@D@__crt_stdio_output@@@2@@__crt_stdio_output@@AAE_NXZ 100565a8 f i libucrt:output.obj
 0001:000555ce       ?state_case_size@?$output_processor@DV?$string_output_adapter@D@__crt_stdio_output@@V?$standard_base@DV?$string_output_adapter@D@__crt_stdio_output@@@2@@__crt_stdio_output@@AAE_NXZ 100565ce f i libucrt:output.obj
 0001:00055728       ?state_case_type@?$output_processor@DV?$string_output_adapter@D@__crt_stdio_output@@V?$standard_base@DV?$string_output_adapter@D@__crt_stdio_output@@@2@@__crt_stdio_output@@AAE_NXZ 10056728 f i libucrt:output.obj
 0001:00055951       ?state_case_width@?$output_processor@DV?$string_output_adapter@D@__crt_stdio_output@@V?$standard_base@DV?$string_output_adapter@D@__crt_stdio_output@@@2@@__crt_stdio_output@@AAE_NXZ 10056951 f i libucrt:output.obj
 0001:0005597c       ?to_integer_size@__crt_stdio_output@@YAIW4length_modifier@1@@Z 1005697c f i libucrt:output.obj
 0001:000559d8       ?type_case_Z@?$output_processor@DV?$string_output_adapter@D@__crt_stdio_output@@V?$standard_base@DV?$string_output_adapter@D@__crt_stdio_output@@@2@@__crt_stdio_output@@AAE_NXZ 100569d8 f i libucrt:output.obj
 0001:00055a39       ?type_case_a@?$output_processor@DV?$string_output_adapter@D@__crt_stdio_output@@V?$standard_base@DV?$string_output_adapter@D@__crt_stdio_output@@@2@@__crt_stdio_output@@AAE_NXZ 10056a39 f i libucrt:output.obj
 0001:00055b92       ?type_case_c_tchar@?$output_processor@DV?$string_output_adapter@D@__crt_stdio_output@@V?$standard_base@DV?$string_output_adapter@D@__crt_stdio_output@@@2@@__crt_stdio_output@@AAE_ND@Z 10056b92 f i libucrt:output.obj
 0001:00055c22       ?type_case_integer@?$output_processor@DV?$string_output_adapter@D@__crt_stdio_output@@V?$standard_base@DV?$string_output_adapter@D@__crt_stdio_output@@@2@@__crt_stdio_output@@AAE_NI_N@Z 10056c22 f i libucrt:output.obj
 0001:00055d75       ?type_case_n@?$output_processor@DV?$string_output_adapter@D@__crt_stdio_output@@V?$standard_base@DV?$string_output_adapter@D@__crt_stdio_output@@@2@@__crt_stdio_output@@AAE_NXZ 10056d75 f i libucrt:output.obj
 0001:00055de9       ?type_case_o@?$output_processor@DV?$string_output_adapter@D@__crt_stdio_output@@V?$standard_base@DV?$string_output_adapter@D@__crt_stdio_output@@@2@@__crt_stdio_output@@AAE_NXZ 10056de9 f i libucrt:output.obj
 0001:00055e08       ?type_case_p@?$output_processor@DV?$string_output_adapter@D@__crt_stdio_output@@V?$standard_base@DV?$string_output_adapter@D@__crt_stdio_output@@@2@@__crt_stdio_output@@AAE_NXZ 10056e08 f i libucrt:output.obj
 0001:00055e20       ?type_case_s@?$output_processor@DV?$string_output_adapter@D@__crt_stdio_output@@V?$standard_base@DV?$string_output_adapter@D@__crt_stdio_output@@@2@@__crt_stdio_output@@AAE_NXZ 10056e20 f i libucrt:output.obj
 0001:00055e91       ?validate@?$string_output_adapter@D@__crt_stdio_output@@QBE_NXZ 10056e91 f i libucrt:output.obj
 0001:00055e91       ?validate@?$c_string_character_source@D@__crt_strtox@@QBE_NXZ 10056e91 f i libucrt:atof.obj
 0001:00055eac       ?validate_stream_is_ansi_if_required@?$__acrt_stdio_char_traits@D@@SA_NQAU_iobuf@@@Z 10056eac f i libucrt:output.obj
 0001:00055f32       ?write_character@?$string_output_adapter@D@__crt_stdio_output@@QBE_NDQAH@Z 10056f32 f i libucrt:output.obj
 0001:00055f74       ?write_stored_string_tchar@?$output_processor@DV?$string_output_adapter@D@__crt_stdio_output@@V?$standard_base@DV?$string_output_adapter@D@__crt_stdio_output@@@2@@__crt_stdio_output@@AAE_ND@Z 10056f74 f i libucrt:output.obj
 0001:0005601d       ?write_string@?$string_output_adapter@D@__crt_stdio_output@@QBEXQBDHQAHAAV__crt_deferred_errno_cache@@@Z 1005701d f i libucrt:output.obj
 0001:00056084       ___stdio_common_vsprintf   10057084 f   libucrt:output.obj
 0001:000560b0       __libm_sse2_sqrt_precise   100570b0 f   libucrt:sqrt_sse2_precise.obj
 0001:000561b0       __libm_sse2_tan_precise    100571b0 f   libucrt:tan_sse2_precise.obj
 0001:000566ec       __chvalidchk_l             100576ec f i libucrt:tolower_toupper.obj
 0001:00056712       __ischartype_l             10057712 f i libucrt:tolower_toupper.obj
 0001:00056745       __tolower_l                10057745 f   libucrt:tolower_toupper.obj
 0001:0005675f       __toupper_l                1005775f f   libucrt:tolower_toupper.obj
 0001:00056779       _tolower                   10057779 f   libucrt:tolower_toupper.obj
 0001:000567a9       _toupper                   100577a9 f   libucrt:tolower_toupper.obj
 0001:000567d9       __fclose_nolock            100577d9 f   libucrt:fclose.obj
 0001:0005684f       _fclose                    1005784f f   libucrt:fclose.obj
 0001:00056975       _fopen                     10057975 f   libucrt:fopen.obj
 0001:0005698c       ?LongLongSub@@YAJ_J0PA_J@Z 1005798c f i libucrt:fseek.obj
 0001:00056c4e       _fseek                     10057c4e f   libucrt:fseek.obj
 0001:00056cff       __fwrite_nolock            10057cff f   libucrt:fwrite.obj
 0001:00056e7a       _fwrite                    10057e7a f   libucrt:fwrite.obj
 0001:00056edf       __fgetc_nolock             10057edf f   libucrt:fgetc.obj
 0001:00056f1b       __getc_nolock              10057f1b f   libucrt:fgetc.obj
 0001:00056f26       _fgetc                     10057f26 f   libucrt:fgetc.obj
 0001:00057023       _getc                      10058023 f   libucrt:fgetc.obj
 0001:0005702e       __fputc_nolock             1005802e f   libucrt:fputc.obj
 0001:00057057       _fputc                     10058057 f   libucrt:fputc.obj
 0001:00057156       _putc                      10058156 f   libucrt:fputc.obj
 0001:00057170       _strncat                   10058170 f   libucrt:strncat.obj
 0001:000572a5       _feof                      100582a5 f   libucrt:feoferr.obj
 0001:0005738f       _fgets                     1005838f f   libucrt:fgets.obj
 0001:0005739a       ??$assemble_floating_point_snan@N@__crt_strtox@@YAX_NAAN@Z 1005839a f i libucrt:input.obj
 0001:000573bb       ??$assemble_floating_point_value_t@M@__crt_strtox@@YA?AW4SLD_STATUS@@_NH_KAAM@Z 100583bb f i libucrt:input.obj
 0001:000573eb       ??$assemble_floating_point_value_t@N@__crt_strtox@@YA?AW4SLD_STATUS@@_NH_KAAN@Z 100583eb f i libucrt:input.obj
 0001:000574e3       ??$convert_decimal_string_to_floating_type@M@__crt_strtox@@YA?AW4SLD_STATUS@@ABUfloating_point_string@0@AAM@Z 100584e3 f i libucrt:input.obj
 0001:00057506       ??$convert_decimal_string_to_floating_type@N@__crt_strtox@@YA?AW4SLD_STATUS@@ABUfloating_point_string@0@AAN@Z 10058506 f i libucrt:input.obj
 0001:00057529       ??$convert_hexadecimal_string_to_floating_type@M@__crt_strtox@@YA?AW4SLD_STATUS@@ABUfloating_point_string@0@AAM@Z 10058529 f i libucrt:input.obj
 0001:0005754c       ??$convert_hexadecimal_string_to_floating_type@N@__crt_strtox@@YA?AW4SLD_STATUS@@ABUfloating_point_string@0@AAN@Z 1005854c f i libucrt:input.obj
 0001:0005756f       ??$is_overflow_condition@_K@__crt_strtox@@YA_NI_K@Z 1005856f f i libucrt:input.obj
 0001:000575b0       ??$make_input_adapter_character_source@V?$string_input_adapter@D@__crt_stdio_input@@@__crt_strtox@@YA?AV?$input_adapter_character_source@V?$string_input_adapter@D@__crt_stdio_input@@@0@QAV?$string_input_adapter@D@__crt_stdio_input@@_KQA_N@Z 100585b0 f i libucrt:input.obj
 0001:000575ce       ??$parse_floating_point@V?$input_adapter_character_source@V?$string_input_adapter@D@__crt_stdio_input@@@__crt_strtox@@M@__crt_strtox@@YA?AW4SLD_STATUS@@QAU__crt_locale_pointers@@V?$input_adapter_character_source@V?$string_input_adapter@D@__crt_stdio_input@@@0@QAM@Z 100585ce f i libucrt:input.obj
 0001:00057649       ??$parse_floating_point@V?$input_adapter_character_source@V?$string_input_adapter@D@__crt_stdio_input@@@__crt_strtox@@N@__crt_strtox@@YA?AW4SLD_STATUS@@QAU__crt_locale_pointers@@V?$input_adapter_character_source@V?$string_input_adapter@D@__crt_stdio_input@@@0@QAN@Z 10058649 f i libucrt:input.obj
 0001:000576c4       ??$parse_floating_point_from_source@V?$input_adapter_character_source@V?$string_input_adapter@D@__crt_stdio_input@@@__crt_strtox@@@__crt_strtox@@YA?AW4floating_point_parse_result@0@QAU__crt_locale_pointers@@AAV?$input_adapter_character_source@V?$string_input_adapter@D@__crt_stdio_input@@@0@AAUfloating_point_string@0@@Z 100586c4 f i libucrt:input.obj
 0001:00057b22       ??$parse_floating_point_possible_infinity@DV?$input_adapter_character_source@V?$string_input_adapter@D@__crt_stdio_input@@@__crt_strtox@@_K@__crt_strtox@@YA?AW4floating_point_parse_result@0@AADAAV?$input_adapter_character_source@V?$string_input_adapter@D@__crt_stdio_input@@@0@_K@Z 10058b22 f i libucrt:input.obj
 0001:00057be3       ??$parse_floating_point_possible_nan@DV?$input_adapter_character_source@V?$string_input_adapter@D@__crt_stdio_input@@@__crt_strtox@@_K@__crt_strtox@@YA?AW4floating_point_parse_result@0@AADAAV?$input_adapter_character_source@V?$string_input_adapter@D@__crt_stdio_input@@@0@_K@Z 10058be3 f i libucrt:input.obj
 0001:00057d00       ??$parse_floating_point_possible_nan_is_ind@DV?$input_adapter_character_source@V?$string_input_adapter@D@__crt_stdio_input@@@__crt_strtox@@@__crt_strtox@@YA_NAADAAV?$input_adapter_character_source@V?$string_input_adapter@D@__crt_stdio_input@@@0@@Z 10058d00 f i libucrt:input.obj
 0001:00057d3a       ??$parse_floating_point_possible_nan_is_snan@DV?$input_adapter_character_source@V?$string_input_adapter@D@__crt_stdio_input@@@__crt_strtox@@@__crt_strtox@@YA_NAADAAV?$input_adapter_character_source@V?$string_input_adapter@D@__crt_stdio_input@@@0@@Z 10058d3a f i libucrt:input.obj
 0001:00057d74       ??$parse_floating_point_write_result@M@__crt_strtox@@YA?AW4SLD_STATUS@@W4floating_point_parse_result@0@ABUfloating_point_string@0@QAM@Z 10058d74 f i libucrt:input.obj
 0001:00057ee0       ??$parse_floating_point_write_result@N@__crt_strtox@@YA?AW4SLD_STATUS@@W4floating_point_parse_result@0@ABUfloating_point_string@0@QAN@Z 10058ee0 f i libucrt:input.obj
 0001:00058004       ??$parse_integer@_KV?$input_adapter_character_source@V?$string_input_adapter@D@__crt_stdio_input@@@__crt_strtox@@@__crt_strtox@@YA_KQAU__crt_locale_pointers@@V?$input_adapter_character_source@V?$string_input_adapter@D@__crt_stdio_input@@@0@H_N@Z 10059004 f i libucrt:input.obj
 0001:000582c3       ??$process_floating_point_specifier_t@M@?$input_processor@DV?$string_input_adapter@D@__crt_stdio_input@@@__crt_stdio_input@@AAE_NXZ 100592c3 f i libucrt:input.obj
 0001:0005832b       ??$process_floating_point_specifier_t@N@?$input_processor@DV?$string_input_adapter@D@__crt_stdio_input@@@__crt_stdio_input@@AAE_NXZ 1005932b f i libucrt:input.obj
 0001:00058393       ??$process_string_specifier_tchar@D@?$input_processor@DV?$string_input_adapter@D@__crt_stdio_input@@@__crt_stdio_input@@AAE_NW4conversion_mode@1@D@Z 10059393 f i libucrt:input.obj
 0001:000584f2       ??$process_string_specifier_tchar@_W@?$input_processor@DV?$string_input_adapter@D@__crt_stdio_input@@@__crt_stdio_input@@AAE_NW4conversion_mode@1@_W@Z 100594f2 f i libucrt:input.obj
 0001:0005865b       ??$skip_whitespace@Vstring_input_adapter@__crt_stdio_input@@D@__crt_stdio_input@@YAHAAV?$string_input_adapter@D@0@QAU__crt_locale_pointers@@@Z 1005965b f i libucrt:input.obj
 0001:0005868a       ??$write_floating_point@M@?$input_processor@DV?$string_input_adapter@D@__crt_stdio_input@@@__crt_stdio_input@@AAE_NABM@Z 1005968a f i libucrt:input.obj
 0001:000586be       ??$write_floating_point@N@?$input_processor@DV?$string_input_adapter@D@__crt_stdio_input@@@__crt_stdio_input@@AAE_NABN@Z 100596be f i libucrt:input.obj
 0001:000586f8       ??0?$format_string_parser@D@__crt_stdio_input@@QAE@_KQBE@Z 100596f8 f i libucrt:input.obj
 0001:00058742       ??0?$input_adapter_character_source@V?$string_input_adapter@D@__crt_stdio_input@@@__crt_strtox@@QAE@QAV?$string_input_adapter@D@__crt_stdio_input@@_KQA_N@Z 10059742 f i libucrt:input.obj
 0001:00058773       ??0?$input_processor@DV?$string_input_adapter@D@__crt_stdio_input@@@__crt_stdio_input@@QAE@ABV?$string_input_adapter@D@1@_KQBDQAU__crt_locale_pointers@@QAD@Z 10059773 f i libucrt:input.obj
 0001:000587e1       ?advance@?$format_string_parser@D@__crt_stdio_input@@QAE_NXZ 100597e1 f i libucrt:input.obj
 0001:00058906       ?as_double@floating_point_value@__crt_strtox@@QBEAANXZ 10059906 f i libucrt:input.obj
 0001:0005892b       ?as_float@floating_point_value@__crt_strtox@@QBEAAMXZ 1005992b f i libucrt:input.obj
 0001:00058950       ?assemble_floating_point_infinity@__crt_strtox@@YAX_NABVfloating_point_value@1@@Z 10059950 f i libucrt:input.obj
 0001:00058993       ?assemble_floating_point_value@__crt_strtox@@YA?AW4SLD_STATUS@@_KH_N1ABVfloating_point_value@1@@Z 10059993 f i libucrt:input.obj
 0001:00058cd9       ?assemble_floating_point_value_from_big_integer@__crt_strtox@@YA?AW4SLD_STATUS@@ABUbig_integer@1@I_N1ABVfloating_point_value@1@@Z 10059cd9 f i libucrt:input.obj
 0001:00058e6f       ?assemble_floating_point_zero@__crt_strtox@@YAX_NABVfloating_point_value@1@@Z 10059e6f f i libucrt:input.obj
 0001:00058ea7       ?convert_decimal_string_to_floating_type_common@__crt_strtox@@YA?AW4SLD_STATUS@@ABUfloating_point_string@1@ABVfloating_point_value@1@@Z 10059ea7 f i libucrt:input.obj
 0001:0005ac1c       ?convert_hexadecimal_string_to_floating_type_common@__crt_strtox@@YA?AW4SLD_STATUS@@ABUfloating_point_string@1@ABVfloating_point_value@1@@Z 1005bc1c f i libucrt:input.obj
 0001:0005acc4       ?denormal_mantissa_mask@floating_point_value@__crt_strtox@@QBE_KXZ 1005bcc4 f i libucrt:input.obj
 0001:0005ace0       ?divide@__crt_strtox@@YA_KAAUbig_integer@1@ABU21@@Z 1005bce0 f i libucrt:input.obj
 0001:0005b16d       ?get@?$input_adapter_character_source@V?$string_input_adapter@D@__crt_stdio_input@@@__crt_strtox@@QAEDXZ 1005c16d f i libucrt:input.obj
 0001:0005b1ad       ?get@?$string_input_adapter@D@__crt_stdio_input@@QAEHXZ 1005c1ad f i libucrt:input.obj
 0001:0005b1c3       ?invert@?$scanset_buffer@E@__crt_stdio_input@@QAEXXZ 1005c1c3 f i libucrt:input.obj
 0001:0005b1e1       ?is_character_allowed_in_string@?$input_processor@DV?$string_input_adapter@D@__crt_stdio_input@@@__crt_stdio_input@@ABE_NW4conversion_mode@2@H@Z 1005c1e1 f i libucrt:input.obj
 0001:0005b235       ?length@?$format_string_parser@D@__crt_stdio_input@@QBEIXZ 1005c235 f i libucrt:input.obj
 0001:0005b276       ?normal_mantissa_mask@floating_point_value@__crt_strtox@@QBE_KXZ 1005c276 f i libucrt:input.obj
 0001:0005b28d       ?process@?$input_processor@DV?$string_input_adapter@D@__crt_stdio_input@@@__crt_stdio_input@@QAEHXZ 1005c28d f i libucrt:input.obj
 0001:0005b316       ?process_character_count_specifier@?$input_processor@DV?$string_input_adapter@D@__crt_stdio_input@@@__crt_stdio_input@@AAE_NXZ 1005c316 f i libucrt:input.obj
 0001:0005b32e       ?process_conversion_specifier@?$input_processor@DV?$string_input_adapter@D@__crt_stdio_input@@@__crt_stdio_input@@AAE_NXZ 1005c32e f i libucrt:input.obj
 0001:0005b3a2       ?process_floating_point_specifier@?$input_processor@DV?$string_input_adapter@D@__crt_stdio_input@@@__crt_stdio_input@@AAE_NXZ 1005c3a2 f i libucrt:input.obj
 0001:0005b3d2       ?process_integer_specifier@?$input_processor@DV?$string_input_adapter@D@__crt_stdio_input@@@__crt_stdio_input@@AAE_NI_N@Z 1005c3d2 f i libucrt:input.obj
 0001:0005b436       ?process_literal_character@?$input_processor@DV?$string_input_adapter@D@__crt_stdio_input@@@__crt_stdio_input@@AAE_NXZ 1005c436 f i libucrt:input.obj
 0001:0005b46c       ?process_literal_character_tchar@?$input_processor@DV?$string_input_adapter@D@__crt_stdio_input@@@__crt_stdio_input@@AAE_ND@Z 1005c46c f i libucrt:input.obj
 0001:0005b4be       ?process_state@?$input_processor@DV?$string_input_adapter@D@__crt_stdio_input@@@__crt_stdio_input@@AAE_NXZ 1005c4be f i libucrt:input.obj
 0001:0005b500       ?process_string_specifier@?$input_processor@DV?$string_input_adapter@D@__crt_stdio_input@@@__crt_stdio_input@@AAE_NW4conversion_mode@2@@Z 1005c500 f i libucrt:input.obj
 0001:0005b548       ?process_whitespace@?$input_processor@DV?$string_input_adapter@D@__crt_stdio_input@@@__crt_stdio_input@@AAE_NXZ 1005c548 f i libucrt:input.obj
 0001:0005b565       ?restore_state@?$input_adapter_character_source@V?$string_input_adapter@D@__crt_stdio_input@@@__crt_strtox@@QAE_N_K@Z 1005c565 f i libucrt:input.obj
 0001:0005b58a       ?scan_conversion_specifier@?$format_string_parser@D@__crt_stdio_input@@AAE_NXZ 1005c58a f i libucrt:input.obj
 0001:0005b6fa       ?scan_optional_field_width@?$format_string_parser@D@__crt_stdio_input@@AAE_NXZ 1005c6fa f i libucrt:input.obj
 0001:0005b799       ?scan_optional_length_modifier@?$format_string_parser@D@__crt_stdio_input@@AAEXXZ 1005c799 f i libucrt:input.obj
 0001:0005b8b1       ?scan_optional_literal_character_trail_bytes_tchar@?$format_string_parser@D@__crt_stdio_input@@AAE_ND@Z 1005c8b1 f i libucrt:input.obj
 0001:0005b903       ?scan_optional_wide_modifier@?$format_string_parser@D@__crt_stdio_input@@AAEXXZ 1005c903 f i libucrt:input.obj
 0001:0005b921       ?scan_scanset_range@?$format_string_parser@D@__crt_stdio_input@@AAE_NXZ 1005c921 f i libucrt:input.obj
 0001:0005ba4f       ?set_wide_for_c_s_or_scanset@?$format_string_parser@D@__crt_stdio_input@@AAEXXZ 1005ca4f f i libucrt:input.obj
 0001:0005ba6f       ?to_floating_point_length@__crt_stdio_input@@YAIW4length_modifier@1@@Z 1005ca6f f i libucrt:input.obj
 0001:0005ba92       ?to_integer_length@__crt_stdio_input@@YAIW4length_modifier@1@@Z 1005ca92 f i libucrt:input.obj
 0001:0005baea       ?unget@?$input_adapter_character_source@V?$string_input_adapter@D@__crt_stdio_input@@@__crt_strtox@@QAEXD@Z 1005caea f i libucrt:input.obj
 0001:0005bb31       ?unget@?$string_input_adapter@D@__crt_stdio_input@@QAEXH@Z 1005cb31 f i libucrt:input.obj
 0001:0005bb50       ?validate@?$format_string_parser@D@__crt_stdio_input@@QBE_NXZ 1005cb50 f i libucrt:input.obj
 0001:0005bb6c       ?validate@?$input_adapter_character_source@V?$string_input_adapter@D@__crt_stdio_input@@@__crt_strtox@@QBE_NXZ 1005cb6c f i libucrt:input.obj
 0001:0005bb8d       ?validate@?$string_input_adapter@D@__crt_stdio_input@@QAE_NXZ 1005cb8d f i libucrt:input.obj
 0001:0005bbaf       ?write_character@?$input_processor@DV?$string_input_adapter@D@__crt_stdio_input@@@__crt_stdio_input@@AAE_NQA_WIAAPA_WAAID@Z 1005cbaf f i libucrt:input.obj
 0001:0005bc1e       ?write_integer@?$input_processor@DV?$string_input_adapter@D@__crt_stdio_input@@@__crt_stdio_input@@AAE_N_K@Z 1005cc1e f i libucrt:input.obj
 0001:0005bc8c       ___stdio_common_vsscanf    1005cc8c f   libucrt:input.obj
 0001:0005bd97       ??$parse_floating_point@V?$c_string_character_source@D@__crt_strtox@@N@__crt_strtox@@YA?AW4SLD_STATUS@@QAU__crt_locale_pointers@@V?$c_string_character_source@D@0@QAN@Z 1005cd97 f i libucrt:atof.obj
 0001:0005be0d       ??$parse_floating_point_from_source@V?$c_string_character_source@D@__crt_strtox@@@__crt_strtox@@YA?AW4floating_point_parse_result@0@QAU__crt_locale_pointers@@AAV?$c_string_character_source@D@0@AAUfloating_point_string@0@@Z 1005ce0d f i libucrt:atof.obj
 0001:0005c1ff       ??$parse_floating_point_possible_infinity@DV?$c_string_character_source@D@__crt_strtox@@PBD@__crt_strtox@@YA?AW4floating_point_parse_result@0@AADAAV?$c_string_character_source@D@0@PBD@Z 1005d1ff f i libucrt:atof.obj
 0001:0005c2a3       ??$parse_floating_point_possible_nan@DV?$c_string_character_source@D@__crt_strtox@@PBD@__crt_strtox@@YA?AW4floating_point_parse_result@0@AADAAV?$c_string_character_source@D@0@PBD@Z 1005d2a3 f i libucrt:atof.obj
 0001:0005c3b7       ??$parse_floating_point_possible_nan_is_ind@DV?$c_string_character_source@D@__crt_strtox@@@__crt_strtox@@YA_NAADAAV?$c_string_character_source@D@0@@Z 1005d3b7 f i libucrt:atof.obj
 0001:0005c3f3       ??$parse_floating_point_possible_nan_is_snan@DV?$c_string_character_source@D@__crt_strtox@@@__crt_strtox@@YA_NAADAAV?$c_string_character_source@D@0@@Z 1005d3f3 f i libucrt:atof.obj
 0001:0005c455       ?unget@?$c_string_character_source@D@__crt_strtox@@QAEXD@Z 1005d455 f i libucrt:atof.obj
 0001:0005c47e       _atof                      1005d47e f   libucrt:atof.obj
 0001:0005c491       ??$is_overflow_condition@K@__crt_strtox@@YA_NIK@Z 1005d491 f i libucrt:atox.obj
 0001:0005c4c2       ??$parse_integer@KV?$c_string_character_source@D@__crt_strtox@@@__crt_strtox@@YAKQAU__crt_locale_pointers@@V?$c_string_character_source@D@0@H_N@Z 1005d4c2 f i libucrt:atox.obj
 0001:0005c6eb       ??$parse_integer@_KV?$c_string_character_source@D@__crt_strtox@@@__crt_strtox@@YA_KQAU__crt_locale_pointers@@V?$c_string_character_source@D@0@H_N@Z 1005d6eb f i libucrt:atox.obj
 0001:0005c992       _atoi                      1005d992 f   libucrt:atox.obj
 0001:0005c9c0       __CIatan2                  1005d9c0 f   libucrt:87ctriga.obj
 0001:0005c9d0       __libm_sse2_cos_precise    1005d9d0 f   libucrt:cos_sse2_precise.obj
 0001:0005cb88       ___acrt_call_reportfault   1005db88 f   libucrt:invalid_parameter.obj
 0001:0005ccc3       ___acrt_initialize_invalid_parameter_handler 1005dcc3 f   libucrt:invalid_parameter.obj
 0001:0005ccd2       __invalid_parameter        1005dcd2 f   libucrt:invalid_parameter.obj
 0001:0005cd4d       __invalid_parameter_noinfo 1005dd4d f   libucrt:invalid_parameter.obj
 0001:0005cd5d       __invalid_parameter_noinfo_noreturn 1005dd5d f   libucrt:invalid_parameter.obj
 0001:0005cd7a       __invoke_watson            1005dd7a f   libucrt:invalid_parameter.obj
 0001:0005cdae       __fread_nolock_s           1005ddae f   libucrt:fread.obj
 0001:0005cf87       _fread                     1005df87 f   libucrt:fread.obj
 0001:0005cfa4       _fread_s                   1005dfa4 f   libucrt:fread.obj
 0001:0005d037       _free                      1005e037 f   libucrt:free.obj
 0001:0005d054       _malloc                    1005e054 f   libucrt:malloc.obj
 0001:0005d05f       ___acrt_initialize_new_handler 1005e05f f   libucrt:new_handler.obj
 0001:0005d06e       __callnewh                 1005e06e f   libucrt:new_handler.obj
 0001:0005d0b2       __query_new_handler        1005e0b2 f   libucrt:new_handler.obj
 0001:0005d104       _terminate                 1005e104 f   libucrt:terminate.obj
 0001:0005d140       __initterm                 1005e140 f   libucrt:initterm.obj
 0001:0005d19c       __initterm_e               1005e19c f   libucrt:initterm.obj
 0001:0005d1e1       __seh_filter_dll           1005e1e1 f   libucrt:exception_filter.obj
 0001:0005d201       __seh_filter_exe           1005e201 f   libucrt:exception_filter.obj
 0001:0005d5ef       ___acrt_initialize_thread_local_exit_callback 1005e5ef f   libucrt:exit.obj
 0001:0005d5fe       __cexit                    1005e5fe f   libucrt:exit.obj
 0001:0005d60d       __exit                     1005e60d f   libucrt:exit.obj
 0001:0005d623       __is_c_termination_complete 1005e623 f   libucrt:exit.obj
 0001:0005d8da       ___acrt_allocate_buffer_for_argv 1005e8da f   libucrt:argv_parsing.obj
 0001:0005d929       __configure_narrow_argv    1005e929 f   libucrt:argv_parsing.obj
 0001:0005da88       ??$uninitialize@A6AXAAPAPA_W@Z@?$dual_state_global@PAPA_W@__crt_state_management@@QAEXA6AXAAPAPA_W@Z@Z 1005ea88 f i libucrt:environment_initialization.obj
 0001:0005da88       ??$uninitialize@A6AXAAPAPAD@Z@?$dual_state_global@PAPAD@__crt_state_management@@QAEXA6AXAAPAPAD@Z@Z 1005ea88 f i libucrt:environment_initialization.obj
 0001:0005dafe       ___dcrt_uninitialize_environments_nolock 1005eafe f   libucrt:environment_initialization.obj
 0001:0005db35       __initialize_narrow_environment 1005eb35 f   libucrt:environment_initialization.obj
 0001:0005dbdc       ??$__crt_fast_encode_pointer@P6AHXZ@@YAP6AHXZQ6AHXZ@Z 1005ebdc f i libucrt:onexit.obj
 0001:0005de60       __crt_atexit               1005ee60 f   libucrt:onexit.obj
 0001:0005de76       __execute_onexit_table     1005ee76 f   libucrt:onexit.obj
 0001:0005dea5       __initialize_onexit_table  1005eea5 f   libucrt:onexit.obj
 0001:0005dee2       __register_onexit_function 1005eee2 f   libucrt:onexit.obj
 0001:0005df3e       ___acrt_uninitialize_command_line 1005ef3e f   libucrt:argv_data.obj
 0001:0005e026       ___acrt_initialize         1005f026 f   libucrt:initialization.obj
 0001:0005e038       ___acrt_thread_attach      1005f038 f   libucrt:initialization.obj
 0001:0005e043       ___acrt_thread_detach      1005f043 f   libucrt:initialization.obj
 0001:0005e04b       ___acrt_uninitialize       1005f04b f   libucrt:initialization.obj
 0001:0005e07b       ___acrt_uninitialize_critical 1005f07b f   libucrt:initialization.obj
 0001:0005e08d       _strcpy_s                  1005f08d f   libucrt:strcpy_s.obj
 0001:0005e0e7       _abort                     1005f0e7 f   libucrt:abort.obj
 0001:0005e12b       _calloc                    1005f12b f   libucrt:calloc.obj
 0001:0005e136       _wcsncmp                   1005f136 f   libucrt:wcsncmp.obj
 0001:0005e170       __isdigit_l                1005f170 f i libucrt:_ctype.obj
 0001:0005e1a8       __isspace_l                1005f1a8 f i libucrt:_ctype.obj
 0001:0005e1e0       _isdigit                   1005f1e0 f i libucrt:_ctype.obj
 0001:0005e20e       _isspace                   1005f20e f i libucrt:_ctype.obj
 0001:0005e23c       ___acrt_errno_from_os_error 1005f23c f   libucrt:errno.obj
 0001:0005e27f       ___acrt_errno_map_os_error 1005f27f f   libucrt:errno.obj
 0001:0005e2a2       ___doserrno                1005f2a2 f   libucrt:errno.obj
 0001:0005e2b5       __errno                    1005f2b5 f   libucrt:errno.obj
 0001:0005e2c8       __free_base                1005f2c8 f   libucrt:free_base.obj
 0001:0005e302       __malloc_base              1005f302 f   libucrt:malloc_base.obj
 0001:0005e350       ??$make_c_string_character_source@DPAPAD@__crt_strtox@@YA?AV?$c_string_character_source@D@0@QBDQAPAD@Z 1005f350 f i libucrt:strtox.obj
 0001:0005e36b       _strtol                    1005f36b f   libucrt:strtox.obj
 0001:0005e397       _strtoull                  1005f397 f   libucrt:strtox.obj
 0001:0005e3c3       __mbtowc_l                 1005f3c3 f   libucrt:mbtowc.obj
 0001:0005e507       _mbtowc                    1005f507 f   libucrt:mbtowc.obj
 0001:0005e521       __wctomb_s_l               1005f521 f   libucrt:wctomb.obj
 0001:0005e644       _wctomb_s                  1005f644 f   libucrt:wctomb.obj
 0001:0005e661       _strnlen                   1005f661 f   libucrt:strnlen.obj
 0001:0005e783       _wcsnlen                   1005f783 f   libucrt:strnlen.obj
 0001:0005ec4d       ___acrt_freeptd            1005fc4d f   libucrt:per_thread_data.obj
 0001:0005ec79       ___acrt_getptd             1005fc79 f   libucrt:per_thread_data.obj
 0001:0005ed30       ___acrt_getptd_head        1005fd30 f   libucrt:per_thread_data.obj
 0001:0005edca       ___acrt_getptd_noexit      1005fdca f   libucrt:per_thread_data.obj
 0001:0005ee77       ___acrt_initialize_ptd     1005fe77 f   libucrt:per_thread_data.obj
 0001:0005eea3       ___acrt_uninitialize_ptd   1005fea3 f   libucrt:per_thread_data.obj
 0001:0005eebd       ___acrt_update_locale_info 1005febd f   libucrt:locale_update.obj
 0001:0005eeea       ___acrt_update_multibyte_info 1005feea f   libucrt:locale_update.obj
 0001:0005ef17       ?__acrt_fp_classify@@YA?AW4__acrt_fp_class@@ABN@Z 1005ff17 f i libucrt:cvt.obj
 0001:0005f7cd       ___acrt_fp_format          100607cd f   libucrt:cvt.obj
 0001:0005f90a       __fileno                   1006090a f   libucrt:fileno.obj
 0001:0005f930       ___acrt_initialize_stdio   10060930 f   libucrt:_file.obj
 0001:0005f9f8       ___acrt_iob_func           100609f8 f   libucrt:_file.obj
 0001:0005fa08       ___acrt_uninitialize_stdio 10060a08 f   libucrt:_file.obj
 0001:0005fa54       __lock_file                10060a54 f   libucrt:_file.obj
 0001:0005fa68       __unlock_file              10060a68 f   libucrt:_file.obj
 0001:0005fa7c       __get_printf_count_output  10060a7c f   libucrt:printf_count_output.obj
 0001:0005fa91       ___acrt_stdio_begin_temporary_buffering_nolock 10060a91 f   libucrt:_sftbuf.obj
 0001:0005fb46       ___acrt_stdio_end_temporary_buffering_nolock 10060b46 f   libucrt:_sftbuf.obj
 0001:0005fbe3       ___acrt_set_locale_changed 10060be3 f   libucrt:wsetlocale.obj
 0001:0005fbee       ___acrt_uninitialize_locale 10060bee f   libucrt:wsetlocale.obj
 0001:0005fd83       ___acrt_initialize_lowio   10060d83 f   libucrt:ioinit.obj
 0001:0005fdd9       ___acrt_uninitialize_lowio 10060dd9 f   libucrt:ioinit.obj
 0001:0005fe05       ___libm_error_support      10060e05 f   libucrt:libm_error.obj
 0001:00060020       _sqrt                      10061020 f   libucrt:sqrt.obj
 0001:00060030       __CItan                    10061030 f   libucrt:tan_impl.obj
 0001:0006006b       __CItan_default            1006106b f   libucrt:tan_impl.obj
 0001:0006007f       __tan_default              1006107f     libucrt:tan_impl.obj
 0001:00060116       ___pctype_func             10061116 f   libucrt:ctype.obj
 0001:0006013c       __isleadbyte_l             1006113c f i libucrt:_wctype.obj
 0001:00060175       __isctype_l                10061175 f   libucrt:isctype.obj
 0001:00060439       ___acrt_LCMapStringA       10061439 f   libucrt:lcmapstringa.obj
 0001:00060484       __freea_crt                10061484 f i libucrt:lcmapstringa.obj
 0001:00060526       __close                    10061526 f   libucrt:close.obj
 0001:000605b5       __close_nolock             100615b5 f   libucrt:close.obj
 0001:00060651       ?__acrt_stdio_allocate_stream@@YA?AV__crt_stdio_stream@@XZ 10061651 f   libucrt:stream.obj
 0001:000606b0       ?__acrt_stdio_free_stream@@YAXV__crt_stdio_stream@@@Z 100616b0 f   libucrt:stream.obj
 0001:000607ae       ___acrt_stdio_free_buffer_nolock 100617ae f   libucrt:_freebuf.obj
 0001:000609b3       ___acrt_stdio_flush_nolock 100619b3 f   libucrt:fflush.obj
 0001:00060a16       __fflush_nolock            10061a16 f   libucrt:fflush.obj
 0001:00060a5d       __flushall                 10061a5d f   libucrt:fflush.obj
 0001:00060a66       ??$__acrt_stdio_parse_mode@D@@YA?AU__acrt_stdio_stream_mode@@QBD@Z 10061a66 f i libucrt:openfile.obj
 0001:00060d1a       ?__acrt_stdio_parse_mode_D@@YA_NAAU__acrt_stdio_stream_mode@@@Z 10061d1a f i libucrt:openfile.obj
 0001:00060d35       ?__acrt_stdio_parse_mode_T@@YA_NAAU__acrt_stdio_stream_mode@@@Z 10061d35 f i libucrt:openfile.obj
 0001:00060d54       ?__acrt_stdio_parse_mode_b@@YA_NAAU__acrt_stdio_stream_mode@@@Z 10061d54 f i libucrt:openfile.obj
 0001:00060d74       ?__acrt_stdio_parse_mode_c@@YA_NAAU__acrt_stdio_stream_mode@@AA_N@Z 10061d74 f i libucrt:openfile.obj
 0001:00060d96       ?__acrt_stdio_parse_mode_n@@YA_NAAU__acrt_stdio_stream_mode@@AA_N@Z 10061d96 f i libucrt:openfile.obj
 0001:00060db8       ?__acrt_stdio_parse_mode_plus@@YA_NAAU__acrt_stdio_stream_mode@@AA_N@Z 10061db8 f i libucrt:openfile.obj
[...]
 0003:00005d28       ?vecRandom@?1??BotBodyTarget@@YA?AVVector@@PAUedict_s@@PAUbot_t@@@Z@4V2@A 10089d28     bot_combat.obj
 0003:00005d34       ?bBotUsesSniper@?1??BotBodyTarget@@YA?AVVector@@PAUedict_s@@PAUbot_t@@@Z@4_NA 10089d34     bot_combat.obj
 0003:00005d35       ?bBotUsesPistol@?1??BotBodyTarget@@YA?AVVector@@PAUedict_s@@PAUbot_t@@@Z@4_NA 10089d35     bot_combat.obj
 0003:00005d36       ?bBotUsesAssaultSniper@?1??BotBodyTarget@@YA?AVVector@@PAUedict_s@@PAUbot_t@@@Z@4_NA 10089d36     bot_combat.obj
 0003:00005d37       ?bBotUsesSubmachine@?1??BotBodyTarget@@YA?AVVector@@PAUedict_s@@PAUbot_t@@@Z@4_NA 10089d37     bot_combat.obj
 0003:00005d38       ?bBotUsesRifle@?1??BotBodyTarget@@YA?AVVector@@PAUedict_s@@PAUbot_t@@@Z@4_NA 10089d38     bot_combat.obj
 0003:00005d39       ?bEnemyTeamnate@?1??BotBodyTarget@@YA?AVVector@@PAUedict_s@@PAUbot_t@@@Z@4_NA 10089d39     bot_combat.obj
 0003:00005d3c       ?fRandomFactor@?1??BotBodyTarget@@YA?AVVector@@PAUedict_s@@PAUbot_t@@@Z@4MA 10089d3c     bot_combat.obj
 0003:00005d40       ?pEdict@?1??BotFocusEnemy@@YAXPAUbot_t@@@Z@4PAUedict_s@@A 10089d40     bot_combat.obj
 0003:00005d44       ?flDotStart@?1??BotFocusEnemy@@YAXPAUbot_t@@@Z@4MA 10089d44     bot_combat.obj
 0003:00005d48       ?flDotStop@?1??BotFocusEnemy@@YAXPAUbot_t@@@Z@4MA 10089d48     bot_combat.obj
 0003:00005d4c       ?fSqDist@?1??BotFocusEnemy@@YAXPAUbot_t@@@Z@4MA 10089d4c     bot_combat.obj
 0003:00005d50       ?vecDist@?1??BotFocusEnemy@@YAXPAUbot_t@@@Z@4VVector@@A 10089d50     bot_combat.obj
 0003:00005d5c       ?f_distance@?1??BotFocusEnemy@@YAXPAUbot_t@@@Z@4MA 10089d5c     bot_combat.obj
 0003:00005d60       ?fOffset@?1??BotFocusEnemy@@YAXPAUbot_t@@@Z@4MA 10089d60     bot_combat.obj
 0003:00005d64       ?flDot@?1??BotFocusEnemy@@YAXPAUbot_t@@@Z@4MA 10089d64     bot_combat.obj
 0003:00005d68       ?flEnemyDot@?1??BotFocusEnemy@@YAXPAUbot_t@@@Z@4MA 10089d68     bot_combat.obj
 0003:00005d6c       ?vecEnemy@?1??BotFocusEnemy@@YAXPAUbot_t@@@Z@4VVector@@A 10089d6c     bot_combat.obj
 0003:0007f810       ?gblExpand@?1??AStarSearch@@YAPAUpathnode@@PAU2@P6AH0@Z11P6APAU2@0@ZP6AH00@Z@Z@4HA 10103810     bot_navigate.obj
 0003:0007f814       ?pOtherBot@?1??GetBestNextWaypoint@@YA_NPAUbot_t@@@Z@4PAU2@A 10103814     bot_navigate.obj
 0003:0007f818       ?bWaypointInUse@?1??GetBestNextWaypoint@@YA_NPAUbot_t@@@Z@4_NA 10103818     bot_navigate.obj
 0003:0007f819       ?bCurrentWaypointIndexOK@?1??GetBestNextWaypoint@@YA_NPAUbot_t@@@Z@4_NA 10103819     bot_navigate.obj
 0003:0007f81c       ?c@?1??GetBestNextWaypoint@@YA_NPAUbot_t@@@Z@4HA 1010381c     bot_navigate.obj
 0003:0007f820       ?iCurrentWaypointIndex@?1??GetBestNextWaypoint@@YA_NPAUbot_t@@@Z@4HA 10103820     bot_navigate.obj
 0003:0007f828       ?iUsedWaypoints@?1??GetBestNextWaypoint@@YA_NPAUbot_t@@@Z@4PAHA 10103828     bot_navigate.obj
 0003:0007f8a8       ?vecWPOrigin@?1??GetBestNextWaypoint@@YA_NPAUbot_t@@@Z@4VVector@@A 101038a8     bot_navigate.obj
 0003:0007f8b4       ?pEdict@?1??BotHeadTowardWaypoint@@YA_NPAUbot_t@@@Z@4PAUedict_s@@A 101038b4     bot_navigate.obj
 0003:0007f8b8       ?tr@?1??BotHeadTowardWaypoint@@YA_NPAUbot_t@@@Z@4UTraceResult@@A 101038b8     bot_navigate.obj
 0003:0007f8f0       ?bWill_jump@?1??BotHeadTowardWaypoint@@YA_NPAUbot_t@@@Z@4_NA 101038f0     bot_navigate.obj
 0003:0007f8f4       ?fKills@?1??BotHeadTowardWaypoint@@YA_NPAUbot_t@@@Z@4MA 101038f4     bot_navigate.obj
 0003:0007f8f8       ?fTime@?1??BotHeadTowardWaypoint@@YA_NPAUbot_t@@@Z@4MA 101038f8     bot_navigate.obj
 0003:0007f8fc       ?fJump_distance@?1??BotHeadTowardWaypoint@@YA_NPAUbot_t@@@Z@4MA 101038fc     bot_navigate.obj
 0003:0007f900       ?i@?1??BotHeadTowardWaypoint@@YA_NPAUbot_t@@@Z@4HA 10103900     bot_navigate.obj
 0003:0007f904       ?iWaypoint@?1??BotHeadTowardWaypoint@@YA_NPAUbot_t@@@Z@4HA 10103904     bot_navigate.obj
 0003:0007f908       ?max_random@?1??BotHeadTowardWaypoint@@YA_NPAUbot_t@@@Z@4JA 10103908     bot_navigate.obj
 0003:0007f90c       ?v_src@?1??BotHeadTowardWaypoint@@YA_NPAUbot_t@@@Z@4VVector@@A 1010390c     bot_navigate.obj
 0003:0007f918       ?v_dest@?1??BotHeadTowardWaypoint@@YA_NPAUbot_t@@@Z@4VVector@@A 10103918     bot_navigate.obj
 0003:0007f924       ?pPath@?1??BotHeadTowardWaypoint@@YA_NPAUbot_t@@@Z@4PAUpath@@A 10103924     bot_navigate.obj
 0003:0007f928       ?pEdict@?1??BotDoWaypointNav@@YA_NPAUbot_t@@@Z@4PAUedict_s@@A 10103928     bot_navigate.obj
 0003:0007f92c       ?tr@?1??BotDoWaypointNav@@YA_NPAUbot_t@@@Z@4UTraceResult@@A 1010392c     bot_navigate.obj
 0003:0007f964       ?tr2@?1??BotDoWaypointNav@@YA_NPAUbot_t@@@Z@4UTraceResult@@A 10103964     bot_navigate.obj
 0003:0007f99c       ?tr3@?1??BotDoWaypointNav@@YA_NPAUbot_t@@@Z@4UTraceResult@@A 1010399c     bot_navigate.obj
 0003:0007f9d4       ?tr4@?1??BotDoWaypointNav@@YA_NPAUbot_t@@@Z@4UTraceResult@@A 101039d4     bot_navigate.obj
 0003:0007fa0c       ?bFoundGround@?1??BotDoWaypointNav@@YA_NPAUbot_t@@@Z@4_NA 10103a0c     bot_navigate.obj
 0003:0007fa0d       ?bLiftExistDoorClosed@?1??BotDoWaypointNav@@YA_NPAUbot_t@@@Z@4_NA 10103a0d     bot_navigate.obj
 0003:0007fa0e       ?bNeedWait@?1??BotDoWaypointNav@@YA_NPAUbot_t@@@Z@4_NA 10103a0e     bot_navigate.obj
 0003:0007fa0f       ?bLiftUsed@?1??BotDoWaypointNav@@YA_NPAUbot_t@@@Z@4_NA 10103a0f     bot_navigate.obj
 0003:0007fa10       ?bPathValid@?1??BotDoWaypointNav@@YA_NPAUbot_t@@@Z@4_NA 10103a10     bot_navigate.obj
 0003:0007fa11       ?bDoorHasTargetButton@?1??BotDoWaypointNav@@YA_NPAUbot_t@@@Z@4_NA 10103a11     bot_navigate.obj
 0003:0007fa12       ?bPreviousWP_OK@?1??BotDoWaypointNav@@YA_NPAUbot_t@@@Z@4_NA 10103a12     bot_navigate.obj
 0003:0007fa14       ?f_button_distance@?1??BotDoWaypointNav@@YA_NPAUbot_t@@@Z@4MA 10103a14     bot_navigate.obj
 0003:0007fa18       ?f_button_min_distance@?1??BotDoWaypointNav@@YA_NPAUbot_t@@@Z@4MA 10103a18     bot_navigate.obj
 0003:0007fa1c       ?fDistance@?1??BotDoWaypointNav@@YA_NPAUbot_t@@@Z@4MA 10103a1c     bot_navigate.obj
 0003:0007fa20       ?fDesiredDistance@?1??BotDoWaypointNav@@YA_NPAUbot_t@@@Z@4MA 10103a20     bot_navigate.obj
 0003:0007fa24       ?wpt_distance@?1??BotDoWaypointNav@@YA_NPAUbot_t@@@Z@4MA 10103a24     bot_navigate.obj
 0003:0007fa28       ?flDot@?1??BotDoWaypointNav@@YA_NPAUbot_t@@@Z@4MA 10103a28     bot_navigate.obj
 0003:0007fa2c       ?fCone@?1??BotDoWaypointNav@@YA_NPAUbot_t@@@Z@4MA 10103a2c     bot_navigate.obj
 0003:0007fa30       ?f_tr2FlFraction@?1??BotDoWaypointNav@@YA_NPAUbot_t@@@Z@4MA 10103a30     bot_navigate.obj
 0003:0007fa34       ?f_tr3FlFraction@?1??BotDoWaypointNav@@YA_NPAUbot_t@@@Z@4MA 10103a34     bot_navigate.obj
 0003:0007fa38       ?fOwnLightLevel@?1??BotDoWaypointNav@@YA_NPAUbot_t@@@Z@4MA 10103a38     bot_navigate.obj
 0003:0007fa3c       ?i@?1??BotDoWaypointNav@@YA_NPAUbot_t@@@Z@4HA 10103a3c     bot_navigate.obj
 0003:0007fa40       ?iWPTValue@?1??BotDoWaypointNav@@YA_NPAUbot_t@@@Z@4HA 10103a40     bot_navigate.obj
 0003:0007fa44       ?iStartIndex@?1??BotDoWaypointNav@@YA_NPAUbot_t@@@Z@4HA 10103a44     bot_navigate.obj
 0003:0007fa48       ?iGoalIndex@?1??BotDoWaypointNav@@YA_NPAUbot_t@@@Z@4HA 10103a48     bot_navigate.obj
 0003:0007fa4c       ?iWPTIndex@?1??BotDoWaypointNav@@YA_NPAUbot_t@@@Z@4HA 10103a4c     bot_navigate.obj
 0003:0007fa50       ?iTempIndex@?1??BotDoWaypointNav@@YA_NPAUbot_t@@@Z@4HA 10103a50     bot_navigate.obj
 0003:0007fa54       ?iPreviousWpt@?1??BotDoWaypointNav@@YA_NPAUbot_t@@@Z@4HA 10103a54     bot_navigate.obj
 0003:0007fa58       ?iAmountLooped@?1??BotDoWaypointNav@@YA_NPAUbot_t@@@Z@4HA 10103a58     bot_navigate.obj
 0003:0007fa5c       ?iButtonPushProp@?1??BotDoWaypointNav@@YA_NPAUbot_t@@@Z@4HA 10103a5c     bot_navigate.obj
 0003:0007fa60       ?EntHitIndex@?1??BotDoWaypointNav@@YA_NPAUbot_t@@@Z@4HA 10103a60     bot_navigate.obj
 0003:0007fa64       ?iStrLen@?1??BotDoWaypointNav@@YA_NPAUbot_t@@@Z@4IA 10103a64     bot_navigate.obj
 0003:0007fa68       ?cNearestButtonIndex@?1??BotDoWaypointNav@@YA_NPAUbot_t@@@Z@4CA 10103a68     bot_navigate.obj
 0003:0007fa69       ?cCollStateIndex@?1??BotDoWaypointNav@@YA_NPAUbot_t@@@Z@4DA 10103a69     bot_navigate.obj
 0003:0007fa6c       ?v_trace_start@?1??BotDoWaypointNav@@YA_NPAUbot_t@@@Z@4VVector@@A 10103a6c     bot_navigate.obj
 0003:0007fa78       ?v_trace_end@?1??BotDoWaypointNav@@YA_NPAUbot_t@@@Z@4VVector@@A 10103a78     bot_navigate.obj
 0003:0007fa84       ?vecDirection@?1??BotDoWaypointNav@@YA_NPAUbot_t@@@Z@4VVector@@A 10103a84     bot_navigate.obj
 0003:0007fa90       ?v_button_origin@?1??BotDoWaypointNav@@YA_NPAUbot_t@@@Z@4VVector@@A 10103a90     bot_navigate.obj
 0003:0007fa9c       ?vecOrg@?1??BotDoWaypointNav@@YA_NPAUbot_t@@@Z@4VVector@@A 10103a9c     bot_navigate.obj
 0003:0007faa8       ?vBotOrigin@?1??BotDoWaypointNav@@YA_NPAUbot_t@@@Z@4VVector@@A 10103aa8     bot_navigate.obj
 0003:0007fab4       ?vWptLadder@?1??BotDoWaypointNav@@YA_NPAUbot_t@@@Z@4VVector@@A 10103ab4     bot_navigate.obj
 0003:0007fac0       ?vPlayerOrigin@?1??BotDoWaypointNav@@YA_NPAUbot_t@@@Z@4VVector@@A 10103ac0     bot_navigate.obj
 0003:0007facc       ?v_src@?1??BotDoWaypointNav@@YA_NPAUbot_t@@@Z@4VVector@@A 10103acc     bot_navigate.obj
 0003:0007fad8       ?v_tr23_start@?1??BotDoWaypointNav@@YA_NPAUbot_t@@@Z@4VVector@@A 10103ad8     bot_navigate.obj
 0003:0007fae4       ?v_OriginNextFrame@?1??BotDoWaypointNav@@YA_NPAUbot_t@@@Z@4VVector@@A 10103ae4     bot_navigate.obj
 0003:0008d1c8       ?pPlayer@?1??StartFrame@@YAXXZ@4PAUedict_s@@A 101111c8     dll.obj
 0003:0008d1cc       ?i@?1??StartFrame@@YAXXZ@4HA 101111cc     dll.obj
 0003:0008d1d0       ?player_index@?1??StartFrame@@YAXXZ@4HA 101111d0     dll.obj
 0003:0008d1d4       ?bot_index@?1??StartFrame@@YAXXZ@4HA 101111d4     dll.obj
 0003:0008d1d8       ?cmd_line@?1??StartFrame@@YAXXZ@4PADA 101111d8     dll.obj
 0003:0008d228       ?szDirectory@?1??StartFrame@@YAXXZ@4PADA 10111228     dll.obj
 0003:0008d328       ?cmd1@?1??StartFrame@@YAXXZ@4PADA 10111328     dll.obj
 0003:0008d3a8       ?cmd2@?1??StartFrame@@YAXXZ@4PADA 101113a8     dll.obj
 0003:0008d428       ?arg1@?1??StartFrame@@YAXXZ@4PADA 10111428     dll.obj
 0003:0008d4a8       ?arg2@?1??StartFrame@@YAXXZ@4PADA 101114a8     dll.obj
 0003:0008d528       ?arg3@?1??StartFrame@@YAXXZ@4PADA 10111528     dll.obj
 0003:0008d5a8       ?arg4@?1??StartFrame@@YAXXZ@4PADA 101115a8     dll.obj
 0003:0008d628       ?arg5@?1??StartFrame@@YAXXZ@4PADA 10111628     dll.obj
 0003:0008d6a8       ?bAliveHumans@?1??StartFrame@@YAXXZ@4_NA 101116a8     dll.obj
 0003:0008d6ac       ?sending@?1??Pfn_UpdateClientData@@YAXPBUedict_s@@HPAUclientdata_s@@@Z@4HA 101116ac     dll.obj
 0003:0008d6b0       ?bot_index@?1??Pfn_UpdateClientData@@YAXPBUedict_s@@HPAUclientdata_s@@@Z@4HA 101116b0     dll.obj
 0003:0008d6b4       ?pPlayer@?1??Pfn_UpdateClientData@@YAXPBUedict_s@@HPAUclientdata_s@@@Z@4PAU2@A 101116b4     dll.obj
 0003:0008d6b8       ?command@?1??FakeClientCommand@@YAXPAUedict_s@@PBDZZ@4PADA 101116b8     dll.obj
 0003:0008d7b8       ?field@?1??GetField@@YAPBDPBDH@Z@4PADA 101117b8     dll.obj
 0003:0008db30       ?WeaponList@@3HA           10111b30     engine.obj
 0003:0008db34       ?CurWeapon@@3HA            10111b34     engine.obj
 0003:0008db38       ?AmmoX@@3HA                10111b38     engine.obj
 0003:0008db3c       ?AmmoPickup@@3HA           10111b3c     engine.obj
 0003:0008db40       ?Damage@@3HA               10111b40     engine.obj
 0003:0008db44       ?ScreenFade@@3HA           10111b44     engine.obj
 0003:0008db48       ?DeathMsg@@3HA             10111b48     engine.obj
 0003:0008db4c       ?BarTime@@3HA              10111b4c     engine.obj
 0003:0008db50       ?BombDrop@@3HA             10111b50     engine.obj
 0003:0008db54       ?BombPickup@@3HA           10111b54     engine.obj
 0003:0008db58       ?Money@@3HA                10111b58     engine.obj
 0003:0008db5c       ?ResetHUD@@3HA             10111b5c     engine.obj
 0003:0008db60       ?SayText@@3HA              10111b60     engine.obj
 0003:0008db64       ?ShowMenu@@3HA             10111b64     engine.obj
 0003:0008db68       ?StatusIcon@@3HA           10111b68     engine.obj
 0003:0008db6c       ?VGUIMenu@@3HA             10111b6c     engine.obj
 0003:0008db70       ?TextMsg@@3HA              10111b70     engine.obj
 0003:0008db74       ?HLTV@@3HA                 10111b74     engine.obj
 0003:0008db78       ?ScoreInfo@@3HA            10111b78     engine.obj
 0003:0008db7c       ?ScoreAttrib@@3HA          10111b7c     engine.obj
 0003:0008db80       ?TeamInfo@@3HA             10111b80     engine.obj
 0003:0008db84       ?TeamScore@@3HA            10111b84     engine.obj
 0003:0008db88       ?RoundTime@@3HA            10111b88     engine.obj
 0003:0008db8c       ?FlashBat@@3HA             10111b8c     engine.obj
 0003:0008db90       ?NVGToggle@@3HA            10111b90     engine.obj
 0003:0008db98       ?string@?1??pfnClientCommand@@YAXPAUedict_s@@PADZZ@4PADA 10111b98     engine.obj
 0003:0008df98       ?index@?1??pfnMessageBegin@@YAXHHPBMPAUedict_s@@@Z@4HA 10111f98     engine.obj
 0003:0008df9c       ?tab_index@?1??pfnMessageBegin@@YAXHHPBMPAUedict_s@@@Z@4HA 10111f9c     engine.obj
 0003:0008dfa0       ?pPlayer@?1??C_MessageEnd_Post@@YAXXZ@4PAUedict_s@@A 10111fa0     engine.obj
 0003:0008dfa4       ?i@?1??C_MessageEnd_Post@@YAXXZ@4HA 10111fa4     engine.obj
 0003:0008dfa8       ?player_index@?1??C_MessageEnd_Post@@YAXXZ@4HA 10111fa8     engine.obj
 0003:0008dfac       ?sending@?1??C_MessageEnd_Post@@YAXXZ@4HA 10111fac     engine.obj
 0003:0008dfb0       ?i@?1??FBoxVisible@@YA_NPAUbot_t@@PAUedict_s@@PAVVector@@PAE@Z@4HA 10111fb0     util.obj
 0003:0008dfb4       ?RenderFx@?1??FBoxVisible@@YA_NPAUbot_t@@PAUedict_s@@PAVVector@@PAE@Z@4HA 10111fb4     util.obj
 0003:0008dfb8       ?RenderMode@?1??FBoxVisible@@YA_NPAUbot_t@@PAUedict_s@@PAVVector@@PAE@Z@4HA 10111fb8     util.obj
 0003:0008dfbc       ?TargetEntIndex@?1??FBoxVisible@@YA_NPAUbot_t@@PAUedict_s@@PAVVector@@PAE@Z@4HA 10111fbc     util.obj
 0003:0008dfc0       ?TargetWeapon@?1??FBoxVisible@@YA_NPAUbot_t@@PAUedict_s@@PAVVector@@PAE@Z@4HA 10111fc0     util.obj
 0003:0008dfc4       ?RenderColor@?1??FBoxVisible@@YA_NPAUbot_t@@PAUedict_s@@PAVVector@@PAE@Z@4V4@A 10111fc4     util.obj
 0003:0008dfd0       ?RenderAmount@?1??FBoxVisible@@YA_NPAUbot_t@@PAUedict_s@@PAVVector@@PAE@Z@4MA 10111fd0     util.obj
 0003:0008dfd4       ?LightLevel@?1??FBoxVisible@@YA_NPAUbot_t@@PAUedict_s@@PAVVector@@PAE@Z@4MA 10111fd4     util.obj
 0003:0008dfd8       ?SemiTransparent@?1??FBoxVisible@@YA_NPAUbot_t@@PAUedict_s@@PAVVector@@PAE@Z@4_NA 10111fd8     util.obj
 0003:0008dfd9       ?WeaponIsGun@?1??FBoxVisible@@YA_NPAUbot_t@@PAUedict_s@@PAVVector@@PAE@Z@4_NA 10111fd9     util.obj
 0003:0008dfdc       ?tr@?1??FBoxVisible@@YA_NPAUbot_t@@PAUedict_s@@PAVVector@@PAE@Z@4UTraceResult@@A 10111fdc     util.obj
 0003:0008e014       ?vecLookerOrigin@?1??FBoxVisible@@YA_NPAUbot_t@@PAUedict_s@@PAVVector@@PAE@Z@4V4@A 10112014     util.obj
 0003:0008e020       ?vecTarget@?1??FBoxVisible@@YA_NPAUbot_t@@PAUedict_s@@PAVVector@@PAE@Z@4V4@A 10112020     util.obj
 0003:0008e02c       ?vecEnDirection@?1??FBoxVisible@@YA_NPAUbot_t@@PAUedict_s@@PAVVector@@PAE@Z@4V4@A 1011202c     util.obj
 0003:0008e038       ?pEdict@?1??FBoxVisible@@YA_NPAUbot_t@@PAUedict_s@@PAVVector@@PAE@Z@4PAU3@A 10112038     util.obj
 0003:0008e040       ?pszMessage@?1??UTIL_HostPrint@@YAXPBDZZ@4PADA 10112040     util.obj
 0003:0008e440       ?pszMessage@?1??UTIL_ServerPrint@@YAXPBDZZ@4PADA 10112440     util.obj
 0003:0008e840       ?_Tss_mutex@@3U_RTL_CRITICAL_SECTION@@A 10112840     LIBCMT:thread_safe_statics.obj
 0003:0008e858       ?_Tss_cv@@3U_RTL_CONDITION_VARIABLE@@A 10112858     LIBCMT:thread_safe_statics.obj
 0003:0008e85c       ?_Tss_event@@3PAXA         1011285c     LIBCMT:thread_safe_statics.obj
 0003:0008e860       ?encoded_sleep_condition_variable_cs@@3P6GHPAU_RTL_CONDITION_VARIABLE@@PAU_RTL_CRITICAL_SECTION@@K@ZA 10112860     LIBCMT:thread_safe_statics.obj
 0003:0008e864       ?encoded_wake_all_condition_variable@@3P6GXPAU_RTL_CONDITION_VARIABLE@@@ZA 10112864     LIBCMT:thread_safe_statics.obj
 0003:0008e870       _GS_ExceptionRecord        10112870     LIBCMT:gs_report.obj
 0003:0008e8c0       _GS_ContextRecord          101128c0     LIBCMT:gs_report.obj
 0003:0008eb8c       ?__proc_attached@@3HA      10112b8c     LIBCMT:dll_dllmain.obj
 0003:0008eb90       ?module_local_atexit_table@@3U_onexit_table_t@@A 10112b90     LIBCMT:utility.obj
 0003:0008eb9c       ?module_local_at_quick_exit_table@@3U_onexit_table_t@@A 10112b9c     LIBCMT:utility.obj
 0003:0008eba8       ?module_local_atexit_table_initialized@@3_NA 10112ba8     LIBCMT:utility.obj
 0003:0008ebb4       ?is_initialized_as_dll@@3_NA 10112bb4     LIBCMT:utility.obj
 0003:0008ebd0       ?__vcrt_startup_thread_ptd@@3U__vcrt_ptd@@A 10112bd0     libvcruntime:per_thread_data.obj
 0003:0008ebf8       ___vcrt_lock_table         10112bf8     libvcruntime:locks.obj
 0003:0008ec10       ___vcrt_locks_initialized  10112c10     libvcruntime:locks.obj
 0003:0008ec14       ?module_handles@@3PAPAUHINSTANCE__@@A 10112c14     libvcruntime:winapi_downlevel.obj
 0003:0008ec20       ?encoded_function_pointers@@3PAPAXA 10112c20     libvcruntime:winapi_downlevel.obj
 0003:0008ec60       ?heap@@3V_HeapManager@@A   10112c60     libvcruntime:undname.obj
 0003:0008ec78       ?__acrt_invalid_parameter_handler@@3V?$dual_state_global@P6AXPB_W00II@Z@__crt_state_management@@A 10112c78     libucrt:invalid_parameter.obj
 0003:0008ec7c       ?__acrt_new_handler@@3V?$dual_state_global@P6AHI@Z@__crt_state_management@@A 10112c7c     libucrt:new_handler.obj
 0003:0008ec80       ?c_termination_complete@@3JA 10112c80     libucrt:exit.obj
 0003:0008ec84       ?thread_local_exit_callback_func@@3P6GXPAXK0@ZA 10112c84     libucrt:exit.obj
 0003:0008ec90       ?program_name@?1???$common_configure_argv@D@@YAHW4_crt_argv_mode@@@Z@4PADA 10112c90     libucrt:argv_parsing.obj
 0003:0008edc0       ?internal_state@?1??_mbtowc_l@@9@4U_Mbstatet@@A 10112dc0     libucrt:mbtowc.obj
 0003:0008edd4       ?enable_percent_n@@3IA     10112dd4     libucrt:printf_count_output.obj
 0003:0008efec       __pmatherr_set             10112fec     libucrt:libm_error.obj
 0003:0008eff0       ?__acrt_lock_table@@3PAU_RTL_CRITICAL_SECTION@@A 10112ff0     libucrt:locks.obj
 0003:0008f140       ?__acrt_locks_initialized@@3IA 10113140     libucrt:locks.obj
 0003:0008f150       ?fSystemSet@@3HA           10113150     libucrt:mbctype.obj
 0003:0008f154       ?initialized@?1??__acrt_initialize_multibyte@@9@4_NA 10113154     libucrt:mbctype.obj
 0003:0008f170       ?module_handles@@3PAPAUHINSTANCE__@@A 10113170     libucrt:winapi_thunks.obj
 0003:0008f1c0       ?encoded_function_pointers@@3PAPAXA 101131c0     libucrt:winapi_thunks.obj
 0003:0008f24c       ?ctrlc_action@@3V?$dual_state_global@P6AXH@Z@__crt_state_management@@A 1011324c     libucrt:signal.obj
 0003:0008f250       ?ctrlbreak_action@@3V?$dual_state_global@P6AXH@Z@__crt_state_management@@A 10113250     libucrt:signal.obj
 0003:0008f254       ?abort_action@@3V?$dual_state_global@P6AXH@Z@__crt_state_management@@A 10113254     libucrt:signal.obj
 0003:0008f258       ?term_action@@3V?$dual_state_global@P6AXH@Z@__crt_state_management@@A 10113258     libucrt:signal.obj
 0003:0008f25c       ?user_matherr@@3V?$dual_state_global@P6AHPAU_exception@@@Z@__crt_state_management@@A 1011325c     libucrt:matherr.obj
 0003:0008f260       ?__acrt_global_new_mode@@3V?$dual_state_global@J@__crt_state_management@@A 10113260     libucrt:new_mode.obj
 0003:0008f274       ?internal_pst@?1??__mbrtoc32_utf8@__crt_mbstring@@YAIPA_UPBDIPAU_Mbstatet@@@Z@4U3@A 10113274     libucrt:mbrtoc32.obj
 0003:0008f27c       ?__acrt_app_type@@3W4_crt_app_type@@A 1011327c     libucrt:report_runtime_error.obj
 0003:0008f288       ?internal_pst@?1??__c16rtomb_utf8@__crt_mbstring@@YAIPAD_SPAU_Mbstatet@@@Z@4U3@A 10113288     libucrt:c16rtomb.obj
 0004:00000060       $R000000                   10114060     podbot_mm.res
