 podbot_mm

 Timestamp is 5b379c2b (Sat Jun 30 16:05:15 2018)

 Preferred load address is 10000000

 Start         Length     Name                   Class
 0001:00000000 00000850H .text$di                CODE
 0001:00000850 00051790H .text$mn                CODE
 0001:00051fe0 0000008cH .text$x                 CODE
 0002:00000000 00000140H .idata$5                DATA
 0002:00000140 00000004H .00cfg                  DATA
 0002:00000144 00000004H .CRT$XCA                DATA
 0002:00000148 00000024H .CRT$XCU                DATA
 0002:0000016c 00000004H .CRT$XCZ                DATA
 0002:00000170 00000004H .CRT$XIA                DATA
 0002:00000174 00000004H .CRT$XIC                DATA
 0002:00000178 00000004H .CRT$XIZ                DATA
 0002:0000017c 00000004H .CRT$XLA                DATA
 0002:00000180 00000004H .CRT$XLZ                DATA
 0002:00000184 00000004H .CRT$XPA                DATA
 0002:00000188 00000004H .CRT$XPZ                DATA
 0002:0000018c 00000004H .CRT$XTA                DATA
 0002:00000190 00000010H .CRT$XTZ                DATA
 0002:00000194 00000000H .gfids$y                DATA
 0002:000001a0 0000d580H .rdata                  DATA
 0002:0000d720 00000018H .rdata$T                DATA
 0002:0000d738 00000138H .rdata$r                DATA
 0002:0000d870 00000010H .rdata$sxdata           DATA
 0002:0000d880 00000308H .rdata$zzzdbg           DATA
 0002:0000db88 00000004H .rtc$IAA                DATA
 0002:0000db8c 00000004H .rtc$IZZ                DATA
 0002:0000db90 00000004H .rtc$TAA                DATA
 0002:0000db94 00000004H .rtc$TZZ                DATA
 0002:0000db98 00000004H .tls                    DATA
 0002:0000db9c 00000004H .tls$                   DATA
 0002:0000dba0 00000008H .tls$ZZZ                DATA
 0002:0000dba8 000001f8H .xdata$x                DATA
 0002:0000dda0 00000124H .edata                  DATA
 0002:0000dec4 000000b4H .idata$2                DATA
 0002:0000df78 00000014H .idata$3                DATA
 0002:0000df8c 00000140H .idata$4                DATA
 0002:0000e0cc 00000612H .idata$6                DATA
 0003:00000000 00004c68H .data                   DATA
 0003:00004c68 00000078H .data$r                 DATA
 0003:00004ce0 0008962cH .bss                    DATA
 0004:00000000 00000060H .rsrc$01                DATA
 0004:00000060 00000338H .rsrc$02                DATA

  Address         Publics by Value              Rva+Base       Lib:Object

 0000:00000000       ___dynamic_value_reloc_table 00000000     <absolute>
 0000:00000000       ___hybrid_auxiliary_iat    00000000     <absolute>
 0000:00000000       ___enclave_config          00000000     <absolute>
 0000:00000000       ___guard_fids_table        00000000     <absolute>
 0000:00000000       ___hybrid_code_map         00000000     <absolute>
 0000:00000000       ___hybrid_code_map_count   00000000     <absolute>
 0000:00000000       ___guard_fids_count        00000000     <absolute>
 0000:00000000       ___guard_longjmp_table     00000000     <absolute>
 0000:00000000       ___guard_longjmp_count     00000000     <absolute>
 0000:00000000       ___guard_iat_count         00000000     <absolute>
 0000:00000000       ___guard_iat_table         00000000     <absolute>
 0000:00000004       ___safe_se_handler_count   00000004     <absolute>
 0000:0000002c       __tls_array                0000002c     <absolute>
 0000:00000100       ___guard_flags             00000100     <absolute>
 0000:00000000       ___ImageBase               10000000     <linker-defined>
 0001:00000850       ??$RecursiveLightPoint@UGL_mnode_t@@UGL_msurface_t@@@Light@@YA?B_NQBUGL_mnode_t@@ABVVector@@1@Z 10001850 f i bot.obj
 0001:00000b50       ??$RecursiveLightPoint@Umnode_s@@Umsurface_s@@@Light@@YA?B_NQBUmnode_s@@ABVVector@@1@Z 10001b50 f i bot.obj
 0001:00000e60       ??0Vector@@QAE@ABV0@@Z     10001e60 f i bot.obj
 0001:00000e90       ??8Vector@@QBEHABV0@@Z     10001e90 f i bot.obj
 0001:00000ed0       ?BotBuyStuff@@YAXPAUbot_t@@@Z 10001ed0 f   bot.obj
 0001:00001990       ?BotChangePitch@@YAXPAUbot_t@@M@Z 10002990 f   bot.obj
 0001:00001ae0       ?BotChangeYaw@@YAXPAUbot_t@@M@Z 10002ae0 f   bot.obj
 0001:00001c30       ?BotCheckAvoidGrenades@@YAXPAUbot_t@@@Z 10002c30 f   bot.obj
 0001:00001fa0       ?BotCheckDarkness@@YAXPAUbot_t@@@Z 10002fa0 f   bot.obj
 0001:00002310       ?BotCheckGrenadeThrow@@YAXPAUbot_t@@@Z 10003310 f   bot.obj
 0001:00002fe0       ?BotCheckMessageQueue@@YAXPAUbot_t@@@Z 10003fe0 f   bot.obj
 0001:000034c0       ?BotCheckRadioCommands@@YAXPAUbot_t@@@Z 100044c0 f   bot.obj
 0001:00004720       ?BotCheckReload@@YAXPAUbot_t@@@Z 10005720 f   bot.obj
 0001:00004b20       ?BotCheckShield@@YAXPAUbot_t@@@Z 10005b20 f   bot.obj
 0001:00004d20       ?BotCheckTaskPriorities@@YAXPAUbot_t@@@Z 10005d20 f   bot.obj
 0001:00004ec0       ?BotChooseAimDirection@@YAXPAUbot_t@@@Z 10005ec0 f   bot.obj
 0001:000067f0       ?BotCreate@@YAXHHHHPBD@Z   100077f0 f   bot.obj
 0001:000071f0       ?BotEnemyIsThreat@@YA_NPAUbot_t@@@Z 100081f0 f   bot.obj
 0001:00007370       ?BotEntityIsVisible@@YA_NPAUbot_t@@VVector@@@Z 10008370 f   bot.obj
 0001:000073f0       ?BotExecuteTask@@YAXPAUbot_t@@@Z 100083f0 f   bot.obj
 0001:0000eb90       ?BotFacePosition@@YAXPAUbot_t@@VVector@@@Z 1000fb90 f i bot.obj
 0001:00010070       ?BotFindBreakable@@YA_NPAUbot_t@@@Z 10011070 f   bot.obj
 0001:000105f0       ?BotFindItem@@YAXPAUbot_t@@@Z 100115f0 f   bot.obj
 0001:00012080       ?BotFollowUser@@YA_NPAUbot_t@@@Z 10013080 f   bot.obj
 0001:00012120       ?BotFreeAllMemory@@YAXXZ   10013120 f   bot.obj
 0001:00012300       ?BotGetMessageQueue@@YAHPAUbot_t@@@Z 10013300 f   bot.obj
 0001:00012320       ?BotGetSafeTask@@YAPAUbottask_s@@PAUbot_t@@@Z 10013320 f   bot.obj
 0001:00012410       ?BotGoalIsValid@@YA_NPAUbot_t@@@Z 10013410 f i bot.obj
 0001:00012490       ?BotHasHostage@@YA_NPAUbot_t@@@Z 10013490 f   bot.obj
 0001:00012580       ?BotInFieldOfView@@YAHPAUbot_t@@VVector@@@Z 10013580 f   bot.obj
 0001:000125f0       ?BotItemIsVisible@@YA_NPAUbot_t@@VVector@@PAD_N@Z 100135f0 f   bot.obj
 0001:00012720       ?BotLastEnemyShootable@@YA_NPAUbot_t@@@Z 10013720 f   bot.obj
 0001:000127c0       ?BotPlayRadioMessage@@YAXPAUbot_t@@H@Z 100137c0 f   bot.obj
 0001:000127e0       ?BotPrepareTask@@YAXPAUbot_t@@@Z 100137e0 f   bot.obj
 0001:00013ee0       ?BotPushMessageQueue@@YAXPAUbot_t@@H@Z 10014ee0 f   bot.obj
 0001:00013f10       ?BotPushTask@@YAXPAUbot_t@@PAUbottask_s@@@Z 10014f10 f   bot.obj
 0001:000143a0       ?BotRateGroundWeapon@@YAHPAUbot_t@@PAUedict_s@@@Z 100153a0 f   bot.obj
 0001:000144c0       ?BotReactOnEnemy@@YA_NPAUbot_t@@@Z 100154c0 f   bot.obj
 0001:00014710       ?BotRemoveCertainTask@@YAXPAUbot_t@@H@Z 10015710 f   bot.obj
 0001:00014860       ?BotResetTasks@@YAXPAUbot_t@@@Z 10015860 f   bot.obj
 0001:00014920       ?BotSetConditions@@YAXPAUbot_t@@@Z 10015920 f   bot.obj
 0001:00016390       ?BotSpawnInit@@YAXPAUbot_t@@@Z 10017390 f   bot.obj
 0001:00016e10       ?BotStartGame@@YAXPAUbot_t@@@Z 10017e10 f   bot.obj
 0001:00016ec0       ?BotTaskComplete@@YAXPAUbot_t@@@Z 10017ec0 f   bot.obj
 0001:000170d0       ?BotThink@@YAXPAUbot_t@@@Z 100180d0 f   bot.obj
 0001:000194c0       ?GetBestSecondaryWeaponCarried@@YAHPAUbot_t@@@Z 1001a4c0 f   bot.obj
 0001:00019580       ?GetBestWeaponCarried@@YAHPAUbot_t@@@Z 1001a580 f   bot.obj
 0001:00019640       ?GetHighestFragsBot@@YAHH@Z 1001a640 f   bot.obj
 0001:000196d0       ?GetValidWaypoint@@YAXPAUbot_t@@@Z 1001a6d0 f i bot.obj
 0001:00019c20       ?IsConnectedWithWaypoint@@YA_NHH@Z 1001ac20 f i bot.obj
 0001:00019c70       ?IsDeadlyDrop@@YA_NPAUbot_t@@VVector@@@Z 1001ac70 f   bot.obj
 0001:0001a080       ?IsDeadlyDropAtPos@@YA_NPAUbot_t@@VVector@@@Z 1001b080 f   bot.obj
 0001:0001a140       ?Normalize@Vector2D@@QBE?AV1@XZ 1001b140 f i bot.obj
 0001:0001a1d0       ?Normalize@Vector@@QBE?AV1@XZ 1001b1d0 f i bot.obj
 0001:0001a290       ?SelectLeaderEachTeam@@YAXPAUbot_t@@@Z 1001b290 f   bot.obj
 0001:0001a510       ?UTIL_ClampVector@@YAXPAVVector@@@Z 1001b510 f i bot.obj
 0001:0001a640       ___local_stdio_printf_options 1001b640 f i bot.obj
 0001:0001a650       __snprintf                 1001b650 f i bot.obj
 0001:0001a690       ?BotCheckKeywords@@YA_NPAUbot_t@@PAD1@Z 1001b690 f   bot_chat.obj
 0001:0001a9a0       ?BotParseChat@@YA_NPAUbot_t@@PAD@Z 1001b9a0 f   bot_chat.obj
 0001:0001aac0       ?BotPrepareChatMessage@@YAXPAUbot_t@@PAD@Z 1001bac0 f   bot_chat.obj
 0001:0001b010       ?BotRepliesToPlayer@@YA_NPAUbot_t@@@Z 1001c010 f   bot_chat.obj
 0001:0001b180       ?ConvertNameToHuman@@YAXPAD0@Z 1001c180 f   bot_chat.obj
 0001:0001b2d0       ?StripClanTags@@YAXPAD000@Z 1001c2d0 f i bot_chat.obj
 0001:0001b3a0       _sprintf                   1001c3a0 f i bot_chat.obj
 0001:0001b3e0       ?BotClient_CS_AmmoPickup@@YAXPAXH@Z 1001c3e0 f   bot_client.obj
 0001:0001b560       ?BotClient_CS_AmmoX@@YAXPAXH@Z 1001c560 f   bot_client.obj
 0001:0001b6d0       ?BotClient_CS_BarTime@@YAXPAXH@Z 1001c6d0 f   bot_client.obj
 0001:0001b710       ?BotClient_CS_BombDrop@@YAXPAXH@Z 1001c710 f   bot_client.obj
 0001:0001b8a0       ?BotClient_CS_BombPickup@@YAXPAXH@Z 1001c8a0 f   bot_client.obj
 0001:0001b900       ?BotClient_CS_CurrentWeapon@@YAXPAXH@Z 1001c900 f   bot_client.obj
 0001:0001bc40       ?BotClient_CS_Damage@@YAXPAXH@Z 1001cc40 f   bot_client.obj
 0001:0001c100       ?BotClient_CS_DeathMsg@@YAXPAXH@Z 1001d100 f   bot_client.obj
 0001:0001c570       ?BotClient_CS_FlashBat@@YAXPAXH@Z 1001d570 f   bot_client.obj
 0001:0001c5c0       ?BotClient_CS_HLTV@@YAXPAXH@Z 1001d5c0 f   bot_client.obj
 0001:0001c600       ?BotClient_CS_Money@@YAXPAXH@Z 1001d600 f   bot_client.obj
 0001:0001c620       ?BotClient_CS_NVGToggle@@YAXPAXH@Z 1001d620 f   bot_client.obj
 0001:0001c650       ?BotClient_CS_ResetHUD@@YAXPAXH@Z 1001d650 f   bot_client.obj
 0001:0001c680       ?BotClient_CS_TextMsg1@@YAXPAXH@Z 1001d680 f   bot_client.obj
 0001:0001c680       ?Client_CS_ScoreAttrib@@YAXPAXH@Z 1001d680 f   bot_client.obj
 0001:0001c680       ?BotClient_CS_RoundTime@@YAXPAXH@Z 1001d680 f   bot_client.obj
 0001:0001c680       ?Client_CS_ScoreInfo@@YAXPAXH@Z 1001d680 f   bot_client.obj
 0001:0001c680       @_guard_check_icall_nop@4  1001d680 f   MSVCRT:guard_support.obj
 0001:0001c690       ?BotClient_CS_SayText@@YAXPAXH@Z 1001d690 f   bot_client.obj
 0001:0001c740       ?BotClient_CS_ScreenFade@@YAXPAXH@Z 1001d740 f   bot_client.obj
 0001:0001ca00       ?BotClient_CS_ShowMenu@@YAXPAXH@Z 1001da00 f   bot_client.obj
 0001:0001cad0       ?BotClient_CS_StatusIcon@@YAXPAXH@Z 1001dad0 f   bot_client.obj
 0001:0001cbe0       ?BotClient_CS_TeamScore@@YAXPAXH@Z 1001dbe0 f   bot_client.obj
 0001:0001cc30       ?BotClient_CS_TextMsgAll@@YAXPAXH@Z 1001dc30 f   bot_client.obj
 0001:0001cd60       ?BotClient_CS_VGUI@@YAXPAXH@Z 1001dd60 f   bot_client.obj
 0001:0001cdc0       ?BotClient_CS_WeaponList@@YAXPAXH@Z 1001ddc0 f   bot_client.obj
 0001:0001ced0       ?Client_CS_TeamInfo@@YAXPAXH@Z 1001ded0 f   bot_client.obj
 0001:0001d0c0       ?BotBodyTarget@@YA?AVVector@@PAUedict_s@@PAUbot_t@@@Z 1001e0c0 f   bot_combat.obj
 0001:0001df10       ?BotCheckCorridor@@YA_NPAUbot_t@@@Z 1001ef10 f   bot_combat.obj
 0001:0001e5d0       ?BotCheckGrenades@@YAHPAUbot_t@@@Z 1001f5d0 f   bot_combat.obj
 0001:0001e610       ?BotCheckZoom@@YA_NPAUbot_t@@@Z 1001f610 f   bot_combat.obj
 0001:0001e900       ?BotCommandTeam@@YAXPAUbot_t@@@Z 1001f900 f   bot_combat.obj
 0001:0001eab0       ?BotDoAttackMovement@@YAXPAUbot_t@@@Z 1001fab0 f   bot_combat.obj
 0001:0001f990       ?BotDoFirePause@@YA_NPAUbot_t@@MPAUbot_fire_delay_t@@@Z 10020990 f   bot_combat.obj
 0001:0001fc40       ?BotEnemyIsVisible@@YA_NPAUbot_t@@PAUedict_s@@@Z 10020c40 f   bot_combat.obj
 0001:00020070       ?BotFindEnemy@@YA_NPAUbot_t@@@Z 10021070 f   bot_combat.obj
 0001:00021350       ?BotFireWeapon@@YA_NVVector@@PAUbot_t@@@Z 10022350 f   bot_combat.obj
 0001:00022150       ?BotFocusEnemy@@YAXPAUbot_t@@@Z 10023150 f   bot_combat.obj
 0001:00022650       ?BotHasCampWeapon@@YA_NPAUbot_t@@@Z 10023650 f   bot_combat.obj
 0001:00022690       ?BotHasPrimaryWeapon@@YA_NPAUbot_t@@@Z 10023690 f   bot_combat.obj
 0001:000226e0       ?BotHasRifleWeapon@@YA_NPAUbot_t@@@Z 100236e0 f   bot_combat.obj
 0001:00022700       ?BotHasSecondaryWeapon@@YA_NPAUbot_t@@@Z 10023700 f   bot_combat.obj
 0001:00022750       ?BotHasShield@@YA_NPAUbot_t@@@Z 10023750 f   bot_combat.obj
 0001:00022790       ?BotHasShieldDrawn@@YA_NPAUbot_t@@@Z 10023790 f   bot_combat.obj
 0001:00022810       ?BotHasSniperWeapon@@YA_NPAUbot_t@@@Z 10023810 f   bot_combat.obj
 0001:00022830       ?BotHasSubmachineGun@@YA_NPAUbot_t@@@Z 10023830 f   bot_combat.obj
 0001:00022850       ?BotSelectBestWeapon@@YAXPAUbot_t@@@Z 10023850 f   bot_combat.obj
 0001:00022c20       ?BotUsesRifle@@YA_NPAUbot_t@@@Z 10023c20 f   bot_combat.obj
 0001:00022c50       ?BotUsesSniper@@YA_NPAUbot_t@@@Z 10023c50 f   bot_combat.obj
 0001:00022c70       ?BotUsesSubmachineGun@@YA_NPAUbot_t@@@Z 10023c70 f   bot_combat.obj
 0001:00022ca0       ?FireHurtsFriend@@YA_NPAUbot_t@@M@Z 10023ca0 f   bot_combat.obj
 0001:00023130       ?HighestPistolOfEdict@@YAHPAUedict_s@@@Z 10024130 f   bot_combat.obj
 0001:00023190       ?HighestWeaponOfEdict@@YAHPAUedict_s@@@Z 10024190 f   bot_combat.obj
 0001:000231e0       ?IsGroupOfEnemies@@YA_NPAUbot_t@@VVector@@@Z 100241e0 f   bot_combat.obj
 0001:00023350       ?IsShootableThruObstacle@@YA_NPAUedict_s@@VVector@@@Z 10024350 f   bot_combat.obj
 0001:00023600       ?NumEnemiesNearPos@@YAHPAUbot_t@@VVector@@H@Z 10024600 f   bot_combat.obj
 0001:00023700       ?NumTeammatesNearPos@@YAHPAUbot_t@@VVector@@H@Z 10024700 f   bot_combat.obj
 0001:00023840       ?PlayerHasShieldDrawn@@YA_NPAUedict_s@@@Z 10024840 f   bot_combat.obj
 0001:00023900       ?SelectWeaponByName@@YAXPAUbot_t@@PAD@Z 10024900 f   bot_combat.obj
 0001:00023960       ?SelectWeaponByNumber@@YAXPAUbot_t@@H@Z 10024960 f   bot_combat.obj
 0001:000239c0       ?VecCheckThrow@@YA?AVVector@@PAUbot_t@@ABV1@V1@M@Z 100249c0 f   bot_combat.obj
 0001:00023d70       ?VecCheckToss@@YA?AVVector@@PAUbot_t@@ABV1@V1@@Z 10024d70 f   bot_combat.obj
 0001:000242e0       ?WeaponIsAssualtSniper@@YA_NH@Z 100252e0 f   bot_combat.obj
 0001:00024300       ?WeaponIsNade@@YA_NH@Z     10025300 f   bot_combat.obj
 0001:00024320       ?WeaponIsPistol@@YA_NH@Z   10025320 f   bot_combat.obj
 0001:00024350       ?WeaponIsPrimaryGun@@YA_NH@Z 10025350 f   bot_combat.obj
 0001:000243a0       ?WeaponIsRifle@@YA_NH@Z    100253a0 f   bot_combat.obj
 0001:000243d0       ?WeaponIsSniper@@YA_NH@Z   100253d0 f   bot_combat.obj
 0001:00024400       ?WeaponIsSubmachineGun@@YA_NH@Z 10025400 f   bot_combat.obj
 0001:00024430       ?WeaponShootsThru@@YA_NH@Z 10025430 f   bot_combat.obj
 0001:00024470       ??0bot_t@@QAE@XZ           10025470 f i bot_globals.obj
 0001:00024800       ?AStarSearch@@YAPAUpathnode@@PAU1@P6AH0@Z11P6APAU1@0@ZP6AH00@Z@Z 10025800 f   bot_navigate.obj
 0001:00024b90       ?BotCanDuckUnder@@YA_NPAUbot_t@@VVector@@@Z 10025b90 f   bot_navigate.obj
 0001:00024e80       ?BotCanJumpUp@@YA_NPAUbot_t@@VVector@@@Z 10025e80 f   bot_navigate.obj
 0001:000255d0       ?BotCantMoveBack@@YA_NPAUbot_t@@VVector@@@Z 100265d0 f   bot_navigate.obj
 0001:00026270       ?BotCantMoveForward@@YA_NPAUbot_t@@VVector@@@Z 10027270 f   bot_navigate.obj
 0001:00026ed0       ?BotChangeWptIndex@@YAXPAUbot_t@@H@Z 10027ed0 f   bot_navigate.obj
 0001:00026fd0       ?BotCheckCollisionWithPlayer@@YAHPAUbot_t@@PAUedict_s@@@Z 10027fd0 f   bot_navigate.obj
 0001:00027550       ?BotCheckTerrain@@YAXPAUbot_t@@@Z 10028550 f   bot_navigate.obj
 0001:0002d3a0       ?BotCheckWallOnLeft@@YA_NPAUbot_t@@@Z 1002e3a0 f   bot_navigate.obj
 0001:0002d4a0       ?BotCheckWallOnRight@@YA_NPAUbot_t@@@Z 1002e4a0 f   bot_navigate.obj
 0001:0002d5a0       ?BotChooseBombWaypoint@@YAHPAUbot_t@@@Z 1002e5a0 f   bot_navigate.obj
 0001:0002d750       ?BotCollectExperienceData@@YAXPAUedict_s@@0H@Z 1002e750 f   bot_navigate.obj
 0001:0002e180       ?BotCollectGoalExperience@@YAXPAUbot_t@@H@Z 1002f180 f   bot_navigate.obj
 0001:0002e2b0       ?BotDoWaypointNav@@YA_NPAUbot_t@@@Z 1002f2b0 f   bot_navigate.obj
 0001:00032b70       ?BotFindCoverWaypoint@@YAHPAUbot_t@@M@Z 10033b70 f   bot_navigate.obj
 0001:000337f0       ?BotFindDefendWaypoint@@YAHPAUbot_t@@VVector@@@Z 100347f0 f   bot_navigate.obj
 0001:00034180       ?BotFindGoal@@YAHPAUbot_t@@@Z 10035180 f   bot_navigate.obj
 0001:000349b0       ?BotFindWaypoint@@YA_NPAUbot_t@@@Z 100359b0 f   bot_navigate.obj
 0001:00034d30       ?BotGetCampDirection@@YAXPAUbot_t@@PAVVector@@@Z 10035d30 f   bot_navigate.obj
 0001:00035050       ?BotHeadTowardWaypoint@@YA_NPAUbot_t@@@Z 10036050 f   bot_navigate.obj
 0001:00035960       ?BotHearsBomb@@YA_NVVector@@@Z 10036960 f   bot_navigate.obj
 0001:00035a30       ?BotResetCollideState@@YAXPAUbot_t@@@Z 10036a30 f   bot_navigate.obj
 0001:00035b00       ?BotSetStrafeSpeed@@YAXPAUbot_t@@M@Z 10036b00 f   bot_navigate.obj
 0001:00035c10       ?CTBombPointClear@@YAXH@Z  10036c10 f   bot_navigate.obj
 0001:00035c50       ?DeleteSearchNodes@@YAXPAUbot_t@@@Z 10036c50 f   bot_navigate.obj
 0001:00035ce0       ?FindLeastCostPath@@YAPAUpathnode@@PAUbot_t@@HH@Z 10036ce0 f   bot_navigate.obj
 0001:00035fd0       ?FindShortestPath@@YAPAUpathnode@@HHPA_N@Z 10036fd0 f   bot_navigate.obj
 0001:000360b0       ?GetBestNextWaypoint@@YA_NPAUbot_t@@@Z 100370b0 f   bot_navigate.obj
 0001:000361b0       ?GetBombPosition@@YA?AVVector@@XZ 100371b0 f   bot_navigate.obj
 0001:00036280       ?GetPathDistance@@YAHHH@Z  10037280 f   bot_navigate.obj
 0001:000362a0       ?GetTravelTime@@YAMMVVector@@0@Z 100372a0 f   bot_navigate.obj
 0001:000362f0       ?TestAPath@@YAXHHHHE@Z     100372f0 f   bot_navigate.obj
 0001:00036510       ?UpdateGlobalExperienceData@@YAXXZ 10037510 f   bot_navigate.obj
 0001:00036960       ?WasBombPointVisited@@YA_NH@Z 10037960 f   bot_navigate.obj
 0001:00036990       ?WaypointFindInRadius@@YAXVVector@@MPAH1@Z 10037990 f   bot_navigate.obj
 0001:00036a40       ?WaypointFindNearestToMove@@YAHPAUedict_s@@VVector@@@Z 10037a40 f   bot_navigate.obj
 0001:00036c10       ?WaypointIsVisible@@YA_NHH@Z 10037c10 f   bot_navigate.obj
 0001:00036c50       ?WaypointReachable@@YA_NPAUbot_t@@H@Z 10037c50 f   bot_navigate.obj
 0001:00036e40       ?WaypointReachableByEnt@@YA_NVVector@@0PAUedict_s@@@Z 10037e40 f   bot_navigate.obj
 0001:00036f40       ?gfunctionKillsCT@@YAHPAUpathnode@@@Z 10037f40 f   bot_navigate.obj
 0001:00036ff0       ?gfunctionKillsCTWithHostage@@YAHPAUpathnode@@@Z 10037ff0 f   bot_navigate.obj
 0001:000370b0       ?gfunctionKillsDistCT@@YAHPAUpathnode@@@Z 100380b0 f   bot_navigate.obj
 0001:000371e0       ?gfunctionKillsDistCTWithHostage@@YAHPAUpathnode@@@Z 100381e0 f   bot_navigate.obj
 0001:00037310       ?gfunctionKillsDistT@@YAHPAUpathnode@@@Z 10038310 f   bot_navigate.obj
 0001:00037440       ?gfunctionKillsT@@YAHPAUpathnode@@@Z 10038440 f   bot_navigate.obj
 0001:000374f0       ?goal@@YAHPAUpathnode@@@Z  100384f0 f   bot_navigate.obj
 0001:00037510       ?hfunctionNone@@YAHPAUpathnode@@@Z 10038510 f   bot_navigate.obj
 0001:00037520       ?hfunctionSquareDist@@YAHPAUpathnode@@@Z 10038520 f   bot_navigate.obj
 0001:00037580       ?hfunctionSquareDistWithHostage@@YAHPAUpathnode@@@Z 10038580 f   bot_navigate.obj
 0001:000375f0       ?makeChildren@@YAPAUpathnode@@PAU1@@Z 100385f0 f   bot_navigate.obj
 0001:00037680       ?nodeEqual@@YAHPAUpathnode@@0@Z 10038680 f   bot_navigate.obj
 0001:000376b0       ?SoundAttachToThreat@@YAXPAUedict_s@@PBDM@Z 100386b0 f   bot_sounds.obj
 0001:000379f0       ?SoundSimulateUpdate@@YAXH@Z 100389f0 f   bot_sounds.obj
 0001:00037b70       ?Decode@@YAHPADHPAEH@Z     10038b70 f   compress.obj
 0001:00037cc0       ?DeleteNode@@YAXH@Z        10038cc0 f   compress.obj
 0001:00037dd0       ?Encode@@YAHPADPAEH1H@Z    10038dd0 f   compress.obj
 0001:00038060       ?InitTree@@YAXXZ           10039060 f   compress.obj
 0001:00038080       ?InsertNode@@YAXH@Z        10039080 f   compress.obj
 0001:000381d0       _GetEntityAPI2             100391d0 f   dll.obj
 0001:00038270       _GetEntityAPI2_Post        10039270 f   dll.obj
 0001:000382b0       ?ClientCommand@@YAXPAUedict_s@@@Z 100392b0 f   dll.obj
 0001:0003b710       ?ClientConnect@@YAHPAUedict_s@@PBD1QAD@Z 1003c710 f   dll.obj
 0001:0003b770       ?ClientDisconnect@@YAXPAUedict_s@@@Z 1003c770 f   dll.obj
 0001:0003b850       ?ClientPutInServer@@YAXPAUedict_s@@@Z 1003c850 f   dll.obj
 0001:0003b920       ?ClientUserInfoChanged_Post@@YAXPAUedict_s@@PAD@Z 1003c920 f   dll.obj
 0001:0003ba90       ?FakeClientCommand@@YAXPAUedict_s@@PBDZZ 1003ca90 f   dll.obj
 0001:0003bd70       ?GameDLLInit@@YAXXZ        1003cd70 f   dll.obj
 0001:0003be00       ?GetField@@YAPBDPBDH@Z     1003ce00 f   dll.obj
 0001:0003bf10       ?GetGameDir@@YAXXZ         1003cf10 f   dll.obj
 0001:0003bfd0       ?IsPBAdmin@@YA_NPAUedict_s@@@Z 1003cfd0 f   dll.obj
 0001:0003c020       ?PODBot_ServerCommand@@YAXXZ 1003d020 f   dll.obj
 0001:0003c090       ?PbCmdParser@@YAXPAUedict_s@@PBD11111@Z 1003d090 f   dll.obj
 0001:0003ea90       ?Pfn_KeyValue@@YAXPAUedict_s@@PAUKeyValueData_s@@@Z 1003fa90 f   dll.obj
 0001:0003ec10       ?Pfn_UpdateClientData@@YAXPBUedict_s@@HPAUclientdata_s@@@Z 1003fc10 f   dll.obj
 0001:0003ee30       ?ServerActivate@@YAXPAUedict_s@@HH@Z 1003fe30 f   dll.obj
 0001:00040560       ?ServerDeactivate@@YAXXZ   10041560 f   dll.obj
 0001:00040720       ?ShowPBKickBotMenu@@YAXPAUedict_s@@H@Z 10041720 f   dll.obj
 0001:00040a40       ?Spawn@@YAHPAUedict_s@@@Z  10041a40 f   dll.obj
 0001:00040ec0       ?Spawn_Post@@YAHPAUedict_s@@@Z 10041ec0 f   dll.obj
 0001:00041080       ?StartFrame@@YAXXZ         10042080 f   dll.obj
 0001:000426f0       ?UserNewroundAll@@YAXXZ    100436f0 f   dll.obj
 0001:00042780       _DllMain@12                10043780 f   dll.obj
 0001:00042790       _GiveFnptrsToDll@8         10043790 f   dll.obj
 0001:000427f0       _Meta_Attach               100437f0 f   dll.obj
 0001:00042900       _Meta_Detach               10043900 f   dll.obj
 0001:00042990       _Meta_Query                10043990 f   dll.obj
 0001:00042b00       ___local_stdio_scanf_options 10043b00 f i dll.obj
 0001:00042b10       _sscanf                    10043b10 f i dll.obj
 0001:00042b40       ?C_MessageEnd_Post@@YAXXZ  10043b40 f   engine.obj
 0001:00042dc0       ?FAST_GET_USER_MSG_ID@@YAHPAUplugin_info_t@@AAHPBDPAH@Z 10043dc0 f   engine.obj
 0001:00042df0       ?pfnAlertMessage_Post@@YAXW4ALERT_TYPE@@PADZZ 10043df0 f   engine.obj
 0001:00042e00       ?pfnChangeLevel@@YAXPAD0@Z 10043e00 f   engine.obj
 0001:00042e80       ?pfnClientCommand@@YAXPAUedict_s@@PADZZ 10043e80 f   engine.obj
 0001:00042ed0       ?pfnClientPrintf@@YAXPAUedict_s@@W4PRINT_TYPE@@PBD@Z 10043ed0 f   engine.obj
 0001:00042f00       ?pfnCmd_Argc@@YAHXZ        10043f00 f   engine.obj
 0001:00042f30       ?pfnCmd_Args@@YAPBDXZ      10043f30 f   engine.obj
 0001:00042fb0       ?pfnCmd_Argv@@YAPBDH@Z     10043fb0 f   engine.obj
 0001:00042ff0       ?pfnEmitSound@@YAXPAUedict_s@@HPBDMMHH@Z 10043ff0 f   engine.obj
 0001:00043020       ?pfnFindEntityByString@@YAPAUedict_s@@PAU1@PBD1@Z 10044020 f   engine.obj
 0001:00043070       ?pfnGetPlayerAuthId@@YAPBDPAUedict_s@@@Z 10044070 f   engine.obj
 0001:000430c0       ?pfnGetPlayerWONId@@YAIPAUedict_s@@@Z 100440c0 f   engine.obj
 0001:000431b0       ?pfnMessageBegin@@YAXHHPBMPAUedict_s@@@Z 100441b0 f   engine.obj
 0001:00043870       ?pfnMessageEnd@@YAXXZ      10044870 f   engine.obj
 0001:000438c0       ?pfnSetClientMaxspeed@@YAXPBUedict_s@@M@Z 100448c0 f   engine.obj
 0001:000438f0       ?pfnWriteChar@@YAXH@Z      100448f0 f   engine.obj
 0001:000438f0       ?pfnWriteByte@@YAXH@Z      100448f0 f   engine.obj
 0001:000438f0       ?pfnWriteAngle@@YAXM@Z     100448f0 f   engine.obj
 0001:000438f0       ?pfnWriteEntity@@YAXH@Z    100448f0 f   engine.obj
 0001:000438f0       ?pfnWriteLong@@YAXH@Z      100448f0 f   engine.obj
 0001:000438f0       ?pfnWriteCoord@@YAXM@Z     100448f0 f   engine.obj
 0001:000438f0       ?pfnWriteShort@@YAXH@Z     100448f0 f   engine.obj
 0001:00043920       ?pfnWriteString@@YAXPBD@Z  10044920 f   engine.obj
 0001:00043950       _GetEngineFunctions        10044950 f   engine.obj
 0001:00043a50       _GetEngineFunctions_Post   10044a50 f   engine.obj
 0001:00043aa0       ?BotHasNvg@@YA_NPAUbot_t@@@Z 10044aa0 f   util.obj
 0001:00043ac0       ?FBoxVisible@@YA_NPAUbot_t@@PAUedict_s@@PAVVector@@PAE@Z 10044ac0 f   util.obj
 0001:000443a0       ?FInViewCone@@YA_NPAVVector@@PAUedict_s@@@Z 100453a0 f   util.obj
 0001:000444b0       ?FVisible@@YA_NABVVector@@PAUedict_s@@@Z 100454b0 f   util.obj
 0001:00044580       ?FixedSigned16@@YAFMM@Z    10045580 f   util.obj
 0001:000445b0       ?FixedUnsigned16@@YAGMM@Z  100455b0 f   util.obj
 0001:000445e0       ?GetGunPosition@@YA?AVVector@@PAUedict_s@@@Z 100455e0 f   util.obj
 0001:00044630       ?GetShootingConeDeviation@@YAMPAUedict_s@@PAVVector@@@Z 10045630 f   util.obj
 0001:00044780       ?IsAlive@@YA_NPAUedict_s@@@Z 10045780 f   util.obj
 0001:000447c0       ?IsShootableBreakable@@YA_NPAUedict_s@@@Z 100457c0 f   util.obj
 0001:000448d0       ?UTIL_CheckCvars@@YAXXZ    100458d0 f   util.obj
 0001:000457e0       ?UTIL_CheckHostages@@YAXXZ 100467e0 f   util.obj
 0001:00045eb0       ?UTIL_CheckSmokeGrenades@@YAXXZ 10046eb0 f   util.obj
 0001:000462b0       ?UTIL_DecalTrace@@YAXPAUTraceResult@@PAD@Z 100472b0 f   util.obj
 0001:000463e0       ?UTIL_DisplayWpMenuWelcomeMessage@@YAXXZ 100473e0 f   util.obj
 0001:000464d0       ?UTIL_DrawBeam@@YAXVVector@@0HHHHHHHH@Z 100474d0 f   util.obj
 0001:000465e0       ?UTIL_GameStarted@@YAXXZ   100475e0 f   util.obj
 0001:00046610       ?UTIL_GetBotPointer@@YAPAUbot_t@@PAUedict_s@@@Z 10047610 f   util.obj
 0001:00046670       ?UTIL_GetNearestPlayerIndex@@YAHVVector@@@Z 10047670 f   util.obj
 0001:00046720       ?UTIL_GetTeam@@YAHPAUedict_s@@@Z 10047720 f   util.obj
 0001:00046740       ?UTIL_GetVectorsCone@@YAMVVector@@000@Z 10047740 f   util.obj
 0001:000468d0       ?UTIL_HostPrint@@YAXPBDZZ  100478d0 f   util.obj
 0001:000469b0       ?UTIL_HudMessage@@YAXPAUedict_s@@ABUhudtextparms_s@@PAD@Z 100479b0 f   util.obj
 0001:00046b80       ?UTIL_IlluminationOf@@YAMPAUedict_s@@@Z 10047b80 f   util.obj
 0001:00046c60       ?UTIL_RoundEnd@@YAXXZ      10047c60 f   util.obj
 0001:00046c90       ?UTIL_RoundStart@@YAXXZ    10047c90 f   util.obj
 0001:00046ee0       ?UTIL_SaveBreakableData@@YAXXZ 10047ee0 f   util.obj
 0001:00047230       ?UTIL_SaveButtonsData@@YAXXZ 10048230 f   util.obj
 0001:00047480       ?UTIL_SaveHostagesData@@YAXXZ 10048480 f   util.obj
 0001:000476c0       ?UTIL_ServerPrint@@YAXPBDZZ 100486c0 f   util.obj
 0001:00047700       ?UTIL_ShowMenu@@YAXPAUedict_s@@PAUmenutext_t@@@Z 10048700 f   util.obj
 0001:000478d0       ?UTIL_TraceLine@@YAXABVVector@@0W4IGNORE_MONSTERS@@W4IGNORE_GLASS@@PAUedict_s@@PAUTraceResult@@@Z 100488d0 f   util.obj
 0001:00047910       ?UTIL_VecToAngles@@YA?AVVector@@ABV1@@Z 10048910 f   util.obj
 0001:00047a30       ?VecBModelOrigin@@YA?AVVector@@PAUedict_s@@@Z 10048a30 f   util.obj
 0001:00047a90       ??$_Emplace_reallocate@ABH@?$vector@HV?$allocator@H@std@@@std@@QAEPAHQAHABH@Z 10048a90 f i waypoint.obj
 0001:00047bf0       ??0?$vector@HV?$allocator@H@std@@@std@@QAE@XZ 10048bf0 f i waypoint.obj
 0001:00047c10       ??0path@@QAE@XZ            10048c10 f i waypoint.obj
 0001:00047cf0       ??1?$vector@HV?$allocator@H@std@@@std@@QAE@XZ 10048cf0 f i waypoint.obj
 0001:00047d50       ?CalculateWaypointWayzone@@YAXXZ 10048d50 f   waypoint.obj
 0001:000480e0       ?ConnectedToWaypoint@@YA_NHH@Z 100490e0 f   waypoint.obj
 0001:00048110       ?InitExperienceTab@@YAXXZ  10049110 f   waypoint.obj
 0001:00048620       ?InitPathMatrix@@YAXXZ     10049620 f   waypoint.obj
 0001:00048ea0       ?InitVisTab@@YAXXZ         10049ea0 f   waypoint.obj
 0001:000490e0       ?InitWaypointTypes@@YAXXZ  1004a0e0 f   waypoint.obj
 0001:00049200       ?SaveExperienceTab@@YAXXZ  1004a200 f   waypoint.obj
 0001:00049430       ?SaveVisTab@@YAXXZ         1004a430 f   waypoint.obj
 0001:00049570       ?WaypointAdd@@YAXH@Z       1004a570 f   waypoint.obj
 0001:0004ad50       ?WaypointAddPath@@YAXFFM@Z 1004bd50 f   waypoint.obj
 0001:0004ae90       ?WaypointCache@@YAXXZ      1004be90 f   waypoint.obj
 0001:0004aed0       ?WaypointCalcVisibility@@YAXXZ 1004bed0 f   waypoint.obj
 0001:0004b250       ?WaypointChangeFlag@@YAXHD@Z 1004c250 f   waypoint.obj
 0001:0004b2f0       ?WaypointChangeRadius@@YAXM@Z 1004c2f0 f   waypoint.obj
 0001:0004b360       ?WaypointCleanUnnessPaths@@YAXH@Z 1004c360 f   waypoint.obj
 0001:0004cf00       ?WaypointCreatePath@@YAXD@Z 1004df00 f   waypoint.obj
 0001:0004d050       ?WaypointDelete@@YAXXZ     1004e050 f   waypoint.obj
 0001:0004d270       ?WaypointDeletePath@@YAXXZ 1004e270 f   waypoint.obj
 0001:0004d3e0       ?WaypointDrawBeam@@YAXVVector@@0HHHH@Z 1004e3e0 f   waypoint.obj
 0001:0004d4f0       ?WaypointFindNearest@@YAHXZ 1004e4f0 f   waypoint.obj
 0001:0004d5c0       ?WaypointFixOldCampType@@YAXH@Z 1004e5c0 f   waypoint.obj
 0001:0004d780       ?WaypointIsConnected@@YA_NH@Z 1004e780 f   waypoint.obj
 0001:0004d7d0       ?WaypointLoad@@YA_NXZ      1004e7d0 f   waypoint.obj
 0001:0004e1c0       ?WaypointLookAt@@YAHXZ     1004f1c0 f   waypoint.obj
 0001:0004e540       ?WaypointMoveToPosition@@YAXXZ 1004f540 f   waypoint.obj
 0001:0004e630       ?WaypointNodeReachable@@YA_NHH@Z 1004f630 f   waypoint.obj
 0001:0004ed20       ?WaypointNodesValid@@YA_NXZ 1004fd20 f   waypoint.obj
 0001:0004f5d0       ?WaypointSave@@YAXXZ       100505d0 f   waypoint.obj
 0001:0004f740       ?WaypointThink@@YAXXZ      10050740 f   waypoint.obj
 0001:00050c50       ?_Xlength@?$vector@HV?$allocator@H@std@@@std@@CAXXZ 10051c50 f i waypoint.obj
 0001:00050c5b       ??2@YAPAXI@Z               10051c5b f   MSVCRT:new_scalar.obj
 0001:00050c8b       ??3@YAXPAXI@Z              10051c8b f   MSVCRT:delete_scalar_size.obj
 0001:00050c99       ??_V@YAXPAX@Z              10051c99 f   MSVCRT:delete_array.obj
 0001:00050cc5       ??$__crt_fast_encode_pointer@P6GHPAU_RTL_CONDITION_VARIABLE@@PAU_RTL_CRITICAL_SECTION@@K@Z@@YAP6GHPAU_RTL_CONDITION_VARIABLE@@PAU_RTL_CRITICAL_SECTION@@K@ZQ6GH01K@Z@Z 10051cc5 f i MSVCRT:thread_safe_statics.obj
 0001:00050cc5       ??$__crt_fast_encode_pointer@P6GXPAU_RTL_CONDITION_VARIABLE@@@Z@@YAP6GXPAU_RTL_CONDITION_VARIABLE@@@ZQ6GX0@Z@Z 10051cc5 f i MSVCRT:thread_safe_statics.obj
 0001:00050ded       __Init_thread_abort        10051ded f   MSVCRT:thread_safe_statics.obj
 0001:00050e11       __Init_thread_footer       10051e11 f   MSVCRT:thread_safe_statics.obj
 0001:00050e5b       __Init_thread_header       10051e5b f   MSVCRT:thread_safe_statics.obj
 0001:00050ead       __Init_thread_notify       10051ead f   MSVCRT:thread_safe_statics.obj
 0001:00050eef       __Init_thread_wait         10051eef f   MSVCRT:thread_safe_statics.obj
 0001:00050f4f       @__security_check_cookie@4 10051f4f f   MSVCRT:_secchk_.obj
 0001:00050f60       ___raise_securityfailure   10051f60 f   MSVCRT:gs_report.obj
 0001:00050f88       ___report_gsfailure        10051f88 f   MSVCRT:gs_report.obj
 0001:00051083       ___report_rangecheckfailure 10052083 f   MSVCRT:gs_report.obj
 0001:0005108f       ___report_securityfailure  1005208f f   MSVCRT:gs_report.obj
 0001:0005115f       ??_U@YAPAXI@Z              1005215f f   MSVCRT:new_array.obj
 0001:00051168       ??_L@YGXPAXIIP6EX0@Z1@Z    10052168 f   MSVCRT:ehvecctr.obj
 0001:000511d2       ??_M@YGXPAXIIP6EX0@Z@Z     100521d2 f   MSVCRT:ehvecdtr.obj
 0001:0005124d       ?__ArrayUnwind@@YGXPAXIIP6EX0@Z@Z 1005224d f   MSVCRT:ehvecdtr.obj
 0001:000512c0       __chkstk                   100522c0 f   MSVCRT:chkstk.obj
 0001:000512c0       __alloca_probe             100522c0 f   MSVCRT:chkstk.obj
 0001:000515f9       __DllMainCRTStartup@12     100525f9 f   MSVCRT:dll_dllmain.obj
 0001:0005161c       ??0bad_alloc@std@@QAE@ABV01@@Z 1005261c f i MSVCRT:throw_bad_alloc.obj
 0001:00051637       ??0bad_alloc@std@@QAE@XZ   10052637 f i MSVCRT:throw_bad_alloc.obj
 0001:0005164f       ??0bad_array_new_length@std@@QAE@ABV01@@Z 1005264f f i MSVCRT:throw_bad_alloc.obj
 0001:0005166a       ??0bad_array_new_length@std@@QAE@XZ 1005266a f i MSVCRT:throw_bad_alloc.obj
 0001:00051682       ??0exception@std@@QAE@ABV01@@Z 10052682 f i MSVCRT:throw_bad_alloc.obj
 0001:000516ae       ??1bad_alloc@std@@UAE@XZ   100526ae f i MSVCRT:throw_bad_alloc.obj
 0001:000516ae       ??1bad_array_new_length@std@@UAE@XZ 100526ae f i MSVCRT:throw_bad_alloc.obj
 0001:000516bf       ??_Ebad_array_new_length@std@@UAEPAXI@Z 100526bf f i MSVCRT:throw_bad_alloc.obj
 0001:000516bf       ??_Gbad_array_new_length@std@@UAEPAXI@Z 100526bf f i MSVCRT:throw_bad_alloc.obj
 0001:000516bf       ??_Ebad_alloc@std@@UAEPAXI@Z 100526bf f i MSVCRT:throw_bad_alloc.obj
 0001:000516bf       ??_Gexception@std@@UAEPAXI@Z 100526bf f i MSVCRT:throw_bad_alloc.obj
 0001:000516bf       ??_Eexception@std@@UAEPAXI@Z 100526bf f i MSVCRT:throw_bad_alloc.obj
 0001:000516bf       ??_Gbad_alloc@std@@UAEPAXI@Z 100526bf f i MSVCRT:throw_bad_alloc.obj
 0001:000516ec       ?__scrt_throw_std_bad_alloc@@YAXXZ 100526ec f   MSVCRT:throw_bad_alloc.obj
 0001:00051709       ?__scrt_throw_std_bad_array_new_length@@YAXXZ 10052709 f   MSVCRT:throw_bad_alloc.obj
 0001:00051726       ?what@exception@std@@UBEPBDXZ 10052726 f i MSVCRT:throw_bad_alloc.obj
 0001:00051733       ??3@YAXPAX@Z               10052733 f   MSVCRT:delete_scalar.obj
 0001:0005177c       ___scrt_acquire_startup_lock 1005277c f   MSVCRT:utility.obj
 0001:000517ae       ___scrt_dllmain_after_initialize_c 100527ae f   MSVCRT:utility.obj
 0001:000517d9       ___scrt_dllmain_before_initialize_c 100527d9 f   MSVCRT:utility.obj
 0001:000517e7       ___scrt_dllmain_crt_thread_attach 100527e7 f   MSVCRT:utility.obj
 0001:00051806       ___scrt_dllmain_crt_thread_detach 10052806 f   MSVCRT:utility.obj
 0001:00051813       ___scrt_dllmain_exception_filter 10052813 f   MSVCRT:utility.obj
 0001:00051847       ___scrt_dllmain_uninitialize_c 10052847 f   MSVCRT:utility.obj
 0001:0005186a       ___scrt_dllmain_uninitialize_critical 1005286a f   MSVCRT:utility.obj
 0001:00051877       ___scrt_initialize_crt     10052877 f   MSVCRT:utility.obj
 0001:000518b0       ___scrt_initialize_onexit_tables 100528b0 f   MSVCRT:utility.obj
 0001:0005195a       ___scrt_is_nonwritable_in_current_image 1005295a f   MSVCRT:utility.obj
 0001:000519e4       ___scrt_release_startup_lock 100529e4 f   MSVCRT:utility.obj
 0001:00051a01       ___scrt_uninitialize_crt   10052a01 f   MSVCRT:utility.obj
 0001:00051a29       __onexit                   10052a29 f   MSVCRT:utility.obj
 0001:00051a64       _atexit                    10052a64 f   MSVCRT:utility.obj
 0001:00051a79       ___scrt_fastfail           10052a79 f   MSVCRT:utility_desktop.obj
 0001:00051b95       __crt_debugger_hook        10052b95 f   MSVCRT:utility_desktop.obj
 0001:00051ba0       __SEH_prolog4              10052ba0 f   MSVCRT:_sehprolg4_.obj
 0001:00051be6       __SEH_epilog4              10052be6 f   MSVCRT:_sehprolg4_.obj
 0001:00051bfb       __except_handler4          10052bfb f   MSVCRT:_chandler4gs_.obj
 0001:00051c6d       ___security_init_cookie    10052c6d f   MSVCRT:gs_support.obj
 0001:00051cb8       ?__scrt_initialize_type_info@@YAXXZ 10052cb8 f   MSVCRT:tncleanup.obj
 0001:00051cc4       ?__scrt_uninitialize_type_info@@YAXXZ 10052cc4 f   MSVCRT:tncleanup.obj
 0001:00051cd0       ___scrt_initialize_default_local_stdio_options 10052cd0 f   MSVCRT:default_local_stdio_options.obj
 0001:00051ced       ___scrt_get_dyn_tls_init_callback 10052ced f   MSVCRT:dyn_tls_init.obj
 0001:00051cf3       __RTC_Initialize           10052cf3 f   MSVCRT:_initsect_.obj
 0001:00051d1f       __RTC_Terminate            10052d1f f   MSVCRT:_initsect_.obj
 0001:00051d4b       ??_Etype_info@@UAEPAXI@Z   10052d4b f i MSVCRT:std_type_info_static.obj
 0001:00051d4b       ??_Gtype_info@@UAEPAXI@Z   10052d4b f i MSVCRT:std_type_info_static.obj
 0001:00051d6e       ___isa_available_init      10052d6e f   MSVCRT:_cpu_disp_.obj
 0001:00051f07       __get_startup_argv_mode    10052f07 f   MSVCRT:argv_mode.obj
 0001:00051f0b       ___scrt_is_ucrt_dll_in_use 10052f0b f   MSVCRT:ucrt_detection.obj
 0001:00051f17       ?_Xlength_error@std@@YAXPBD@Z 10052f17 f   msvcprt:MSVCP140.dll
 0001:00051f1d       _strstr                    10052f1d f   vcruntime:VCRUNTIME140.dll
 0001:00051f23       _memset                    10052f23 f   vcruntime:VCRUNTIME140.dll
 0001:00051f29       _strchr                    10052f29 f   vcruntime:VCRUNTIME140.dll
 0001:00051f2f       ___CxxFrameHandler3        10052f2f f   vcruntime:VCRUNTIME140.dll
 0001:00051f35       _memcpy                    10052f35 f   vcruntime:VCRUNTIME140.dll
 0001:00051f3b       _memmove                   10052f3b f   vcruntime:VCRUNTIME140.dll
 0001:00051f41       __CxxThrowException@8      10052f41 f   vcruntime:VCRUNTIME140.dll
 0001:00051f47       ___std_exception_copy      10052f47 f   vcruntime:VCRUNTIME140.dll
 0001:00051f4d       ___std_exception_destroy   10052f4d f   vcruntime:VCRUNTIME140.dll
 0001:00051f53       __except_handler4_common   10052f53 f   vcruntime:VCRUNTIME140.dll
 0001:00051f59       ___std_type_info_destroy_list 10052f59 f   vcruntime:VCRUNTIME140.dll
 0001:00051f5f       __libm_sse2_sqrt_precise   10052f5f f   ucrt:api-ms-win-crt-math-l1-1-0.dll
 0001:00051f65       __libm_sse2_tan_precise    10052f65 f   ucrt:api-ms-win-crt-math-l1-1-0.dll
 0001:00051f6b       __CIatan2                  10052f6b f   ucrt:api-ms-win-crt-math-l1-1-0.dll
 0001:00051f71       __libm_sse2_cos_precise    10052f71 f   ucrt:api-ms-win-crt-math-l1-1-0.dll
 0001:00051f77       _free                      10052f77 f   ucrt:api-ms-win-crt-heap-l1-1-0.dll
 0001:00051f7d       _malloc                    10052f7d f   ucrt:api-ms-win-crt-heap-l1-1-0.dll
 0001:00051f83       __callnewh                 10052f83 f   ucrt:api-ms-win-crt-heap-l1-1-0.dll
 0001:00051f89       _terminate                 10052f89 f   ucrt:api-ms-win-crt-runtime-l1-1-0.dll
 0001:00051f8f       __initterm                 10052f8f f   ucrt:api-ms-win-crt-runtime-l1-1-0.dll
 0001:00051f95       __initterm_e               10052f95 f   ucrt:api-ms-win-crt-runtime-l1-1-0.dll
 0001:00051f9b       __seh_filter_dll           10052f9b f   ucrt:api-ms-win-crt-runtime-l1-1-0.dll
 0001:00051fa1       __configure_narrow_argv    10052fa1 f   ucrt:api-ms-win-crt-runtime-l1-1-0.dll
 0001:00051fa7       __initialize_narrow_environment 10052fa7 f   ucrt:api-ms-win-crt-runtime-l1-1-0.dll
 0001:00051fad       __initialize_onexit_table  10052fad f   ucrt:api-ms-win-crt-runtime-l1-1-0.dll
 0001:00051fb3       __register_onexit_function 10052fb3 f   ucrt:api-ms-win-crt-runtime-l1-1-0.dll
 0001:00051fb9       __execute_onexit_table     10052fb9 f   ucrt:api-ms-win-crt-runtime-l1-1-0.dll
 0001:00051fbf       __crt_atexit               10052fbf f   ucrt:api-ms-win-crt-runtime-l1-1-0.dll
 0001:00051fc5       __cexit                    10052fc5 f   ucrt:api-ms-win-crt-runtime-l1-1-0.dll
 0001:00051fcb       _IsProcessorFeaturePresent@4 10052fcb f   kernel32:KERNEL32.dll
 0001:00051fd1       ___vcrt_initialize         10052fd1 f   MSVCRT:ucrt_stubs.obj
 0001:00051fd1       ___acrt_uninitialize       10052fd1 f   MSVCRT:ucrt_stubs.obj
 0001:00051fd1       ___scrt_stub_for_acrt_uninitialize_critical 10052fd1 f   MSVCRT:ucrt_stubs.obj
 0001:00051fd1       ___vcrt_uninitialize_critical 10052fd1 f   MSVCRT:ucrt_stubs.obj
 0001:00051fd1       ___vcrt_thread_attach      10052fd1 f   MSVCRT:ucrt_stubs.obj
 0001:00051fd1       ___acrt_thread_detach      10052fd1 f   MSVCRT:ucrt_stubs.obj
 0001:00051fd1       ___scrt_stub_for_acrt_thread_attach 10052fd1 f   MSVCRT:ucrt_stubs.obj
 0001:00051fd1       ___acrt_thread_attach      10052fd1 f   MSVCRT:ucrt_stubs.obj
 0001:00051fd1       ___acrt_uninitialize_critical 10052fd1 f   MSVCRT:ucrt_stubs.obj
 0001:00051fd1       ___scrt_stub_for_acrt_thread_detach 10052fd1 f   MSVCRT:ucrt_stubs.obj
 0001:00051fd1       ___acrt_initialize         10052fd1 f   MSVCRT:ucrt_stubs.obj
 0001:00051fd1       ___scrt_stub_for_acrt_initialize 10052fd1 f   MSVCRT:ucrt_stubs.obj
 0001:00051fd1       ___vcrt_thread_detach      10052fd1 f   MSVCRT:ucrt_stubs.obj
 0001:00051fd1       ___scrt_stub_for_acrt_uninitialize 10052fd1 f   MSVCRT:ucrt_stubs.obj
 0001:00051fd1       ___vcrt_uninitialize       10052fd1 f   MSVCRT:ucrt_stubs.obj
 0001:00051fd4       ___scrt_stub_for_is_c_termination_complete 10052fd4 f   MSVCRT:ucrt_stubs.obj
 0001:00051fd4       __is_c_termination_complete 10052fd4 f   MSVCRT:ucrt_stubs.obj
 0002:00000000       __imp__GetModuleHandleA@4  10054000     kernel32:KERNEL32.dll
 0002:00000004       __imp__GetSystemTimeAsFileTime@4 10054004     kernel32:KERNEL32.dll
 0002:00000008       __imp__GetCurrentThreadId@0 10054008     kernel32:KERNEL32.dll
 0002:0000000c       __imp__GetCurrentProcessId@0 1005400c     kernel32:KERNEL32.dll
 0002:00000010       __imp__QueryPerformanceCounter@4 10054010     kernel32:KERNEL32.dll
 0002:00000014       __imp__IsDebuggerPresent@0 10054014     kernel32:KERNEL32.dll
 0002:00000018       __imp__IsProcessorFeaturePresent@4 10054018     kernel32:KERNEL32.dll
 0002:0000001c       __imp__TerminateProcess@8  1005401c     kernel32:KERNEL32.dll
 0002:00000020       __imp__GetCurrentProcess@0 10054020     kernel32:KERNEL32.dll
 0002:00000024       __imp__SetUnhandledExceptionFilter@4 10054024     kernel32:KERNEL32.dll
 0002:00000028       __imp__UnhandledExceptionFilter@4 10054028     kernel32:KERNEL32.dll
 0002:0000002c       __imp__GetProcAddress@8    1005402c     kernel32:KERNEL32.dll
 0002:00000030       __imp__GetModuleHandleW@4  10054030     kernel32:KERNEL32.dll
 0002:00000034       __imp__CreateEventW@16     10054034     kernel32:KERNEL32.dll
 0002:00000038       __imp__WaitForSingleObjectEx@12 10054038     kernel32:KERNEL32.dll
 0002:0000003c       __imp__ResetEvent@4        1005403c     kernel32:KERNEL32.dll
 0002:00000040       __imp__SetEvent@4          10054040     kernel32:KERNEL32.dll
 0002:00000044       __imp__DeleteCriticalSection@4 10054044     kernel32:KERNEL32.dll
 0002:00000048       __imp__InitializeCriticalSectionAndSpinCount@8 10054048     kernel32:KERNEL32.dll
 0002:0000004c       __imp__LeaveCriticalSection@4 1005404c     kernel32:KERNEL32.dll
 0002:00000050       __imp__EnterCriticalSection@4 10054050     kernel32:KERNEL32.dll
 0002:00000054       __imp__CloseHandle@4       10054054     kernel32:KERNEL32.dll
 0002:00000058       __imp__InitializeSListHead@4 10054058     kernel32:KERNEL32.dll
 0002:0000005c       \177KERNEL32_NULL_THUNK_DATA 1005405c     kernel32:KERNEL32.dll
 0002:00000060       __imp_?_Xlength_error@std@@YAXPBD@Z 10054060     msvcprt:MSVCP140.dll
 0002:00000064       \177MSVCP140_NULL_THUNK_DATA 10054064     msvcprt:MSVCP140.dll
 0002:00000068       __imp____CxxFrameHandler3  10054068     vcruntime:VCRUNTIME140.dll
 0002:0000006c       __imp___CxxThrowException@8 1005406c     vcruntime:VCRUNTIME140.dll
 0002:00000070       __imp____std_exception_copy 10054070     vcruntime:VCRUNTIME140.dll
 0002:00000074       __imp____std_exception_destroy 10054074     vcruntime:VCRUNTIME140.dll
 0002:00000078       __imp__memmove             10054078     vcruntime:VCRUNTIME140.dll
 0002:0000007c       __imp__memcpy              1005407c     vcruntime:VCRUNTIME140.dll
 0002:00000080       __imp__memset              10054080     vcruntime:VCRUNTIME140.dll
 0002:00000084       __imp__strstr              10054084     vcruntime:VCRUNTIME140.dll
 0002:00000088       __imp__strchr              10054088     vcruntime:VCRUNTIME140.dll
 0002:0000008c       __imp____std_type_info_destroy_list 1005408c     vcruntime:VCRUNTIME140.dll
 0002:00000090       __imp___except_handler4_common 10054090     vcruntime:VCRUNTIME140.dll
 0002:00000094       \177VCRUNTIME140_NULL_THUNK_DATA 10054094     vcruntime:VCRUNTIME140.dll
 0002:00000098       __imp__atof                10054098     ucrt:api-ms-win-crt-convert-l1-1-0.dll
 0002:0000009c       __imp__atoi                1005409c     ucrt:api-ms-win-crt-convert-l1-1-0.dll
 0002:000000a0       \177api-ms-win-crt-convert-l1-1-0_NULL_THUNK_DATA 100540a0     ucrt:api-ms-win-crt-convert-l1-1-0.dll
 0002:000000a4       __imp___callnewh           100540a4     ucrt:api-ms-win-crt-heap-l1-1-0.dll
 0002:000000a8       __imp__malloc              100540a8     ucrt:api-ms-win-crt-heap-l1-1-0.dll
 0002:000000ac       __imp__free                100540ac     ucrt:api-ms-win-crt-heap-l1-1-0.dll
 0002:000000b0       \177api-ms-win-crt-heap-l1-1-0_NULL_THUNK_DATA 100540b0     ucrt:api-ms-win-crt-heap-l1-1-0.dll
 0002:000000b4       __imp___libm_sse2_cos_precise 100540b4     ucrt:api-ms-win-crt-math-l1-1-0.dll
 0002:000000b8       __imp___libm_sse2_tan_precise 100540b8     ucrt:api-ms-win-crt-math-l1-1-0.dll
 0002:000000bc       __imp___CIatan2            100540bc     ucrt:api-ms-win-crt-math-l1-1-0.dll
 0002:000000c0       __imp___libm_sse2_sqrt_precise 100540c0     ucrt:api-ms-win-crt-math-l1-1-0.dll
 0002:000000c4       \177api-ms-win-crt-math-l1-1-0_NULL_THUNK_DATA 100540c4     ucrt:api-ms-win-crt-math-l1-1-0.dll
 0002:000000c8       __imp___cexit              100540c8     ucrt:api-ms-win-crt-runtime-l1-1-0.dll
 0002:000000cc       __imp___execute_onexit_table 100540cc     ucrt:api-ms-win-crt-runtime-l1-1-0.dll
 0002:000000d0       __imp___register_onexit_function 100540d0     ucrt:api-ms-win-crt-runtime-l1-1-0.dll
 0002:000000d4       __imp___crt_atexit         100540d4     ucrt:api-ms-win-crt-runtime-l1-1-0.dll
 0002:000000d8       __imp___initialize_onexit_table 100540d8     ucrt:api-ms-win-crt-runtime-l1-1-0.dll
 0002:000000dc       __imp___initialize_narrow_environment 100540dc     ucrt:api-ms-win-crt-runtime-l1-1-0.dll
 0002:000000e0       __imp___configure_narrow_argv 100540e0     ucrt:api-ms-win-crt-runtime-l1-1-0.dll
 0002:000000e4       __imp___seh_filter_dll     100540e4     ucrt:api-ms-win-crt-runtime-l1-1-0.dll
 0002:000000e8       __imp___initterm           100540e8     ucrt:api-ms-win-crt-runtime-l1-1-0.dll
 0002:000000ec       __imp___invalid_parameter_noinfo_noreturn 100540ec     ucrt:api-ms-win-crt-runtime-l1-1-0.dll
 0002:000000f0       __imp___initterm_e         100540f0     ucrt:api-ms-win-crt-runtime-l1-1-0.dll
 0002:000000f4       __imp__terminate           100540f4     ucrt:api-ms-win-crt-runtime-l1-1-0.dll
 0002:000000f8       \177api-ms-win-crt-runtime-l1-1-0_NULL_THUNK_DATA 100540f8     ucrt:api-ms-win-crt-runtime-l1-1-0.dll
 0002:000000fc       __imp__fclose              100540fc     ucrt:api-ms-win-crt-stdio-l1-1-0.dll
 0002:00000100       __imp__fseek               10054100     ucrt:api-ms-win-crt-stdio-l1-1-0.dll
 0002:00000104       __imp__fopen               10054104     ucrt:api-ms-win-crt-stdio-l1-1-0.dll
 0002:00000108       __imp__fread               10054108     ucrt:api-ms-win-crt-stdio-l1-1-0.dll
 0002:0000010c       __imp____stdio_common_vsscanf 1005410c     ucrt:api-ms-win-crt-stdio-l1-1-0.dll
 0002:00000110       __imp__fgets               10054110     ucrt:api-ms-win-crt-stdio-l1-1-0.dll
 0002:00000114       __imp__feof                10054114     ucrt:api-ms-win-crt-stdio-l1-1-0.dll
 0002:00000118       __imp__putc                10054118     ucrt:api-ms-win-crt-stdio-l1-1-0.dll
 0002:0000011c       __imp__getc                1005411c     ucrt:api-ms-win-crt-stdio-l1-1-0.dll
 0002:00000120       __imp__fwrite              10054120     ucrt:api-ms-win-crt-stdio-l1-1-0.dll
 0002:00000124       __imp____stdio_common_vsprintf 10054124     ucrt:api-ms-win-crt-stdio-l1-1-0.dll
 0002:00000128       \177api-ms-win-crt-stdio-l1-1-0_NULL_THUNK_DATA 10054128     ucrt:api-ms-win-crt-stdio-l1-1-0.dll
 0002:0000012c       __imp__toupper             1005412c     ucrt:api-ms-win-crt-string-l1-1-0.dll
 0002:00000130       __imp__strncpy             10054130     ucrt:api-ms-win-crt-string-l1-1-0.dll
 0002:00000134       __imp__strncat             10054134     ucrt:api-ms-win-crt-string-l1-1-0.dll
 0002:00000138       __imp__strncmp             10054138     ucrt:api-ms-win-crt-string-l1-1-0.dll
 0002:0000013c       \177api-ms-win-crt-string-l1-1-0_NULL_THUNK_DATA 1005413c     ucrt:api-ms-win-crt-string-l1-1-0.dll
 0002:00000140       ___guard_check_icall_fptr  10054140     MSVCRT:guard_support.obj
 0002:00000144       ___xc_a                    10054144     MSVCRT:initializers.obj
 0002:0000016c       ___xc_z                    1005416c     MSVCRT:initializers.obj
 0002:00000170       ___xi_a                    10054170     MSVCRT:initializers.obj
 0002:00000178       ___xi_z                    10054178     MSVCRT:initializers.obj
 0002:0000017c       ___xl_a                    1005417c     MSVCRT:tlssup.obj
 0002:00000180       ___xl_z                    10054180     MSVCRT:tlssup.obj
 0002:00000184       ___xp_a                    10054184     MSVCRT:initializers.obj
 0002:00000188       ___xp_z                    10054188     MSVCRT:initializers.obj
 0002:0000018c       ___xt_a                    1005418c     MSVCRT:initializers.obj
 0002:00000190       ___xt_z                    10054190     MSVCRT:initializers.obj
 0002:000001a0       ??_C@_0M@MCHAJCBP@TASK_NORMAL?$AA@ 100541a0     bot.obj
 0002:000001ac       ??_C@_0L@LBOIBLEK@TASK_PAUSE?$AA@ 100541ac     bot.obj
 0002:000001b8       ??_C@_0BE@CAFDLIAA@TASK_MOVETOPOSITION?$AA@ 100541b8     bot.obj
 0002:000001cc       ??_C@_0BA@FAGKJAAK@TASK_FOLLOWUSER?$AA@ 100541cc     bot.obj
 0002:000001dc       ??_C@_0P@PNHDLNDF@TASK_WAITFORGO?$AA@ 100541dc     bot.obj
 0002:000001ec       ??_C@_0BA@OFHNJHJB@TASK_PICKUPITEM?$AA@ 100541ec     bot.obj
 0002:000001fc       ??_C@_09PLBMJHHN@TASK_CAMP?$AA@ 100541fc     bot.obj
 0002:00000208       ??_C@_0P@FCGPIKNG@TASK_PLANTBOMB?$AA@ 10054208     bot.obj
 0002:00000218       ??_C@_0BA@ILEAKMOK@TASK_DEFUSEBOMB?$AA@ 10054218     bot.obj
 0002:00000228       ??_C@_0M@NEHKBIBP@TASK_ATTACK?$AA@ 10054228     bot.obj
 0002:00000234       ??_C@_0P@NPOIELJB@TASK_ENEMYHUNT?$AA@ 10054234     bot.obj
 0002:00000244       ??_C@_0P@EMAKALLN@TASK_SEEKCOVER?$AA@ 10054244     bot.obj
 0002:00000254       ??_C@_0BE@MCHMCDMN@TASK_THROWHEGRENADE?$AA@ 10054254     bot.obj
 0002:00000268       ??_C@_0BE@FGMBLOJN@TASK_THROWFLASHBANG?$AA@ 10054268     bot.obj
 0002:0000027c       ??_C@_0BH@GGBHLFIP@TASK_THROWSMOKEGRENADE?$AA@ 1005427c     bot.obj
 0002:00000294       ??_C@_0BE@FMNILKNK@TASK_SHOOTBREAKABLE?$AA@ 10054294     bot.obj
 0002:000002a8       ??_C@_09HBBMFDBI@TASK_HIDE?$AA@ 100542a8     bot.obj
 0002:000002b4       ??_C@_0N@GJCGLLIB@TASK_BLINDED?$AA@ 100542b4     bot.obj
 0002:000002c4       ??_C@_0P@EMEHJALF@TASK_SPRAYLOGO?$AA@ 100542c4     bot.obj
 0002:000002d8       ??_C@_0FP@PMMMJMGB@?$FLDEBUG?$FN?5GetValidWaypoint?5?9?5Bot?5?$CF@ 100542d8     bot.obj
 0002:00000338       ??_C@_0FF@GGNOCKBN@?$FLDEBUG?$FN?5GetValidWaypoint?5?9?5Bot?5?$CF@ 10054338     bot.obj
 0002:00000390       ??_C@_05NCCFOPHA@model?$AA@ 10054390     bot.obj
 0002:00000398       ??_C@_0CP@CKCJFFCE@No?5Waypoints?5for?5this?5Map?0?5can?8t@ 10054398     bot.obj
 0002:000003c8       ??_C@_0CG@LNLPEGOG@Max?5Bots?5reached?0?5can?8t?5create?5B@ 100543c8     bot.obj
 0002:000003f0       ??_C@_0DH@NJAAJAHI@Waypoints?5changed?1not?5initialise@ 100543f0     bot.obj
 0002:00000428       ??_C@_0DK@GAFMOCFE@Not?5enough?5Bot?5Names?5in?5botnames@ 10054428     bot.obj
 0002:00000462       ??_C@_00CNPNBAHC@?$AA@     10054462     bot.obj
 0002:00000464       ??_C@_0N@HFDAODBN@?$FLPOD?$FN?$CFs?5?$CI?$CFd?$CJ?$AA@ 10054464     bot.obj
 0002:00000474       ??_C@_0N@FELDNJGH@?$FLP?$CKD?$FN?$CFs?5?$CI?$CFd?$CJ?$AA@ 10054474     bot.obj
 0002:00000484       ??_C@_0N@BIOKEFCI@?$FLP0D?$FN?$CFs?5?$CI?$CFd?$CJ?$AA@ 10054484     bot.obj
 0002:00000494       ??_C@_07OBMKBJMA@?$FLPOD?$FN?$CFs?$AA@ 10054494     bot.obj
 0002:0000049c       ??_C@_07LJPDIHCJ@?$FLP?$CKD?$FN?$CFs?$AA@ 1005449c     bot.obj
 0002:000004a4       ??_C@_07BLLOKGNE@?$FLP0D?$FN?$CFs?$AA@ 100544a4     bot.obj
 0002:000004ac       ??_C@_07JMKCEEPK@?$CFs?5?$CI?$CFd?$CJ?$AA@ 100544ac     bot.obj
 0002:000004b4       ??_C@_05KLJGCHMN@?$FLPOD?$FN?$AA@ 100544b4     bot.obj
 0002:000004bc       ??_C@_05KHGOCAPM@?$FLP?$CKD?$FN?$AA@ 100544bc     bot.obj
 0002:000004c4       ??_C@_05JIMKJHAH@?$FLP0D?$FN?$AA@ 100544c4     bot.obj
 0002:000004cc       ??_C@_01ODHLEDKK@?$CI?$AA@ 100544cc     bot.obj
 0002:000004d0       ??_C@_01PKGAHCOL@?$CJ?$AA@ 100544d0     bot.obj
 0002:000004d4       ??_C@_02DKCKIIND@?$CFs?$AA@ 100544d4     bot.obj
 0002:000004d8       ??_C@_0CI@NFDBCMGD@Max?5Players?5reached?4?5Can?8t?5creat@ 100544d8     bot.obj
 0002:00000500       ??_C@_0BB@PFBMENHF@Creating?5bot?4?4?4?6?$AA@ 10054500     bot.obj
 0002:00000514       ??_C@_06BALNJMNP@player?$AA@ 10054514     bot.obj
 0002:0000051c       ??_C@_06FKIDPGKK@gordon?$AA@ 1005451c     bot.obj
 0002:00000524       ??_C@_0M@BCKADJAP@3500?4000000?$AA@ 10054524     bot.obj
 0002:00000530       ??_C@_04HCCHHEEF@rate?$AA@ 10054530     bot.obj
 0002:00000538       ??_C@_02PIBHCBOA@20?$AA@   10054538     bot.obj
 0002:0000053c       ??_C@_0O@GLEIJHMA@cl_updaterate?$AA@ 1005453c     bot.obj
 0002:0000054c       ??_C@_01GBGANLPD@0?$AA@    1005454c     bot.obj
 0002:00000550       ??_C@_07GLDIMNCB@tracker?$AA@ 10054550     bot.obj
 0002:00000558       ??_C@_03KGFMDCCC@128?$AA@  10054558     bot.obj
 0002:0000055c       ??_C@_08IGNJNAKN@cl_dlmax?$AA@ 1005455c     bot.obj
 0002:00000568       ??_C@_01HIHLOKLC@1?$AA@    10054568     bot.obj
 0002:0000056c       ??_C@_08CKHPOFFF@lefthand?$AA@ 1005456c     bot.obj
 0002:00000578       ??_C@_07BJLCCHPO@friends?$AA@ 10054578     bot.obj
 0002:00000580       ??_C@_02JPDDFAPL@dm?$AA@   10054580     bot.obj
 0002:00000584       ??_C@_03KJOEHPKP@_ah?$AA@  10054584     bot.obj
 0002:00000588       ??_C@_0M@CHANDLAH@_vgui_menus?$AA@ 10054588     bot.obj
 0002:00000594       ??_C@_04CLFLDACA@?$CKbot?$AA@ 10054594     bot.obj
 0002:0000059c       ??_C@_09PFCHIMEP@127?40?40?41?$AA@ 1005459c     bot.obj
 0002:000005a8       ??_C@_0P@GNDNMPMB@menuselect?5?$CFd?6?$AA@ 100545a8     bot.obj
 0002:000005b8       ??_C@_09ENPIJEF@weaponbox?$AA@ 100545b8     bot.obj
 0002:000005c4       ??_C@_06JMBIMIIL@csdmw_?$AA@ 100545c4     bot.obj
 0002:000005cc       ??_C@_0DI@KHEJKJDP@?$FLDEBUG?$FN?5RateGroundWeapon?5?9?5Bot?5?$CF@ 100545cc     bot.obj
 0002:00000608       ??_C@_0EA@CPLDOHEJ@?$FLDEBUG?$FN?5Bot?5?$CFs?5?9?5v_src?5?$DN?5?$CI?$CFi?0?5?$CFi@ 10054608     bot.obj
 0002:00000648       ??_C@_0P@NGDPBEAP@func_breakable?$AA@ 10054648     bot.obj
 0002:00000658       ??_C@_0HD@DHJKKOAP@?$FLDEBUG?$FN?5Bot?5?$CFs?5found?5a?5breakable@ 10054658     bot.obj
 0002:000006d0       ??_C@_0EL@PFNDMDPL@?$FLDEBUG?$FN?5Bot?5?$CFs?5can?5fall?5down?5fro@ 100546d0     bot.obj
 0002:0000071c       ??_C@_0DJ@DFPFHNKP@?$FLDEBUG?$FN?5Bot?5?$CFs?5still?5can?5take?5ca@ 1005471c     bot.obj
 0002:00000758       ??_C@_0BG@HNNICEBI@models?1w_backpack?4mdl?$AA@ 10054758     bot.obj
 0002:00000770       ??_C@_07JBPBHDIL@grenade?$AA@ 10054770     bot.obj
 0002:00000778       ??_C@_0BA@ELMAHMAK@models?1w_c4?4mdl?$AA@ 10054778     bot.obj
 0002:00000788       ??_C@_0EH@IJEAOOPF@?$FLDEBUG?$FN?5BotFindItem?5?9?5bot?5?$CFs?5is?5@ 10054788     bot.obj
 0002:000007d0       ??_C@_0P@GLDKGGMP@hostage_entity?$AA@ 100547d0     bot.obj
 0002:000007e0       ??_C@_0EG@BDOOABHM@?$FLDEBUG?$FN?5BotFindItem?5?9?5Bot?5?$CFs?5fou@ 100547e0     bot.obj
 0002:00000828       ??_C@_0O@CGAFKJKO@weapon_shield?$AA@ 10054828     bot.obj
 0002:00000838       ??_C@_0BF@EBGEOMJK@models?1w_assault?4mdl?$AA@ 10054838     bot.obj
 0002:00000850       ??_C@_0BE@COKIGALC@models?1w_medkit?4mdl?$AA@ 10054850     bot.obj
 0002:00000864       ??_C@_0BI@IPPCMDMI@models?1w_357ammobox?4mdl?$AA@ 10054864     bot.obj
 0002:0000087c       ??_C@_0BH@BNDOAINK@models?1w_9mmarclip?4mdl?$AA@ 1005487c     bot.obj
 0002:00000894       ??_C@_0BF@MHABFIPK@models?1w_shotbox?4mdl?$AA@ 10054894     bot.obj
 0002:000008ac       ??_C@_0BF@DKFPPBMJ@models?1w_9mmclip?4mdl?$AA@ 100548ac     bot.obj
 0002:000008c4       ??_C@_0BL@OLELNEJC@models?1w_crossbow_clip?4mdl?$AA@ 100548c4     bot.obj
 0002:000008e0       ??_C@_0BH@JDOFNLCI@models?1w_chainammo?4mdl?$AA@ 100548e0     bot.obj
 0002:000008f8       ??_C@_0BH@LNOOCBAI@models?1w_hegrenade?4mdl?$AA@ 100548f8     bot.obj
 0002:00000910       ??_C@_0BK@BHCBNODF@models?1w_smokegrenade?4mdl?$AA@ 10054910     bot.obj
 0002:0000092c       ??_C@_0BH@CFCBICKB@models?1w_flashbang?4mdl?$AA@ 1005492c     bot.obj
 0002:00000944       ??_C@_0P@GKBPEKKN@item_thighpack?$AA@ 10054944     bot.obj
 0002:00000954       ??_C@_0CI@JLOPBBLN@?$FLDEBUG?$FN?5Bot?5?$CFs?5found?5?$CFs?5on?5the?5g@ 10054954     bot.obj
 0002:00000980       ??_C@_0FG@MMCHJJDC@?$FLDEBUG?$FN?5BotFindItem?5?9?5Bot?5?$CFs?5fou@ 10054980     bot.obj
 0002:000009d8       ??_C@_0BI@OFPNFICC@Heading?5for?5a?5Map?5Goal?$CB?$AA@ 100549d8     bot.obj
 0002:000009f0       ??_C@_0BI@PBCBHNJI@Heading?5to?5Rescue?5Point?$AA@ 100549f0     bot.obj
 0002:00000a08       ??_C@_0BE@KHLDHKMP@Moving?5to?5Camp?5Spot?$AA@ 10054a08     bot.obj
 0002:00000a1c       ??_C@_0P@PLFBPNDM@Roaming?5around?$AA@ 10054a1c     bot.obj
 0002:00000a2c       ??_C@_0BD@MOFOOFOG@Moving?5to?5position?$AA@ 10054a2c     bot.obj
 0002:00000a40       ??_C@_0N@JOBLPPMO@Following?5?$CFs?$AA@ 10054a40     bot.obj
 0002:00000a50       ??_C@_0BA@JOLPKDKC@Waiting?5for?5GO?$CB?$AA@ 10054a50     bot.obj
 0002:00000a60       ??_C@_0L@JKHANPFK@Camping?4?4?4?$AA@ 10054a60     bot.obj
 0002:00000a6c       ??_C@_0BD@PFDKFLAE@Planting?5the?5Bomb?$CB?$AA@ 10054a6c     bot.obj
 0002:00000a80       ??_C@_0BD@PAHMBDHD@Defusing?5the?5Bomb?$CB?$AA@ 10054a80     bot.obj
 0002:00000a94       ??_C@_0N@LCAJMJCK@Attacking?5?$CFs?$AA@ 10054a94     bot.obj
 0002:00000aa4       ??_C@_0L@MJEMPAHI@Hunting?5?$CFs?$AA@ 10054aa4     bot.obj
 0002:00000ab0       ??_C@_0BE@OLDEGMED@Fleeing?5from?5Battle?$AA@ 10054ab0     bot.obj
 0002:00000ac4       ??_C@_0BC@FEGJHHIF@Hiding?5from?5Enemy?$AA@ 10054ac4     bot.obj
 0002:00000ad8       ??_C@_0BI@KBBMCOM@Nothing?5special?5here?4?4?4?$AA@ 10054ad8     bot.obj
 0002:00000af0       ??_C@_0BG@PLEHNKLD@radio1?$DLmenuselect?5?$CFd?6?$AA@ 10054af0     bot.obj
 0002:00000b08       ??_C@_0BG@KINNIBDH@radio2?$DLmenuselect?5?$CFd?6?$AA@ 10054b08     bot.obj
 0002:00000b20       ??_C@_0BG@CPHLEKHE@radio3?$DLmenuselect?5?$CFd?6?$AA@ 10054b20     bot.obj
 0002:00000b38       ??_C@_0N@NPKIBBLL@say_team?5?$CFs?6?$AA@ 10054b38     bot.obj
 0002:00000b48       ??_C@_07EDJLODDG@say?5?$CFs?6?$AA@ 10054b48     bot.obj
 0002:00000b50       ??_C@_05CCMOGDN@?$CFs?3?$CFs?$AA@ 10054b50     bot.obj
 0002:00000b58       ??_C@_0II@EIFINCIL@?$FLDEBUG?$FN?5BotCheckReload?5?9?5bot?5?$CFs?5@ 10054b58     bot.obj
 0002:00000be0       ??_C@_0N@CFAHNHDH@weapon_knife?$AA@ 10054be0     bot.obj
 0002:00000bf0       ??_C@_0FH@HPOBJCDO@?$FLDEBUG?$FN?5BotCheckReload?5?9?5Bot?5?$CFs?5@ 10054bf0     bot.obj
 0002:00000c48       ??_C@_03PINGFGPK@vip?$AA@  10054c48     bot.obj
 0002:00000c50       ??_C@_0EA@KHPJNBLP@?$FLDEBUG?$FN?5BotBuyStuff?5?9?5Bot?5?$CFs?5has@ 10054c50     bot.obj
 0002:00000c90       ??_C@_03OFAPEBGM@?$CFs?6?$AA@ 10054c90     bot.obj
 0002:00000c94       ??_C@_09IGAAJJON@buyammo2?6?$AA@ 10054c94     bot.obj
 0002:00000ca0       ??_C@_08CAKPMIKM@secammo?6?$AA@ 10054ca0     bot.obj
 0002:00000cac       ??_C@_09IEEGCHLE@buyammo1?6?$AA@ 10054cac     bot.obj
 0002:00000cb8       ??_C@_09MDIOELLN@primammo?6?$AA@ 10054cb8     bot.obj
 0002:00000cc4       ??_C@_0BP@JHKOMGL@buy?$DLmenuselect?58?$DLmenuselect?52?6?$AA@ 10054cc4     bot.obj
 0002:00000ce4       ??_C@_09LFELEJLO@vesthelm?6?$AA@ 10054ce4     bot.obj
 0002:00000cf0       ??_C@_0BP@LDMFCDC@buy?$DLmenuselect?58?$DLmenuselect?51?6?$AA@ 10054cf0     bot.obj
 0002:00000d10       ??_C@_05BCAJGPMJ@vest?6?$AA@ 10054d10     bot.obj
 0002:00000d18       ??_C@_0BP@NPHJANJ@buy?$DLmenuselect?58?$DLmenuselect?54?6?$AA@ 10054d18     bot.obj
 0002:00000d38       ??_C@_07GCOAHNAG@hegren?6?$AA@ 10054d38     bot.obj
 0002:00000d40       ??_C@_0BP@MDFPKOO@buy?$DLmenuselect?58?$DLmenuselect?55?6?$AA@ 10054d40     bot.obj
 0002:00000d60       ??_C@_06JNKOGPOL@sgren?6?$AA@ 10054d60     bot.obj
 0002:00000d68       ??_C@_0BP@ILIIGFM@buy?$DLmenuselect?58?$DLmenuselect?53?6?$AA@ 10054d68     bot.obj
 0002:00000d88       ??_C@_06JEDALFOC@flash?6?$AA@ 10054d88     bot.obj
 0002:00000d90       ??_C@_0BP@OHDEELH@buy?$DLmenuselect?58?$DLmenuselect?56?6?$AA@ 10054d90     bot.obj
 0002:00000db0       ??_C@_08CMOLLJBB@defuser?6?$AA@ 10054db0     bot.obj
 0002:00000dbc       ??_C@_0BP@PLBCOIA@buy?$DLmenuselect?58?$DLmenuselect?57?6?$AA@ 10054dbc     bot.obj
 0002:00000ddc       ??_C@_05PINECA@nvgs?6?$AA@ 10054ddc     bot.obj
 0002:00000de4       ??_C@_06BNEMEGKN@bought?$AA@ 10054de4     bot.obj
 0002:00000dec       ??_C@_0L@PLOJNGHP@didn?8t?5buy?$AA@ 10054dec     bot.obj
 0002:00000df8       ??_C@_0EF@OLIKOGBK@?$FLDEBUG?$FN?5BotBuyStuff?5?9?5Bot?5?$CFs?5?$CFs?5@ 10054df8     bot.obj
 0002:00000e40       ??_C@_03GNCOHECN@has?$AA@  10054e40     bot.obj
 0002:00000e44       ??_C@_0N@ECENBJLA@doesn?8t?5have?$AA@ 10054e44     bot.obj
 0002:00000e54       ??_C@_0CB@LMMNNBPK@?$FLDEBUG?$FN?5Bot?5?$CFs?5?$CFs?5night?5google?4?6@ 10054e54     bot.obj
 0002:00000e78       ??_C@_0GL@IPOJPCOI@?$FLDEBUG?$FN?5BotSetCond?5?$CI1?$CJ?5Bot?5?$CFs?5he@ 10054e78     bot.obj
 0002:00000ee8       ??_C@_0GJ@BBBKCNBA@?$FLDEBUG?$FN?5BotSetCond?5?$CI2?$CJ?5Bot?5?$CFs?5he@ 10054ee8     bot.obj
 0002:00000f58       ??_C@_0GD@HDGEHJFC@?$FLDEBUG?$FN?5BotSetCond?5?$CI5?$CJ?5Bot?5?$CFs?5he@ 10054f58     bot.obj
 0002:00000fc0       ??_C@_0HK@DDIMJELG@?$FLDEBUG?$FN?5BotSetCond?5?$CI3?$CJ?5Bot?5?$CFs?5ha@ 10054fc0     bot.obj
 0002:00001040       ??_C@_0IB@EIFBBBNL@?$FLDEBUG?$FN?5BotSetCond?5?$CI4?$CJ?5Bot?5?$CFs?5he@ 10055040     bot.obj
 0002:000010c4       ??_C@_0L@BIFLFHPF@worldspawn?$AA@ 100550c4     bot.obj
 0002:000010d0       ??_C@_0CN@KILHNDKM@?$FLDEBUG?$FN?5Bot?5?$CFs?5wants?5to?5throw?5a?5@ 100550d0     bot.obj
 0002:00001100       ??_C@_0EI@CPDNMKEM@?$FLDEBUG?$FN?5Bot?5?$CFs?5is?5seeing?5a?5group@ 10055100     bot.obj
 0002:00001148       ??_C@_0CI@BKNILOCC@?$FLDEBUG?$FN?5Bot?5?$CFs?5chose?5another?5bom@ 10055148     bot.obj
 0002:00001170       ??_C@_0DK@BEAIOJCN@?$FLDEBUG?$FN?5Bot?5?$CFs?5will?5run?5away?5fro@ 10055170     bot.obj
 0002:000011ac       ??_C@_05NOJGJHG@func_?$AA@ 100551ac     bot.obj
 0002:000011b8       ??_C@_0EM@CPEFMFHL@?$FLDEBUG?$FN?5Too?5many?5enemies?5near?5th@ 100551b8     bot.obj
 0002:00001208       ??_C@_0EK@EOKDHDHK@?$FLDEBUG?$FN?5TASK_SEEKCOVER?5?9?5reloadi@ 10055208     bot.obj
 0002:00001258       ??_C@_0EI@OCGLCNAD@?$FLDEBUG?$FN?5FilteringTasks?5?9?5TASK_EN@ 10055258     bot.obj
 0002:000012a0       ??_C@_0EJ@MMHDOLPK@?$FLDEBUG?$FN?5Bot?5?$CFs?5has?5SEEKCOVER?8s?5f@ 100552a0     bot.obj
 0002:000012ec       ??_C@_0CK@KNHMOBMI@?$FLDEBUG?$FN?5BotResetTasks?5called?5for@ 100552ec     bot.obj
 0002:00001318       ??_C@_0EM@CMLAACLM@?$FLDEBUG?$FN?5BotCheckTaskPri?5?9?5Bot?8s?5@ 10055318     bot.obj
 0002:00001368       ??_C@_0GI@KDKNCOEA@?$FLDEBUG?$FN?5BotCheckTaskPri?5?9?5Bot?5?$CFs@ 10055368     bot.obj
 0002:000013d0       ??_C@_0FC@OFOPGEDB@?$FLDEBUG?$FN?5BotPushTask?5?9?5Bot?5?$CFs?5had@ 100553d0     bot.obj
 0002:00001428       ??_C@_0FL@LCLJDPDM@?$FLDEBUG?$FN?5BotPushTask?5?9?5Bot?5?$CFs?5got@ 10055428     bot.obj
 0002:00001488       ??_C@_0FN@BDHALICK@?$FLDEBUG?$FN?5BotPushTask?5?9?5Bot?5?$CFs?5got@ 10055488     bot.obj
 0002:000014e8       ??_C@_0GB@LHEDKPDP@?$FLDEBUG?$FN?5BotPushTask?5?9?5Bot?5?$CFs?5got@ 100554e8     bot.obj
 0002:00001550       ??_C@_0EN@OJFEKFLA@?$FLDEBUG?$FN?5BotPushTask?5?9?5Bot?5?$CFs?5got@ 10055550     bot.obj
 0002:000015a0       ??_C@_0GO@BJFHMODA@?$FLDEBUG?$FN?5BotPushTask?5?9?5Bot?5?$CFs?5got@ 100555a0     bot.obj
 0002:00001610       ??_C@_0GM@FDLBPHCC@?$FLDEBUG?$FN?5BotGetSafeTask?5?9?5Bot?5?$CFs?5@ 10055610     bot.obj
 0002:00001680       ??_C@_0EK@DDMKLEOE@?$FLDEBUG?$FN?5BotRemoveCertainTask?5?9?5B@ 10055680     bot.obj
 0002:000016d0       ??_C@_0EM@PMGMJBGG@?$FLDEBUG?$FN?5BotRemoveCertainTask?5?9?5B@ 100556d0     bot.obj
 0002:0000171c       ??_C@_0CM@KPPNBMOA@?$FLDEBUG?$FN?5BotTaskComplete?5called?5f@ 1005571c     bot.obj
 0002:00001748       ??_C@_0EL@CCDNHGJC@?$FLDEBUG?$FN?5BotTaskComplete?5?9?5Bot?5?$CFs@ 10055748     bot.obj
 0002:00001798       ??_C@_0EM@OKCLLKJP@?$FLDEBUG?$FN?5BotTaskComplete?5?9?5Bot?5?$CFs@ 10055798     bot.obj
 0002:000017e8       ??_C@_0FN@LMLFKDKC@?$FLDEBUG?$FN?5BotTaskComplete?5?9?5Bot?5?$CFs@ 100557e8     bot.obj
 0002:00001848       ??_C@_0FK@CNBJAHDG@?$FLDEBUG?$FN?5BotTaskComplete?5?9?5Bot?5?$CFs@ 10055848     bot.obj
 0002:000018a4       ??_C@_0DK@HMDCKHFN@?$FLDEBUG?$FN?5BotTaskComplete?5?9?5Bot?5?$CFs@ 100558a4     bot.obj
 0002:000018e0       ??_C@_0EF@LHBMKGDL@?$FLDEBUG?$FN?5BotFacePosition?5?9?5Bot?5?$CFs@ 100558e0     bot.obj
 0002:00001928       ??_C@_0EA@BDMFAIAA@?$FLDEBUG?$FN?5BotFacePosition?5?9?5Bot?5?$CFs@ 10055928     bot.obj
 0002:00001968       ??_C@_0EG@LJPKBLHE@?$FLDEBUG?$FN?5BotFacePosition?5?9?5Bot?5?$CFs@ 10055968     bot.obj
 0002:000019b0       ??_C@_0GI@PPPDMLFI@?$FLDEBUG?$FN?5Start?5Following?5?9?5Bot?5?$CFs@ 100559b0     bot.obj
 0002:00001a18       ??_C@_0DK@DGPLMIIJ@?$FLDEBUG?$FN?5?$DOGo?5go?5go?$DM?5the?5bot?5?$CFs?5is@ 10055a18     bot.obj
 0002:00001a54       ??_C@_09KJCKJKEG@func_door?$AA@ 10055a54     bot.obj
 0002:00001a60       ??_C@_0EF@JOECAIIH@?$FLDEBUG?$FN?5BotChooseAimDirection?5?9?5@ 10055a60     bot.obj
 0002:00001aa8       ??_C@_0DA@GNAAGNNM@?$FLDEBUG?$FN?5AIM_PREDICTPATH?5flag?5wor@ 10055aa8     bot.obj
 0002:00001ad8       ??_C@_0DC@MHBDIOEK@?$FLDEBUG?$FN?5Bot?5?$CFs?5is?5looking?5at?5the@ 10055ad8     bot.obj
 0002:00001b10       ??_C@_0FP@CNHBBOFK@?$FLDEBUG?$FN?5Bot?5?$CFs?5has?5an?5enemy?5?$CFs?$DL?5@ 10055b10     bot.obj
 0002:00001b70       ??_C@_0EF@NAINLEOF@?$FLDEBUG?$FN?5Bot?5?$CFs?5has?5lightlevel?5?$DN?5@ 10055b70     bot.obj
 0002:00001bb8       ??_C@_0N@BBJDHOGL@nightvision?6?$AA@ 10055bb8     bot.obj
 0002:00001bc8       ??_C@_0EM@EDDCOMGF@?$FLDEBUG?$FN?5Bot?5?$CFs?5uses?5nvg?5?9?5lightl@ 10055bc8     bot.obj
 0002:00001c18       ??_C@_0FD@GPMGMIGI@?$FLDEBUG?$FN?5Bot?5?$CFs?5doesn?8t?5use?5nvg?5?9@ 10055c18     bot.obj
 0002:00001c70       ??_C@_0EK@JFCIEIEG@?$FLDEBUG?$FN?5BotExecuteTask?5?9?5Bot?5?$CFs?5@ 10055c70     bot.obj
 0002:00001cc0       ??_C@_0EP@IHOINDBM@?$FLDEBUG?$FN?5BotExecuteTask?5?9?5debuggo@ 10055cc0     bot.obj
 0002:00001d10       ??_C@_0EF@CMGCEGPK@?$FLDEBUG?$FN?5BotExecuteTask?5?9?5TASK_NO@ 10055d10     bot.obj
 0002:00001d58       ??_C@_09FDEIFAFE@weapon_c4?$AA@ 10055d58     bot.obj
 0002:00001d68       ??_C@_0ED@OGEIBEAP@?$FLDEBUG?$FN?5BotExecuteTask?5?9?5Bot?5?$CFs?5@ 10055d68     bot.obj
 0002:00001db0       ??_C@_0EC@KEMBCKEL@?$FLDEBUG?$FN?5BotExecuteTask?5?9?5TASK_NO@ 10055db0     bot.obj
 0002:00001df8       ??_C@_0GB@OLLDCJBD@?$FLDEBUG?$FN?5BotExecuteTask?5?9?5TASK_NO@ 10055df8     bot.obj
 0002:00001e60       ??_C@_0EF@OOIEMELA@?$FLDEBUG?$FN?5BotExecuteTask?5?9?5TASK_NO@ 10055e60     bot.obj
 0002:00001ea8       ??_C@_0JA@OIPIBIHH@?$FLDEBUG?$FN?5BotExecuteTask?5?9?5TASK_NO@ 10055ea8     bot.obj
 0002:00001f38       ??_C@_0EJ@BJMGHAND@?$FLDEBUG?$FN?5Bot?5?$CFs?5has?5some?5hostages@ 10055f38     bot.obj
 0002:00001f88       ??_C@_0FP@PGNNIMIB@?$FLDEBUG?$FN?5BotExecuteTask?5?9?5TASK_NO@ 10055f88     bot.obj
 0002:00001fe8       ??_C@_0GH@LCHCKDKH@?$FLDEBUG?$FN?5BotExecuteTask?5?9?5TASK_NO@ 10055fe8     bot.obj
 0002:00002050       ??_C@_0FO@FALLCFNO@?$FLDEBUG?$FN?5BotExecuteTask?5?9?5TASK_NO@ 10056050     bot.obj
 0002:000020b0       ??_C@_0FF@MCMGJCCI@?$FLDEBUG?$FN?5BotExecuteTask?5?9?5TASK_NO@ 100560b0     bot.obj
 0002:00002108       ??_C@_0GH@DCGPHAB@?$FLDEBUG?$FN?5BotExecuteTask?5?9?5TASK_NO@ 10056108     bot.obj
 0002:00002170       ??_C@_0EH@OAOBLCOB@?$FLDEBUG?$FN?5BotExecuteTask?5?9?5TASK_NO@ 10056170     bot.obj
 0002:000021b8       ??_C@_0EB@OHBNBPM@?$FLDEBUG?$FN?5BotExecuteTask?5?9?5TASK_NO@ 100561b8     bot.obj
 0002:00002200       ??_C@_0ED@FNKNBONP@?$FLDEBUG?$FN?5BotExecuteTask?5?9?5TASK_NO@ 10056200     bot.obj
 0002:00002248       ??_C@_0FN@DFLHBFFC@?$FLDEBUG?$FN?5BotExecuteTask?5?9?5TASK_SP@ 10056248     bot.obj
 0002:000022a8       ??_C@_0BD@DOKDOHJH@player?1sprayer?4wav?$AA@ 100562a8     bot.obj
 0002:000022c0       ??_C@_0EA@HBBELFNE@?$FLDEBUG?$FN?5BotExecuteTask?5?9?5TASK_EN@ 100562c0     bot.obj
 0002:00002300       ??_C@_0HC@EMILEJC@?$FLDEBUG?$FN?5BotExecuteTask?5?9?5TASK_EN@ 10056300     bot.obj
 0002:00002378       ??_C@_0HM@FPPGMJDL@?$FLDEBUG?$FN?5BotExecuteTask?5?9?5TASK_EN@ 10056378     bot.obj
 0002:000023f8       ??_C@_0HC@PEIIANDI@?$FLDEBUG?$FN?5BotExecuteTask?5?9?5TASK_EN@ 100563f8     bot.obj
 0002:00002470       ??_C@_0HE@GIOOHEDD@?$FLDEBUG?$FN?5BotExecuteTask?5?9?5TASK_EN@ 10056470     bot.obj
 0002:000024e8       ??_C@_0EJ@IHHOFEMK@?$FLDEBUG?$FN?5BotExecuteTask?5?9?5TASK_SE@ 100564e8     bot.obj
 0002:00002538       ??_C@_0GH@MCLMENLK@?$FLDEBUG?$FN?5BotExecuteTask?5?9?5TASK_SE@ 10056538     bot.obj
 0002:000025a0       ??_C@_0DH@DAIFLNCN@?$FLDEBUG?$FN?5ExecuteTask?5?9?5bot?5?$CFs?5is?5@ 100565a0     bot.obj
 0002:000025d8       ??_C@_0GJ@OGMDACKC@?$FLDEBUG?$FN?5BotExecuteTask?5?9?5TASK_MO@ 100565d8     bot.obj
 0002:00002648       ??_C@_0IB@IJFNJINN@?$FLDEBUG?$FN?5BotExecuteTask?5?9?5TASK_MO@ 10056648     bot.obj
 0002:000026d0       ??_C@_0GP@DBLIPJGM@?$FLDEBUG?$FN?5BotExecuteTask?5?9?5TASK_MO@ 100566d0     bot.obj
 0002:00002740       ??_C@_0EC@NABFGGND@?$FLDEBUG?$FN?5BotExecuteTask?5?9?5TASK_PL@ 10056740     bot.obj
 0002:00002788       ??_C@_0ED@GBNNBCC@?$FLDEBUG?$FN?5BotExecuteTask?5?9?5TASK_PL@ 10056788     bot.obj
 0002:000027cc       ??_C@_0BM@KJNFLGFN@say_team?5Planted?5the?5Bomb?$CB?6?$AA@ 100567cc     bot.obj
 0002:000027e8       ??_C@_0HA@KGBAMEPO@?$FLDEBUG?$FN?5BotExecuteTask?5?9?5TASK_FO@ 100567e8     bot.obj
 0002:00002858       ??_C@_0GF@IJIDCLON@?$FLDEBUG?$FN?5BotExecuteTask?5?9?5TASK_FO@ 10056858     bot.obj
 0002:000028c0       ??_C@_0BB@PMMKILEI@weapon_hegrenade?$AA@ 100568c0     bot.obj
 0002:000028d4       ??_C@_0BB@GIHHBGBI@weapon_flashbang?$AA@ 100568d4     bot.obj
 0002:000028e8       ??_C@_0BE@MIMOIBPO@weapon_smokegrenade?$AA@ 100568e8     bot.obj
 0002:000028fc       ??_C@_0DC@LJLKDPMH@?$FLDEBUG?$FN?5Bot?5?$CFs?5is?5executing?5TASK@ 100568fc     bot.obj
 0002:00002930       ??_C@_0FB@IDCKNNLK@?$FLDEBUG?$FN?5Bot?5?$CFs?5is?5executing?5TASK@ 10056930     bot.obj
 0002:00002988       ??_C@_0FP@NKEKKOKN@?$FLDEBUG?$FN?5BotExecuteTask?5?9?5TASK_PI@ 10056988     bot.obj
 0002:000029e8       ??_C@_0FP@EFFJINDF@?$FLDEBUG?$FN?5BotExecuteTask?5?9?5TASK_PI@ 100569e8     bot.obj
 0002:00002a48       ??_C@_0GJ@GCBPCFM@?$FLDEBUG?$FN?5BotExecuteTask?5?9?5TASK_PI@ 10056a48     bot.obj
 0002:00002ab8       ??_C@_0IG@MADPFABL@?$FLDEBUG?$FN?5BotExecuteTask?5?9?5TASK_PI@ 10056ab8     bot.obj
 0002:00002b40       ??_C@_0EL@LKOJKGPD@?$FLDEBUG?$FN?5BotExecuteTask?5?9?5TASK_PI@ 10056b40     bot.obj
 0002:00002b90       ??_C@_0FH@PFINOJNN@?$FLDEBUG?$FN?5BotExecuteTask?5?9?5TASK_PI@ 10056b90     bot.obj
 0002:00002be8       ??_C@_04PIONEEJD@drop?$AA@ 10056be8     bot.obj
 0002:00002bf0       ??_C@_0FI@OCABKGBD@?$FLDEBUG?$FN?5BotExecuteTask?5?9?5TASK_PI@ 10056bf0     bot.obj
 0002:00002c48       ??_C@_0EN@LOMELBBH@?$FLDEBUG?$FN?5BotExecuteTask?5?9?5TASK_PI@ 10056c48     bot.obj
 0002:00002c98       ??_C@_0GI@HDMGINBJ@?$FLDEBUG?$FN?5BotExecuteTask?5?9?5TASK_PI@ 10056c98     bot.obj
 0002:00002d00       ??_C@_0EF@GAPJBEEB@?$FLDEBUG?$FN?5BotExecuteTask?5?9?5TASK_PI@ 10056d00     bot.obj
 0002:00002d48       ??_C@_0FP@FIFIAMFI@?$FLDEBUG?$FN?5BotExecuteTask?5?9?5TASK_PI@ 10056d48     bot.obj
 0002:00002da8       ??_C@_0FA@LFMDLDOL@?$FLDEBUG?$FN?5BotExecuteTask?5?9?5TASK_PI@ 10056da8     bot.obj
 0002:00002df8       ??_C@_0CG@LLAJBHAI@say_team?5Trying?5to?5rescue?5a?5Host@ 10056df8     bot.obj
 0002:00002e20       ??_C@_0CF@COBPOOK@say_team?5Trying?5to?5defuse?5the?5Bo@ 10056e20     bot.obj
 0002:00002e48       ??_C@_07NEMMOJKD@chicken?$AA@ 10056e48     bot.obj
 0002:00002e50       ??_C@_04PODOEGIP@zomb?$AA@ 10056e50     bot.obj
 0002:00002e58       ??_C@_0GE@OOEPHFMI@?$FLDEBUG?$FN?5BotThink?5?9?5Bot?5?$CFs?5is?5goi@ 10056e58     bot.obj
 0002:00002ec0       ??_C@_0HP@NCHAAKDA@?$FLDEBUG?$FN?5BotThink?5?9?5Bot?5?$CFs?5?9?5befo@ 10056ec0     bot.obj
 0002:00002f40       ??_C@_0P@MOOIBIBL@unknown?5weapon?$AA@ 10056f40     bot.obj
 0002:00002f50       ??_C@_0ID@EADHPGBH@?$FLDEBUG?$FN?5BotThink?5?9?5Bot?5?$CFs?5has?5pr@ 10056f50     bot.obj
 0002:00002fd4       ??_C@_02EDKKPMHH@is?$AA@   10056fd4     bot.obj
 0002:00002fd8       ??_C@_05HCBMPGHG@isn?8t?$AA@ 10056fd8     bot.obj
 0002:00002fe0       ??_C@_05HAFLFHFB@wants?$AA@ 10056fe0     bot.obj
 0002:00002fe8       ??_C@_0N@OBBBMIDL@doesn?8t?5want?$AA@ 10056fe8     bot.obj
 0002:00002ff8       ??_C@_0FK@OPMEIGPK@?$FLDEBUG?$FN?5BotThink?5?9?5Bot?5?$CFs?5?$CFs?5to?5@ 10056ff8     bot.obj
 0002:00003058       ??_C@_0GM@NOLDCND@?$FLDEBUG?$FN?5BotThink?5?9?5Bot?5?$CFs?5?9?5Curr@ 10057058     bot.obj
 0002:000030c8       ??_C@_0FC@IEMPNMKB@?$FLDEBUG?$FN?5BotThink?5?9?5Bot?5?$CFs?5checks@ 100570c8     bot.obj
 0002:0000311c       ??_C@_06ODOLMJAD@is?5not?$AA@ 1005711c     bot.obj
 0002:00003124       ??_C@_0DJ@OHHAEFAO@?$FLDEBUG?$FN?5BotThink?5?9?5Bot?5?$CFs?5?$CFs?5abl@ 10057124     bot.obj
 0002:00003160       ??_C@_0FB@MLHNALKD@?$FLDEBUG?$FN?5BotThink?5?9?5Bot?5?$CFs?5must?5a@ 10057160     bot.obj
 0002:000031b8       ??_C@_0OC@LGNIFBPL@?$FLDEBUG?$FN?5BotThink?5?9?5Bot?5?$CFs?5?9?5Curr@ 100571b8     bot.obj
 0002:000032a0       ??_C@_0JN@NOGNLECI@?$FLDEBUG?$FN?5BotThink?5?9?5Bot?5?$CFs?5?9?5look@ 100572a0     bot.obj
 0002:00003340       ??_C@_0EI@ELCDNGMH@?$FLDEBUG?$FN?5BotThink?5?9?5Bot?5?$CFs?5didn?8t@ 10057340     bot.obj
 0002:00003388       ??_C@_0JA@GPEEMHAB@?$FLDEBUG?$FN?5BotThink?5?9?5Bot?5?$CFs?5?0?5Dist@ 10057388     bot.obj
 0002:00003418       ??_C@_0CM@OMJAIBKL@?$FLDEBUG?$FN?5BotThink?5?9?5Bot?5?$CFs?5?9?5its?5@ 10057418     bot.obj
 0002:00003448       ??_C@_0HL@HMCPHFOA@?$FLDEBUG?$FN?5BotThink?5?9?5Bot?5?$CFs?5move?5s@ 10057448     bot.obj
 0002:000034c4       ??_C@_0DO@BNEPIPF@?$FLDEBUG?$FN?5BotThink?5?9?5Bot?5?$CFs?5is?5try@ 100574c4     bot.obj
 0002:00003504       __real@00000000            10057504     bot.obj
 0002:00003508       __real@0000000000000000    10057508     bot.obj
 0002:00003510       __real@3c23d70a            10057510     bot.obj
 0002:00003514       __real@3c360b61            10057514     bot.obj
 0002:00003518       __real@3d783e10            10057518     bot.obj
 0002:0000351c       __real@3dcccccd            1005751c     bot.obj
 0002:00003520       __real@3e2aaaaa            10057520     bot.obj
 0002:00003524       __real@3e4ccccd            10057524     bot.obj
 0002:00003528       __real@3eaaaaab            10057528     bot.obj
 0002:0000352c       __real@3ecccccd            1005752c     bot.obj
 0002:00003530       __real@3ee66666            10057530     bot.obj
 0002:00003534       __real@3f000000            10057534     bot.obj
 0002:00003538       __real@3f19999a            10057538     bot.obj
 0002:00003540       __real@3f30000000000000    10057540     bot.obj
 0002:00003548       __real@3f50000000000000    10057548     bot.obj
 0002:00003550       __real@3f60624dd2f1a9fc    10057550     bot.obj
 0002:00003558       __real@3f800000            10057558     bot.obj
 0002:00003560       __real@3f847ae147ae147b    10057560     bot.obj
 0002:00003568       __real@3fa999999999999a    10057568     bot.obj
 0002:00003570       __real@3fb999999999999a    10057570     bot.obj
 0002:00003578       __real@3fc00000            10057578     bot.obj
 0002:00003580       __real@3fc999999999999a    10057580     bot.obj
 0002:00003588       __real@3fd0000000000000    10057588     bot.obj
 0002:00003590       __real@3fd3333333333333    10057590     bot.obj
 0002:00003598       __real@3fd999999999999a    10057598     bot.obj
 0002:000035a0       __real@3fe0000000000000    100575a0     bot.obj
 0002:000035a8       __real@3fe3333333333333    100575a8     bot.obj
 0002:000035b0       __real@3fe6666666666666    100575b0     bot.obj
 0002:000035b8       __real@3fe999999999999a    100575b8     bot.obj
 0002:000035c0       __real@3feb333333333333    100575c0     bot.obj
 0002:000035c8       __real@3feccccccccccccd    100575c8     bot.obj
 0002:000035d0       __real@3fed70a3d70a3d71    100575d0     bot.obj
 0002:000035d8       __real@3fee666666666666    100575d8     bot.obj
 0002:000035e0       __real@3fef0a3d70a3d70a    100575e0     bot.obj
 0002:000035e8       __real@3ff0000000000000    100575e8     bot.obj
 0002:000035f0       __real@3ff3333333333333    100575f0     bot.obj
 0002:000035f8       __real@3ff8000000000000    100575f8     bot.obj
 0002:00003600       __real@3ffc000000000000    10057600     bot.obj
 0002:00003608       __real@3ffccccccccccccd    10057608     bot.obj
 0002:00003610       __real@40000000            10057610     bot.obj
 0002:00003618       __real@4000000000000000    10057618     bot.obj
 0002:00003620       __real@400199999999999a    10057620     bot.obj
 0002:00003628       __real@4004000000000000    10057628     bot.obj
 0002:00003630       __real@4008000000000000    10057630     bot.obj
 0002:00003638       __real@400921fb54442d18    10057638     bot.obj
 0002:00003640       __real@4010000000000000    10057640     bot.obj
 0002:00003648       __real@4014000000000000    10057648     bot.obj
 0002:00003650       __real@4018000000000000    10057650     bot.obj
 0002:00003658       __real@401c000000000000    10057658     bot.obj
 0002:00003660       __real@4020000000000000    10057660     bot.obj
 0002:00003668       __real@4024000000000000    10057668     bot.obj
 0002:00003670       __real@4028000000000000    10057670     bot.obj
 0002:00003678       __real@402e000000000000    10057678     bot.obj
 0002:00003680       __real@4034000000000000    10057680     bot.obj
 0002:00003688       __real@403e000000000000    10057688     bot.obj
 0002:00003690       __real@40400000            10057690     bot.obj
 0002:00003698       __real@4042800000000000    10057698     bot.obj
 0002:000036a0       __real@4044000000000000    100576a0     bot.obj
 0002:000036a8       __real@4046800000000000    100576a8     bot.obj
 0002:000036b0       __real@4049000000000000    100576b0     bot.obj
 0002:000036b8       __real@404e000000000000    100576b8     bot.obj
 0002:000036c0       __real@4051800000000000    100576c0     bot.obj
 0002:000036c8       __real@4056800000000000    100576c8     bot.obj
 0002:000036d0       __real@4058c00000000000    100576d0     bot.obj
 0002:000036d8       __real@4059000000000000    100576d8     bot.obj
 0002:000036e0       __real@405c800000000000    100576e0     bot.obj
 0002:000036e8       __real@405e000000000000    100576e8     bot.obj
 0002:000036f0       __real@405f400000000000    100576f0     bot.obj
 0002:000036f8       __real@4060000000000000    100576f8     bot.obj
 0002:00003700       __real@4062c00000000000    10057700     bot.obj
 0002:00003708       __real@4066800000000000    10057708     bot.obj
 0002:00003710       __real@4069000000000000    10057710     bot.obj
 0002:00003718       __real@406e000000000000    10057718     bot.obj
 0002:00003720       __real@407f400000000000    10057720     bot.obj
 0002:00003728       __real@40800000            10057728     bot.obj
 0002:00003730       __real@4089000000000000    10057730     bot.obj
 0002:00003738       __real@408f400000000000    10057738     bot.obj
 0002:00003740       __real@40a00000            10057740     bot.obj
 0002:00003748       __real@40b0000000000000    10057748     bot.obj
 0002:00003750       __real@41200000            10057750     bot.obj
 0002:00003754       __real@41400000            10057754     bot.obj
[...]
 0003:00005374       ?vecEnd@?1??BotFindEnemy@@YA_NPAUbot_t@@@Z@4VVector@@A 10068374     bot_combat.obj
 0003:00005380       ?distance@?1??BotFindEnemy@@YA_NPAUbot_t@@@Z@4MA 10068380     bot_combat.obj
 0003:00005384       ?distance2@?1??BotFindEnemy@@YA_NPAUbot_t@@@Z@4MA 10068384     bot_combat.obj
 0003:00005388       ?FrDistLastEn@?1??BotFindEnemy@@YA_NPAUbot_t@@@Z@4MA 10068388     bot_combat.obj
 0003:0000538c       ?nearestdistance@?1??BotFindEnemy@@YA_NPAUbot_t@@@Z@4MA 1006838c     bot_combat.obj
 0003:00005390       ?pNewEnemy@?1??BotFindEnemy@@YA_NPAUbot_t@@@Z@4PAUedict_s@@A 10068390     bot_combat.obj
 0003:00005394       ?pNewEnemy2@?1??BotFindEnemy@@YA_NPAUbot_t@@@Z@4PAUedict_s@@A 10068394     bot_combat.obj
 0003:00005398       ?pPlayer@?1??BotFindEnemy@@YA_NPAUbot_t@@@Z@4PAUedict_s@@A 10068398     bot_combat.obj
 0003:0000539c       ?pEdict@?1??BotFindEnemy@@YA_NPAUbot_t@@@Z@4PAUedict_s@@A 1006839c     bot_combat.obj
 0003:000053a0       ?pFriendlyBot@?1??BotFindEnemy@@YA_NPAUbot_t@@@Z@4PAU2@A 100683a0     bot_combat.obj
 0003:000053a4       ?vecVisible@?1??BotFindEnemy@@YA_NPAUbot_t@@@Z@4VVector@@A 100683a4     bot_combat.obj
 0003:000053b0       ?vecVisible2@?1??BotFindEnemy@@YA_NPAUbot_t@@@Z@4VVector@@A 100683b0     bot_combat.obj
 0003:000053bc       ?vecVisible3@?1??BotFindEnemy@@YA_NPAUbot_t@@@Z@4VVector@@A 100683bc     bot_combat.obj
 0003:000053c8       ?cHit@?1??BotFindEnemy@@YA_NPAUbot_t@@@Z@4EA 100683c8     bot_combat.obj
 0003:000053c9       ?cHit2@?1??BotFindEnemy@@YA_NPAUbot_t@@@Z@4EA 100683c9     bot_combat.obj
 0003:000053ca       ?cHit3@?1??BotFindEnemy@@YA_NPAUbot_t@@@Z@4EA 100683ca     bot_combat.obj
 0003:000053d0       ?szBotEnemyModelName@?1??BotFindEnemy@@YA_NPAUbot_t@@@Z@4PADA 100683d0     bot_combat.obj
 0003:00005410       ?i@?1??BotFindEnemy@@YA_NPAUbot_t@@@Z@4HA 10068410     bot_combat.obj
 0003:00005414       ?j@?1??BotFindEnemy@@YA_NPAUbot_t@@@Z@4HA 10068414     bot_combat.obj
 0003:00005418       ?iEnemyIndex@?1??BotFindEnemy@@YA_NPAUbot_t@@@Z@4HA 10068418     bot_combat.obj
 0003:0000541c       ?vecRandom@?1??BotFindEnemy@@YA_NPAUbot_t@@@Z@4VVector@@A 1006841c     bot_combat.obj
 0003:00005428       ?vecOrg@?1??BotFindEnemy@@YA_NPAUbot_t@@@Z@4VVector@@A 10068428     bot_combat.obj
 0003:00005434       ?iWeapId@?1??BotBodyTarget@@YA?AVVector@@PAUedict_s@@PAUbot_t@@@Z@4HA 10068434     bot_combat.obj
 0003:00005438       ?iEnemyIndex@?1??BotBodyTarget@@YA?AVVector@@PAUedict_s@@PAUbot_t@@@Z@4HA 10068438     bot_combat.obj
 0003:0000543c       ?target@?1??BotBodyTarget@@YA?AVVector@@PAUedict_s@@PAUbot_t@@@Z@4V2@A 1006843c     bot_combat.obj
 0003:00005448       ?ucVis@?1??BotBodyTarget@@YA?AVVector@@PAUedict_s@@PAUbot_t@@@Z@4EA 10068448     bot_combat.obj
 0003:0000544c       ?pEdict@?1??BotBodyTarget@@YA?AVVector@@PAUedict_s@@PAUbot_t@@@Z@4PAU3@A 1006844c     bot_combat.obj
 0003:00005450       ?fDistance@?1??BotBodyTarget@@YA?AVVector@@PAUedict_s@@PAUbot_t@@@Z@4MA 10068450     bot_combat.obj
 0003:00005454       ?vecVel@?1??BotBodyTarget@@YA?AVVector@@PAUedict_s@@PAUbot_t@@@Z@4V2@A 10068454     bot_combat.obj
 0003:00005460       ?vecRandom@?1??BotBodyTarget@@YA?AVVector@@PAUedict_s@@PAUbot_t@@@Z@4V2@A 10068460     bot_combat.obj
 0003:0000546c       ?bBotUsesSniper@?1??BotBodyTarget@@YA?AVVector@@PAUedict_s@@PAUbot_t@@@Z@4_NA 1006846c     bot_combat.obj
 0003:0000546d       ?bBotUsesPistol@?1??BotBodyTarget@@YA?AVVector@@PAUedict_s@@PAUbot_t@@@Z@4_NA 1006846d     bot_combat.obj
 0003:0000546e       ?bBotUsesAssaultSniper@?1??BotBodyTarget@@YA?AVVector@@PAUedict_s@@PAUbot_t@@@Z@4_NA 1006846e     bot_combat.obj
 0003:0000546f       ?bBotUsesSubmachine@?1??BotBodyTarget@@YA?AVVector@@PAUedict_s@@PAUbot_t@@@Z@4_NA 1006846f     bot_combat.obj
 0003:00005470       ?bBotUsesRifle@?1??BotBodyTarget@@YA?AVVector@@PAUedict_s@@PAUbot_t@@@Z@4_NA 10068470     bot_combat.obj
 0003:00005471       ?bEnemyTeamnate@?1??BotBodyTarget@@YA?AVVector@@PAUedict_s@@PAUbot_t@@@Z@4_NA 10068471     bot_combat.obj
 0003:00005474       ?fRandomFactor@?1??BotBodyTarget@@YA?AVVector@@PAUedict_s@@PAUbot_t@@@Z@4MA 10068474     bot_combat.obj
 0003:00005478       ?pEdict@?1??BotFocusEnemy@@YAXPAUbot_t@@@Z@4PAUedict_s@@A 10068478     bot_combat.obj
 0003:0000547c       ?flDotStart@?1??BotFocusEnemy@@YAXPAUbot_t@@@Z@4MA 1006847c     bot_combat.obj
 0003:00005480       ?flDotStop@?1??BotFocusEnemy@@YAXPAUbot_t@@@Z@4MA 10068480     bot_combat.obj
 0003:00005484       ?fSqDist@?1??BotFocusEnemy@@YAXPAUbot_t@@@Z@4MA 10068484     bot_combat.obj
 0003:00005488       ?vecDist@?1??BotFocusEnemy@@YAXPAUbot_t@@@Z@4VVector@@A 10068488     bot_combat.obj
 0003:00005494       ?f_distance@?1??BotFocusEnemy@@YAXPAUbot_t@@@Z@4MA 10068494     bot_combat.obj
 0003:00005498       ?fOffset@?1??BotFocusEnemy@@YAXPAUbot_t@@@Z@4MA 10068498     bot_combat.obj
 0003:0000549c       ?flDot@?1??BotFocusEnemy@@YAXPAUbot_t@@@Z@4MA 1006849c     bot_combat.obj
 0003:000054a0       ?flEnemyDot@?1??BotFocusEnemy@@YAXPAUbot_t@@@Z@4MA 100684a0     bot_combat.obj
 0003:000054a4       ?vecEnemy@?1??BotFocusEnemy@@YAXPAUbot_t@@@Z@4VVector@@A 100684a4     bot_combat.obj
 0003:0007ef48       ?gblExpand@?1??AStarSearch@@YAPAUpathnode@@PAU2@P6AH0@Z11P6APAU2@0@ZP6AH00@Z@Z@4HA 100e1f48     bot_navigate.obj
 0003:0007ef4c       ?pOtherBot@?1??GetBestNextWaypoint@@YA_NPAUbot_t@@@Z@4PAU2@A 100e1f4c     bot_navigate.obj
 0003:0007ef50       ?bWaypointInUse@?1??GetBestNextWaypoint@@YA_NPAUbot_t@@@Z@4_NA 100e1f50     bot_navigate.obj
 0003:0007ef51       ?bCurrentWaypointIndexOK@?1??GetBestNextWaypoint@@YA_NPAUbot_t@@@Z@4_NA 100e1f51     bot_navigate.obj
 0003:0007ef54       ?c@?1??GetBestNextWaypoint@@YA_NPAUbot_t@@@Z@4HA 100e1f54     bot_navigate.obj
 0003:0007ef58       ?iCurrentWaypointIndex@?1??GetBestNextWaypoint@@YA_NPAUbot_t@@@Z@4HA 100e1f58     bot_navigate.obj
 0003:0007ef60       ?iUsedWaypoints@?1??GetBestNextWaypoint@@YA_NPAUbot_t@@@Z@4PAHA 100e1f60     bot_navigate.obj
 0003:0007efe0       ?vecWPOrigin@?1??GetBestNextWaypoint@@YA_NPAUbot_t@@@Z@4VVector@@A 100e1fe0     bot_navigate.obj
 0003:0007efec       ?pEdict@?1??BotHeadTowardWaypoint@@YA_NPAUbot_t@@@Z@4PAUedict_s@@A 100e1fec     bot_navigate.obj
 0003:0007eff0       ?tr@?1??BotHeadTowardWaypoint@@YA_NPAUbot_t@@@Z@4UTraceResult@@A 100e1ff0     bot_navigate.obj
 0003:0007f028       ?bWill_jump@?1??BotHeadTowardWaypoint@@YA_NPAUbot_t@@@Z@4_NA 100e2028     bot_navigate.obj
 0003:0007f02c       ?fKills@?1??BotHeadTowardWaypoint@@YA_NPAUbot_t@@@Z@4MA 100e202c     bot_navigate.obj
 0003:0007f030       ?fTime@?1??BotHeadTowardWaypoint@@YA_NPAUbot_t@@@Z@4MA 100e2030     bot_navigate.obj
 0003:0007f034       ?fJump_distance@?1??BotHeadTowardWaypoint@@YA_NPAUbot_t@@@Z@4MA 100e2034     bot_navigate.obj
 0003:0007f038       ?i@?1??BotHeadTowardWaypoint@@YA_NPAUbot_t@@@Z@4HA 100e2038     bot_navigate.obj
 0003:0007f03c       ?iWaypoint@?1??BotHeadTowardWaypoint@@YA_NPAUbot_t@@@Z@4HA 100e203c     bot_navigate.obj
 0003:0007f040       ?max_random@?1??BotHeadTowardWaypoint@@YA_NPAUbot_t@@@Z@4JA 100e2040     bot_navigate.obj
 0003:0007f044       ?v_src@?1??BotHeadTowardWaypoint@@YA_NPAUbot_t@@@Z@4VVector@@A 100e2044     bot_navigate.obj
 0003:0007f050       ?v_dest@?1??BotHeadTowardWaypoint@@YA_NPAUbot_t@@@Z@4VVector@@A 100e2050     bot_navigate.obj
 0003:0007f05c       ?pPath@?1??BotHeadTowardWaypoint@@YA_NPAUbot_t@@@Z@4PAUpath@@A 100e205c     bot_navigate.obj
 0003:0007f060       ?pEdict@?1??BotDoWaypointNav@@YA_NPAUbot_t@@@Z@4PAUedict_s@@A 100e2060     bot_navigate.obj
 0003:0007f064       ?tr@?1??BotDoWaypointNav@@YA_NPAUbot_t@@@Z@4UTraceResult@@A 100e2064     bot_navigate.obj
 0003:0007f09c       ?tr2@?1??BotDoWaypointNav@@YA_NPAUbot_t@@@Z@4UTraceResult@@A 100e209c     bot_navigate.obj
 0003:0007f0d4       ?tr3@?1??BotDoWaypointNav@@YA_NPAUbot_t@@@Z@4UTraceResult@@A 100e20d4     bot_navigate.obj
 0003:0007f10c       ?tr4@?1??BotDoWaypointNav@@YA_NPAUbot_t@@@Z@4UTraceResult@@A 100e210c     bot_navigate.obj
 0003:0007f144       ?bFoundGround@?1??BotDoWaypointNav@@YA_NPAUbot_t@@@Z@4_NA 100e2144     bot_navigate.obj
 0003:0007f145       ?bLiftExistDoorClosed@?1??BotDoWaypointNav@@YA_NPAUbot_t@@@Z@4_NA 100e2145     bot_navigate.obj
 0003:0007f146       ?bNeedWait@?1??BotDoWaypointNav@@YA_NPAUbot_t@@@Z@4_NA 100e2146     bot_navigate.obj
 0003:0007f147       ?bLiftUsed@?1??BotDoWaypointNav@@YA_NPAUbot_t@@@Z@4_NA 100e2147     bot_navigate.obj
 0003:0007f148       ?bPathValid@?1??BotDoWaypointNav@@YA_NPAUbot_t@@@Z@4_NA 100e2148     bot_navigate.obj
 0003:0007f149       ?bDoorHasTargetButton@?1??BotDoWaypointNav@@YA_NPAUbot_t@@@Z@4_NA 100e2149     bot_navigate.obj
 0003:0007f14a       ?bPreviousWP_OK@?1??BotDoWaypointNav@@YA_NPAUbot_t@@@Z@4_NA 100e214a     bot_navigate.obj
 0003:0007f14c       ?f_button_distance@?1??BotDoWaypointNav@@YA_NPAUbot_t@@@Z@4MA 100e214c     bot_navigate.obj
 0003:0007f150       ?f_button_min_distance@?1??BotDoWaypointNav@@YA_NPAUbot_t@@@Z@4MA 100e2150     bot_navigate.obj
 0003:0007f154       ?fDistance@?1??BotDoWaypointNav@@YA_NPAUbot_t@@@Z@4MA 100e2154     bot_navigate.obj
 0003:0007f158       ?fDesiredDistance@?1??BotDoWaypointNav@@YA_NPAUbot_t@@@Z@4MA 100e2158     bot_navigate.obj
 0003:0007f15c       ?wpt_distance@?1??BotDoWaypointNav@@YA_NPAUbot_t@@@Z@4MA 100e215c     bot_navigate.obj
 0003:0007f160       ?flDot@?1??BotDoWaypointNav@@YA_NPAUbot_t@@@Z@4MA 100e2160     bot_navigate.obj
 0003:0007f164       ?fCone@?1??BotDoWaypointNav@@YA_NPAUbot_t@@@Z@4MA 100e2164     bot_navigate.obj
 0003:0007f168       ?f_tr2FlFraction@?1??BotDoWaypointNav@@YA_NPAUbot_t@@@Z@4MA 100e2168     bot_navigate.obj
 0003:0007f16c       ?f_tr3FlFraction@?1??BotDoWaypointNav@@YA_NPAUbot_t@@@Z@4MA 100e216c     bot_navigate.obj
 0003:0007f170       ?fOwnLightLevel@?1??BotDoWaypointNav@@YA_NPAUbot_t@@@Z@4MA 100e2170     bot_navigate.obj
 0003:0007f174       ?i@?1??BotDoWaypointNav@@YA_NPAUbot_t@@@Z@4HA 100e2174     bot_navigate.obj
 0003:0007f178       ?iWPTValue@?1??BotDoWaypointNav@@YA_NPAUbot_t@@@Z@4HA 100e2178     bot_navigate.obj
 0003:0007f17c       ?iStartIndex@?1??BotDoWaypointNav@@YA_NPAUbot_t@@@Z@4HA 100e217c     bot_navigate.obj
 0003:0007f180       ?iGoalIndex@?1??BotDoWaypointNav@@YA_NPAUbot_t@@@Z@4HA 100e2180     bot_navigate.obj
 0003:0007f184       ?iWPTIndex@?1??BotDoWaypointNav@@YA_NPAUbot_t@@@Z@4HA 100e2184     bot_navigate.obj
 0003:0007f188       ?iTempIndex@?1??BotDoWaypointNav@@YA_NPAUbot_t@@@Z@4HA 100e2188     bot_navigate.obj
 0003:0007f18c       ?iPreviousWpt@?1??BotDoWaypointNav@@YA_NPAUbot_t@@@Z@4HA 100e218c     bot_navigate.obj
 0003:0007f190       ?iAmountLooped@?1??BotDoWaypointNav@@YA_NPAUbot_t@@@Z@4HA 100e2190     bot_navigate.obj
 0003:0007f194       ?iButtonPushProp@?1??BotDoWaypointNav@@YA_NPAUbot_t@@@Z@4HA 100e2194     bot_navigate.obj
 0003:0007f198       ?EntHitIndex@?1??BotDoWaypointNav@@YA_NPAUbot_t@@@Z@4HA 100e2198     bot_navigate.obj
 0003:0007f19c       ?iStrLen@?1??BotDoWaypointNav@@YA_NPAUbot_t@@@Z@4IA 100e219c     bot_navigate.obj
 0003:0007f1a0       ?cNearestButtonIndex@?1??BotDoWaypointNav@@YA_NPAUbot_t@@@Z@4CA 100e21a0     bot_navigate.obj
 0003:0007f1a1       ?cCollStateIndex@?1??BotDoWaypointNav@@YA_NPAUbot_t@@@Z@4DA 100e21a1     bot_navigate.obj
 0003:0007f1a4       ?v_trace_start@?1??BotDoWaypointNav@@YA_NPAUbot_t@@@Z@4VVector@@A 100e21a4     bot_navigate.obj
 0003:0007f1b0       ?v_trace_end@?1??BotDoWaypointNav@@YA_NPAUbot_t@@@Z@4VVector@@A 100e21b0     bot_navigate.obj
 0003:0007f1bc       ?vecDirection@?1??BotDoWaypointNav@@YA_NPAUbot_t@@@Z@4VVector@@A 100e21bc     bot_navigate.obj
 0003:0007f1c8       ?v_button_origin@?1??BotDoWaypointNav@@YA_NPAUbot_t@@@Z@4VVector@@A 100e21c8     bot_navigate.obj
 0003:0007f1d4       ?vecOrg@?1??BotDoWaypointNav@@YA_NPAUbot_t@@@Z@4VVector@@A 100e21d4     bot_navigate.obj
 0003:0007f1e0       ?vBotOrigin@?1??BotDoWaypointNav@@YA_NPAUbot_t@@@Z@4VVector@@A 100e21e0     bot_navigate.obj
 0003:0007f1ec       ?vWptLadder@?1??BotDoWaypointNav@@YA_NPAUbot_t@@@Z@4VVector@@A 100e21ec     bot_navigate.obj
 0003:0007f1f8       ?vPlayerOrigin@?1??BotDoWaypointNav@@YA_NPAUbot_t@@@Z@4VVector@@A 100e21f8     bot_navigate.obj
 0003:0007f204       ?v_src@?1??BotDoWaypointNav@@YA_NPAUbot_t@@@Z@4VVector@@A 100e2204     bot_navigate.obj
 0003:0007f210       ?v_tr23_start@?1??BotDoWaypointNav@@YA_NPAUbot_t@@@Z@4VVector@@A 100e2210     bot_navigate.obj
 0003:0007f21c       ?v_OriginNextFrame@?1??BotDoWaypointNav@@YA_NPAUbot_t@@@Z@4VVector@@A 100e221c     bot_navigate.obj
 0003:0008c900       ?pPlayer@?1??StartFrame@@YAXXZ@4PAUedict_s@@A 100ef900     dll.obj
 0003:0008c904       ?i@?1??StartFrame@@YAXXZ@4HA 100ef904     dll.obj
 0003:0008c908       ?player_index@?1??StartFrame@@YAXXZ@4HA 100ef908     dll.obj
 0003:0008c90c       ?bot_index@?1??StartFrame@@YAXXZ@4HA 100ef90c     dll.obj
 0003:0008c910       ?cmd_line@?1??StartFrame@@YAXXZ@4PADA 100ef910     dll.obj
 0003:0008c960       ?szDirectory@?1??StartFrame@@YAXXZ@4PADA 100ef960     dll.obj
 0003:0008ca60       ?cmd1@?1??StartFrame@@YAXXZ@4PADA 100efa60     dll.obj
 0003:0008cae0       ?cmd2@?1??StartFrame@@YAXXZ@4PADA 100efae0     dll.obj
 0003:0008cb60       ?arg1@?1??StartFrame@@YAXXZ@4PADA 100efb60     dll.obj
 0003:0008cbe0       ?arg2@?1??StartFrame@@YAXXZ@4PADA 100efbe0     dll.obj
 0003:0008cc60       ?arg3@?1??StartFrame@@YAXXZ@4PADA 100efc60     dll.obj
 0003:0008cce0       ?arg4@?1??StartFrame@@YAXXZ@4PADA 100efce0     dll.obj
 0003:0008cd60       ?arg5@?1??StartFrame@@YAXXZ@4PADA 100efd60     dll.obj
 0003:0008cde0       ?bAliveHumans@?1??StartFrame@@YAXXZ@4_NA 100efde0     dll.obj
 0003:0008cde4       ?sending@?1??Pfn_UpdateClientData@@YAXPBUedict_s@@HPAUclientdata_s@@@Z@4HA 100efde4     dll.obj
 0003:0008cde8       ?bot_index@?1??Pfn_UpdateClientData@@YAXPBUedict_s@@HPAUclientdata_s@@@Z@4HA 100efde8     dll.obj
 0003:0008cdec       ?pPlayer@?1??Pfn_UpdateClientData@@YAXPBUedict_s@@HPAUclientdata_s@@@Z@4PAU2@A 100efdec     dll.obj
 0003:0008cdf0       ?command@?1??FakeClientCommand@@YAXPAUedict_s@@PBDZZ@4PADA 100efdf0     dll.obj
 0003:0008cef0       ?field@?1??GetField@@YAPBDPBDH@Z@4PADA 100efef0     dll.obj
 0003:0008d268       ?WeaponList@@3HA           100f0268     engine.obj
 0003:0008d26c       ?CurWeapon@@3HA            100f026c     engine.obj
 0003:0008d270       ?AmmoX@@3HA                100f0270     engine.obj
 0003:0008d274       ?AmmoPickup@@3HA           100f0274     engine.obj
 0003:0008d278       ?Damage@@3HA               100f0278     engine.obj
 0003:0008d27c       ?ScreenFade@@3HA           100f027c     engine.obj
 0003:0008d280       ?DeathMsg@@3HA             100f0280     engine.obj
 0003:0008d284       ?BarTime@@3HA              100f0284     engine.obj
 0003:0008d288       ?BombDrop@@3HA             100f0288     engine.obj
 0003:0008d28c       ?BombPickup@@3HA           100f028c     engine.obj
 0003:0008d290       ?Money@@3HA                100f0290     engine.obj
 0003:0008d294       ?ResetHUD@@3HA             100f0294     engine.obj
 0003:0008d298       ?SayText@@3HA              100f0298     engine.obj
 0003:0008d29c       ?ShowMenu@@3HA             100f029c     engine.obj
 0003:0008d2a0       ?StatusIcon@@3HA           100f02a0     engine.obj
 0003:0008d2a4       ?VGUIMenu@@3HA             100f02a4     engine.obj
 0003:0008d2a8       ?TextMsg@@3HA              100f02a8     engine.obj
 0003:0008d2ac       ?HLTV@@3HA                 100f02ac     engine.obj
 0003:0008d2b0       ?ScoreInfo@@3HA            100f02b0     engine.obj
 0003:0008d2b4       ?ScoreAttrib@@3HA          100f02b4     engine.obj
 0003:0008d2b8       ?TeamInfo@@3HA             100f02b8     engine.obj
 0003:0008d2bc       ?TeamScore@@3HA            100f02bc     engine.obj
 0003:0008d2c0       ?RoundTime@@3HA            100f02c0     engine.obj
 0003:0008d2c4       ?FlashBat@@3HA             100f02c4     engine.obj
 0003:0008d2c8       ?NVGToggle@@3HA            100f02c8     engine.obj
 0003:0008d2d0       ?string@?1??pfnClientCommand@@YAXPAUedict_s@@PADZZ@4PADA 100f02d0     engine.obj
 0003:0008d6d0       ?index@?1??pfnMessageBegin@@YAXHHPBMPAUedict_s@@@Z@4HA 100f06d0     engine.obj
 0003:0008d6d4       ?tab_index@?1??pfnMessageBegin@@YAXHHPBMPAUedict_s@@@Z@4HA 100f06d4     engine.obj
 0003:0008d6d8       ?pPlayer@?1??C_MessageEnd_Post@@YAXXZ@4PAUedict_s@@A 100f06d8     engine.obj
 0003:0008d6dc       ?i@?1??C_MessageEnd_Post@@YAXXZ@4HA 100f06dc     engine.obj
 0003:0008d6e0       ?player_index@?1??C_MessageEnd_Post@@YAXXZ@4HA 100f06e0     engine.obj
 0003:0008d6e4       ?sending@?1??C_MessageEnd_Post@@YAXXZ@4HA 100f06e4     engine.obj
 0003:0008d6e8       ?i@?1??FBoxVisible@@YA_NPAUbot_t@@PAUedict_s@@PAVVector@@PAE@Z@4HA 100f06e8     util.obj
 0003:0008d6ec       ?RenderFx@?1??FBoxVisible@@YA_NPAUbot_t@@PAUedict_s@@PAVVector@@PAE@Z@4HA 100f06ec     util.obj
 0003:0008d6f0       ?RenderMode@?1??FBoxVisible@@YA_NPAUbot_t@@PAUedict_s@@PAVVector@@PAE@Z@4HA 100f06f0     util.obj
 0003:0008d6f4       ?TargetEntIndex@?1??FBoxVisible@@YA_NPAUbot_t@@PAUedict_s@@PAVVector@@PAE@Z@4HA 100f06f4     util.obj
 0003:0008d6f8       ?TargetWeapon@?1??FBoxVisible@@YA_NPAUbot_t@@PAUedict_s@@PAVVector@@PAE@Z@4HA 100f06f8     util.obj
 0003:0008d6fc       ?RenderColor@?1??FBoxVisible@@YA_NPAUbot_t@@PAUedict_s@@PAVVector@@PAE@Z@4V4@A 100f06fc     util.obj
 0003:0008d708       ?RenderAmount@?1??FBoxVisible@@YA_NPAUbot_t@@PAUedict_s@@PAVVector@@PAE@Z@4MA 100f0708     util.obj
 0003:0008d70c       ?LightLevel@?1??FBoxVisible@@YA_NPAUbot_t@@PAUedict_s@@PAVVector@@PAE@Z@4MA 100f070c     util.obj
 0003:0008d710       ?SemiTransparent@?1??FBoxVisible@@YA_NPAUbot_t@@PAUedict_s@@PAVVector@@PAE@Z@4_NA 100f0710     util.obj
 0003:0008d711       ?WeaponIsGun@?1??FBoxVisible@@YA_NPAUbot_t@@PAUedict_s@@PAVVector@@PAE@Z@4_NA 100f0711     util.obj
 0003:0008d714       ?tr@?1??FBoxVisible@@YA_NPAUbot_t@@PAUedict_s@@PAVVector@@PAE@Z@4UTraceResult@@A 100f0714     util.obj
 0003:0008d74c       ?vecLookerOrigin@?1??FBoxVisible@@YA_NPAUbot_t@@PAUedict_s@@PAVVector@@PAE@Z@4V4@A 100f074c     util.obj
 0003:0008d758       ?vecTarget@?1??FBoxVisible@@YA_NPAUbot_t@@PAUedict_s@@PAVVector@@PAE@Z@4V4@A 100f0758     util.obj
 0003:0008d764       ?vecEnDirection@?1??FBoxVisible@@YA_NPAUbot_t@@PAUedict_s@@PAVVector@@PAE@Z@4V4@A 100f0764     util.obj
 0003:0008d770       ?pEdict@?1??FBoxVisible@@YA_NPAUbot_t@@PAUedict_s@@PAVVector@@PAE@Z@4PAU3@A 100f0770     util.obj
 0003:0008d778       ?pszMessage@?1??UTIL_HostPrint@@YAXPBDZZ@4PADA 100f0778     util.obj
 0003:0008db78       ?pszMessage@?1??UTIL_ServerPrint@@YAXPBDZZ@4PADA 100f0b78     util.obj
 0003:0008df78       ?_Tss_mutex@@3U_RTL_CRITICAL_SECTION@@A 100f0f78     MSVCRT:thread_safe_statics.obj
 0003:0008df90       ?_Tss_cv@@3U_RTL_CONDITION_VARIABLE@@A 100f0f90     MSVCRT:thread_safe_statics.obj
 0003:0008df94       ?_Tss_event@@3PAXA         100f0f94     MSVCRT:thread_safe_statics.obj
 0003:0008df98       ?encoded_sleep_condition_variable_cs@@3P6GHPAU_RTL_CONDITION_VARIABLE@@PAU_RTL_CRITICAL_SECTION@@K@ZA 100f0f98     MSVCRT:thread_safe_statics.obj
 0003:0008df9c       ?encoded_wake_all_condition_variable@@3P6GXPAU_RTL_CONDITION_VARIABLE@@@ZA 100f0f9c     MSVCRT:thread_safe_statics.obj
 0003:0008dfa8       _GS_ExceptionRecord        100f0fa8     MSVCRT:gs_report.obj
 0003:0008dff8       _GS_ContextRecord          100f0ff8     MSVCRT:gs_report.obj
 0003:0008e2c4       ?__proc_attached@@3HA      100f12c4     MSVCRT:dll_dllmain.obj
 0003:0008e2c8       ?module_local_atexit_table@@3U_onexit_table_t@@A 100f12c8     MSVCRT:utility.obj
 0003:0008e2d4       ?module_local_at_quick_exit_table@@3U_onexit_table_t@@A 100f12d4     MSVCRT:utility.obj
 0003:0008e2e0       ?module_local_atexit_table_initialized@@3_NA 100f12e0     MSVCRT:utility.obj
 0003:0008e2ec       ?is_initialized_as_dll@@3_NA 100f12ec     MSVCRT:utility.obj
 0004:00000060       $R000000                   100f2060     podbot_mm.res
